Archive member included to satisfy reference by file (symbol)

/usr/lib/gcc/arm-none-eabi/10.1.0/../../../../arm-none-eabi/lib/thumb/v6-m/nofp/libc_nano.a(lib_a-atexit.o)
                              /usr/lib/gcc/arm-none-eabi/10.1.0/../../../../arm-none-eabi/lib/thumb/v6-m/nofp/crt0.o (atexit)
/usr/lib/gcc/arm-none-eabi/10.1.0/../../../../arm-none-eabi/lib/thumb/v6-m/nofp/libc_nano.a(lib_a-exit.o)
                              /usr/lib/gcc/arm-none-eabi/10.1.0/../../../../arm-none-eabi/lib/thumb/v6-m/nofp/crt0.o (exit)
/usr/lib/gcc/arm-none-eabi/10.1.0/../../../../arm-none-eabi/lib/thumb/v6-m/nofp/libc_nano.a(lib_a-fini.o)
                              /usr/lib/gcc/arm-none-eabi/10.1.0/../../../../arm-none-eabi/lib/thumb/v6-m/nofp/crt0.o (__libc_fini_array)
/usr/lib/gcc/arm-none-eabi/10.1.0/../../../../arm-none-eabi/lib/thumb/v6-m/nofp/libc_nano.a(lib_a-impure.o)
                              /usr/lib/gcc/arm-none-eabi/10.1.0/../../../../arm-none-eabi/lib/thumb/v6-m/nofp/libc_nano.a(lib_a-exit.o) (_global_impure_ptr)
/usr/lib/gcc/arm-none-eabi/10.1.0/../../../../arm-none-eabi/lib/thumb/v6-m/nofp/libc_nano.a(lib_a-init.o)
                              /usr/lib/gcc/arm-none-eabi/10.1.0/../../../../arm-none-eabi/lib/thumb/v6-m/nofp/crt0.o (__libc_init_array)
/usr/lib/gcc/arm-none-eabi/10.1.0/../../../../arm-none-eabi/lib/thumb/v6-m/nofp/libc_nano.a(lib_a-memcpy-stub.o)
                              build/stm32f0xx_hal_rcc.o (memcpy)
/usr/lib/gcc/arm-none-eabi/10.1.0/../../../../arm-none-eabi/lib/thumb/v6-m/nofp/libc_nano.a(lib_a-memset.o)
                              /usr/lib/gcc/arm-none-eabi/10.1.0/../../../../arm-none-eabi/lib/thumb/v6-m/nofp/crt0.o (memset)
/usr/lib/gcc/arm-none-eabi/10.1.0/../../../../arm-none-eabi/lib/thumb/v6-m/nofp/libc_nano.a(lib_a-sprintf.o)
                              build/main.o (sprintf)
/usr/lib/gcc/arm-none-eabi/10.1.0/../../../../arm-none-eabi/lib/thumb/v6-m/nofp/libc_nano.a(lib_a-strcpy.o)
                              build/main.o (strcpy)
/usr/lib/gcc/arm-none-eabi/10.1.0/../../../../arm-none-eabi/lib/thumb/v6-m/nofp/libc_nano.a(lib_a-__atexit.o)
                              /usr/lib/gcc/arm-none-eabi/10.1.0/../../../../arm-none-eabi/lib/thumb/v6-m/nofp/libc_nano.a(lib_a-atexit.o) (__register_exitproc)
/usr/lib/gcc/arm-none-eabi/10.1.0/../../../../arm-none-eabi/lib/thumb/v6-m/nofp/libc_nano.a(lib_a-__call_atexit.o)
                              /usr/lib/gcc/arm-none-eabi/10.1.0/../../../../arm-none-eabi/lib/thumb/v6-m/nofp/libc_nano.a(lib_a-__atexit.o) (__call_exitprocs)
/usr/lib/gcc/arm-none-eabi/10.1.0/../../../../arm-none-eabi/lib/thumb/v6-m/nofp/libc_nano.a(lib_a-lock.o)
                              /usr/lib/gcc/arm-none-eabi/10.1.0/../../../../arm-none-eabi/lib/thumb/v6-m/nofp/libc_nano.a(lib_a-__atexit.o) (__retarget_lock_acquire_recursive)
/usr/lib/gcc/arm-none-eabi/10.1.0/../../../../arm-none-eabi/lib/thumb/v6-m/nofp/libc_nano.a(lib_a-nano-svfprintf.o)
                              /usr/lib/gcc/arm-none-eabi/10.1.0/../../../../arm-none-eabi/lib/thumb/v6-m/nofp/libc_nano.a(lib_a-sprintf.o) (_svfprintf_r)
/usr/lib/gcc/arm-none-eabi/10.1.0/../../../../arm-none-eabi/lib/thumb/v6-m/nofp/libc_nano.a(lib_a-nano-vfprintf_i.o)
                              /usr/lib/gcc/arm-none-eabi/10.1.0/../../../../arm-none-eabi/lib/thumb/v6-m/nofp/libc_nano.a(lib_a-nano-svfprintf.o) (_printf_i)
/usr/lib/gcc/arm-none-eabi/10.1.0/../../../../arm-none-eabi/lib/thumb/v6-m/nofp/libc_nano.a(lib_a-memchr-stub.o)
                              /usr/lib/gcc/arm-none-eabi/10.1.0/../../../../arm-none-eabi/lib/thumb/v6-m/nofp/libc_nano.a(lib_a-nano-svfprintf.o) (memchr)
/usr/lib/gcc/arm-none-eabi/10.1.0/../../../../arm-none-eabi/lib/thumb/v6-m/nofp/libc_nano.a(lib_a-memmove.o)
                              /usr/lib/gcc/arm-none-eabi/10.1.0/../../../../arm-none-eabi/lib/thumb/v6-m/nofp/libc_nano.a(lib_a-nano-svfprintf.o) (memmove)
/usr/lib/gcc/arm-none-eabi/10.1.0/../../../../arm-none-eabi/lib/thumb/v6-m/nofp/libc_nano.a(lib_a-nano-freer.o)
                              /usr/lib/gcc/arm-none-eabi/10.1.0/../../../../arm-none-eabi/lib/thumb/v6-m/nofp/libc_nano.a(lib_a-nano-svfprintf.o) (_free_r)
/usr/lib/gcc/arm-none-eabi/10.1.0/../../../../arm-none-eabi/lib/thumb/v6-m/nofp/libc_nano.a(lib_a-nano-mallocr.o)
                              /usr/lib/gcc/arm-none-eabi/10.1.0/../../../../arm-none-eabi/lib/thumb/v6-m/nofp/libc_nano.a(lib_a-nano-svfprintf.o) (_malloc_r)
/usr/lib/gcc/arm-none-eabi/10.1.0/../../../../arm-none-eabi/lib/thumb/v6-m/nofp/libc_nano.a(lib_a-nano-reallocr.o)
                              /usr/lib/gcc/arm-none-eabi/10.1.0/../../../../arm-none-eabi/lib/thumb/v6-m/nofp/libc_nano.a(lib_a-nano-svfprintf.o) (_realloc_r)
/usr/lib/gcc/arm-none-eabi/10.1.0/../../../../arm-none-eabi/lib/thumb/v6-m/nofp/libc_nano.a(lib_a-sbrkr.o)
                              /usr/lib/gcc/arm-none-eabi/10.1.0/../../../../arm-none-eabi/lib/thumb/v6-m/nofp/libc_nano.a(lib_a-nano-mallocr.o) (_sbrk_r)
[...]
Memory Configuration

Name             Origin             Length             Attributes
RAM              0x0000000020000000 0x0000000000004000 xrw
FLASH            0x0000000008000000 0x0000000000020000 xr
*default*        0x0000000000000000 0xffffffffffffffff

Linker script and memory map

LOAD /usr/lib/gcc/arm-none-eabi/10.1.0/thumb/v6-m/nofp/crti.o
LOAD /usr/lib/gcc/arm-none-eabi/10.1.0/thumb/v6-m/nofp/crtbegin.o
LOAD /usr/lib/gcc/arm-none-eabi/10.1.0/../../../../arm-none-eabi/lib/thumb/v6-m/nofp/crt0.o
LOAD build/stm32f0xx_it.o
LOAD build/stm32f0xx_hal_msp.o
LOAD build/stm32f0xx_hal_adc.o
LOAD build/stm32f0xx_hal_adc_ex.o
LOAD build/stm32f0xx_hal_i2c.o
LOAD build/stm32f0xx_hal_i2c_ex.o
LOAD build/stm32f0xx_hal_iwdg.o
LOAD build/stm32f0xx_hal_tim.o
LOAD build/stm32f0xx_hal_tim_ex.o
LOAD build/stm32f0xx_hal_pcd.o
LOAD build/stm32f0xx_hal_pcd_ex.o
LOAD build/stm32f0xx_hal_rcc.o
LOAD build/stm32f0xx_hal_rcc_ex.o
LOAD build/stm32f0xx_hal.o
LOAD build/stm32f0xx_hal_gpio.o
LOAD build/stm32f0xx_hal_dma.o
LOAD build/stm32f0xx_hal_cortex.o
LOAD build/stm32f0xx_hal_pwr.o
LOAD build/stm32f0xx_hal_pwr_ex.o
LOAD build/stm32f0xx_hal_flash.o
LOAD build/stm32f0xx_hal_flash_ex.o
LOAD build/usbd_core.o
LOAD build/usbd_ctlreq.o
LOAD build/usbd_ioreq.o
LOAD build/usbd_cdc.o
LOAD build/usbd_desc.o
LOAD build/usbd_conf.o
LOAD build/usbd_cdc_interface.o
LOAD build/main.o
LOAD build/stusb4500.o
LOAD build/system_stm32f0xx.o
LOAD build/startup_stm32f072xb.o
LOAD /usr/lib/gcc/arm-none-eabi/10.1.0/../../../../arm-none-eabi/lib/thumb/v6-m/nofp/libc_nano.a
LOAD /usr/lib/gcc/arm-none-eabi/10.1.0/../../../../arm-none-eabi/lib/thumb/v6-m/nofp/libm.a
LOAD /usr/lib/gcc/arm-none-eabi/10.1.0/../../../../arm-none-eabi/lib/thumb/v6-m/nofp/libnosys.a
START GROUP
LOAD /usr/lib/gcc/arm-none-eabi/10.1.0/thumb/v6-m/nofp/libgcc.a
LOAD /usr/lib/gcc/arm-none-eabi/10.1.0/../../../../arm-none-eabi/lib/thumb/v6-m/nofp/libc_nano.a
END GROUP
START GROUP
LOAD /usr/lib/gcc/arm-none-eabi/10.1.0/thumb/v6-m/nofp/libgcc.a
LOAD /usr/lib/gcc/arm-none-eabi/10.1.0/../../../../arm-none-eabi/lib/thumb/v6-m/nofp/libc_nano.a
END GROUP
LOAD /usr/lib/gcc/arm-none-eabi/10.1.0/thumb/v6-m/nofp/crtend.o
LOAD /usr/lib/gcc/arm-none-eabi/10.1.0/thumb/v6-m/nofp/crtn.o
                0x0000000020004000                _estack = 0x20004000
                0x0000000000000200                _Min_Heap_Size = 0x200
                0x0000000000000400                _Min_Stack_Size = 0x400

.isr_vector     0x0000000008000000       0xc0
                0x0000000008000000                . = ALIGN (0x4)
 *(.isr_vector)
 .isr_vector    0x0000000008000000       0xc0 build/startup_stm32f072xb.o
                0x0000000008000000                g_pfnVectors
                0x00000000080000c0                . = ALIGN (0x4)

.text           0x00000000080000c0     0x7960
                0x00000000080000c0                . = ALIGN (0x4)
 *(.text)
 .text          0x00000000080000c0       0x14 /usr/lib/gcc/arm-none-eabi/10.1.0/thumb/v6-m/nofp/libgcc.a(_thumb1_case_uqi.o)
                0x00000000080000c0                __gnu_thumb1_case_uqi
 .text          0x00000000080000d4       0x14 /usr/lib/gcc/arm-none-eabi/10.1.0/thumb/v6-m/nofp/libgcc.a(_thumb1_case_shi.o)
                0x00000000080000d4                __gnu_thumb1_case_shi
 .text          0x00000000080000e8       0x14 /usr/lib/gcc/arm-none-eabi/10.1.0/thumb/v6-m/nofp/libgcc.a(_thumb1_case_uhi.o)
                0x00000000080000e8                __gnu_thumb1_case_uhi
 .text          0x00000000080000fc       0x8c /usr/lib/gcc/arm-none-eabi/10.1.0/thumb/v6-m/nofp/libgcc.a(_udivsi3.o)
                0x00000000080000fc                __udivsi3
                0x00000000080000fc                __aeabi_uidiv
                0x0000000008000174                __aeabi_uidivmod
 .text          0x0000000008000188        0x4 /usr/lib/gcc/arm-none-eabi/10.1.0/thumb/v6-m/nofp/libgcc.a(_dvmd_tls.o)
                0x0000000008000188                __aeabi_ldiv0
                0x0000000008000188                __aeabi_idiv0
 .text          0x000000000800018c       0x18 /usr/lib/gcc/arm-none-eabi/10.1.0/thumb/v6-m/nofp/libgcc.a(_lshrdi3.o)
                0x000000000800018c                __aeabi_llsr
                0x000000000800018c                __lshrdi3
 .text          0x00000000080001a4       0x7c /usr/lib/gcc/arm-none-eabi/10.1.0/thumb/v6-m/nofp/libgcc.a(_arm_cmpdf2.o)
                0x00000000080001a4                __aeabi_cdrcmple
                0x00000000080001b4                __aeabi_cdcmple
                0x00000000080001b4                __aeabi_cdcmpeq
                0x00000000080001c4                __aeabi_dcmpeq
                0x00000000080001d0                __aeabi_dcmplt
                0x00000000080001e4                __aeabi_dcmple
                0x00000000080001f8                __aeabi_dcmpgt
                0x000000000800020c                __aeabi_dcmpge
 .text          0x0000000008000220       0x74 /usr/lib/gcc/arm-none-eabi/10.1.0/thumb/v6-m/nofp/libgcc.a(_arm_cmpsf2.o)
                0x0000000008000220                __aeabi_cfrcmple
                0x0000000008000228                __aeabi_cfcmple
                0x0000000008000228                __aeabi_cfcmpeq
                0x0000000008000238                __aeabi_fcmpeq
                0x0000000008000244                __aeabi_fcmplt
                0x0000000008000258                __aeabi_fcmple
                0x000000000800026c                __aeabi_fcmpgt
                0x0000000008000280                __aeabi_fcmpge
 .text          0x0000000008000294       0x3c /usr/lib/gcc/arm-none-eabi/10.1.0/thumb/v6-m/nofp/libgcc.a(_clzsi2.o)
                0x0000000008000294                __clzsi2
 *(.text*)
 .text.__do_global_dtors_aux
                0x00000000080002d0       0x28 /usr/lib/gcc/arm-none-eabi/10.1.0/thumb/v6-m/nofp/crtbegin.o
 .text.frame_dummy
                0x00000000080002f8       0x20 /usr/lib/gcc/arm-none-eabi/10.1.0/thumb/v6-m/nofp/crtbegin.o
 .text.NMI_Handler
                0x0000000008000318        0x2 build/stm32f0xx_it.o
                0x0000000008000318                NMI_Handler
 .text.HardFault_Handler
                0x000000000800031a        0x2 build/stm32f0xx_it.o
                0x000000000800031a                HardFault_Handler
 .text.SVC_Handler
                0x000000000800031c        0x2 build/stm32f0xx_it.o
                0x000000000800031c                SVC_Handler
 .text.PendSV_Handler
                0x000000000800031e        0x2 build/stm32f0xx_it.o
                0x000000000800031e                PendSV_Handler
 .text.SysTick_Handler
                0x0000000008000320        0x8 build/stm32f0xx_it.o
                0x0000000008000320                SysTick_Handler
 .text.USB_IRQHandler
                0x0000000008000328       0x10 build/stm32f0xx_it.o
                0x0000000008000328                USB_IRQHandler
 .text.ADC1_COMP_IRQHandler
                0x0000000008000338       0x10 build/stm32f0xx_it.o
                0x0000000008000338                ADC1_COMP_IRQHandler
 .text.DMA1_Channel1_IRQHandler
                0x0000000008000348       0x14 build/stm32f0xx_it.o
                0x0000000008000348                DMA1_Channel1_IRQHandler
 .text.TIM1_BRK_UP_TRG_COM_IRQHandler
                0x000000000800035c       0x10 build/stm32f0xx_it.o
                0x000000000800035c                TIM1_BRK_UP_TRG_COM_IRQHandler
 .text.TIM1_CC_IRQHandler
                0x000000000800036c        0x8 build/stm32f0xx_it.o
                0x000000000800036c                TIM1_CC_IRQHandler
 .text.TIM3_IRQHandler
                0x0000000008000374       0x10 build/stm32f0xx_it.o
                0x0000000008000374                TIM3_IRQHandler
 .text.HAL_MspInit
                0x0000000008000384       0x30 build/stm32f0xx_hal_msp.o
                0x0000000008000384                HAL_MspInit
 .text.HAL_ADC_MspInit
                0x00000000080003b4       0x94 build/stm32f0xx_hal_msp.o
                0x00000000080003b4                HAL_ADC_MspInit
 .text.HAL_I2C_MspInit
                0x0000000008000448       0xb8 build/stm32f0xx_hal_msp.o
                0x0000000008000448                HAL_I2C_MspInit
 .text.HAL_TIM_PWM_MspInit
                0x0000000008000500       0x48 build/stm32f0xx_hal_msp.o
                0x0000000008000500                HAL_TIM_PWM_MspInit
 .text.HAL_TIM_MspPostInit
                0x0000000008000548       0x60 build/stm32f0xx_hal_msp.o
                0x0000000008000548                HAL_TIM_MspPostInit
 .text.ADC_Enable
                0x00000000080005a8       0x98 build/stm32f0xx_hal_adc.o
 .text.HAL_ADC_Init
                0x0000000008000640      0x14c build/stm32f0xx_hal_adc.o
                0x0000000008000640                HAL_ADC_Init
 .text.HAL_ADC_Start_DMA
                0x000000000800078c       0x94 build/stm32f0xx_hal_adc.o
                0x000000000800078c                HAL_ADC_Start_DMA
 .text.HAL_ADC_ConvCpltCallback
                0x0000000008000820        0x2 build/stm32f0xx_hal_adc.o
                0x0000000008000820                HAL_ADC_ConvCpltCallback
 *fill*         0x0000000008000822        0x2 
 .text.ADC_DMAConvCplt
                0x0000000008000824       0x70 build/stm32f0xx_hal_adc.o
 .text.HAL_ADC_ConvHalfCpltCallback
                0x0000000008000894        0x2 build/stm32f0xx_hal_adc.o
                0x0000000008000894                HAL_ADC_ConvHalfCpltCallback
 .text.ADC_DMAHalfConvCplt
                0x0000000008000896        0xa build/stm32f0xx_hal_adc.o
 .text.HAL_ADC_LevelOutOfWindowCallback
                0x00000000080008a0        0x2 build/stm32f0xx_hal_adc.o
                0x00000000080008a0                HAL_ADC_LevelOutOfWindowCallback
 .text.HAL_ADC_ErrorCallback
                0x00000000080008a2        0x2 build/stm32f0xx_hal_adc.o
                0x00000000080008a2                HAL_ADC_ErrorCallback
 .text.ADC_DMAError
                0x00000000080008a4       0x1a build/stm32f0xx_hal_adc.o
 *fill*         0x00000000080008be        0x2 
 .text.HAL_ADC_IRQHandler
                0x00000000080008c0       0xe0 build/stm32f0xx_hal_adc.o
                0x00000000080008c0                HAL_ADC_IRQHandler
 .text.HAL_ADC_ConfigChannel
                0x00000000080009a0      0x108 build/stm32f0xx_hal_adc.o
                0x00000000080009a0                HAL_ADC_ConfigChannel
 .text.I2C_Flush_TXDR
                0x0000000008000aa8       0x1c build/stm32f0xx_hal_i2c.o
 .text.I2C_TransferConfig
                0x0000000008000ac4       0x24 build/stm32f0xx_hal_i2c.o
 .text.I2C_WaitOnFlagUntilTimeout
                0x0000000008000ae8       0x4c build/stm32f0xx_hal_i2c.o
 .text.I2C_IsAcknowledgeFailed
                0x0000000008000b34       0x80 build/stm32f0xx_hal_i2c.o
 .text.I2C_WaitOnTXISFlagUntilTimeout
                0x0000000008000bb4       0x5a build/stm32f0xx_hal_i2c.o
 .text.I2C_RequestMemoryWrite
                0x0000000008000c0e       0x6a build/stm32f0xx_hal_i2c.o
 .text.I2C_RequestMemoryRead
                0x0000000008000c78       0x68 build/stm32f0xx_hal_i2c.o
 .text.I2C_WaitOnSTOPFlagUntilTimeout
                0x0000000008000ce0       0x56 build/stm32f0xx_hal_i2c.o
 *fill*         0x0000000008000d36        0x2 
 .text.HAL_I2C_Init
                0x0000000008000d38       0xac build/stm32f0xx_hal_i2c.o
                0x0000000008000d38                HAL_I2C_Init
 .text.HAL_I2C_Master_Transmit
                0x0000000008000de4      0x128 build/stm32f0xx_hal_i2c.o
                0x0000000008000de4                HAL_I2C_Master_Transmit
 .text.HAL_I2C_Mem_Write
                0x0000000008000f0c      0x180 build/stm32f0xx_hal_i2c.o
                0x0000000008000f0c                HAL_I2C_Mem_Write
 .text.HAL_I2C_Mem_Read
                0x000000000800108c      0x188 build/stm32f0xx_hal_i2c.o
                0x000000000800108c                HAL_I2C_Mem_Read
 .text.HAL_I2CEx_ConfigAnalogFilter
                0x0000000008001214       0x4c build/stm32f0xx_hal_i2c_ex.o
                0x0000000008001214                HAL_I2CEx_ConfigAnalogFilter
 .text.HAL_I2CEx_ConfigDigitalFilter
                0x0000000008001260       0x48 build/stm32f0xx_hal_i2c_ex.o
                0x0000000008001260                HAL_I2CEx_ConfigDigitalFilter
 .text.HAL_IWDG_Init
                0x00000000080012a8       0x58 build/stm32f0xx_hal_iwdg.o
                0x00000000080012a8                HAL_IWDG_Init
 .text.HAL_IWDG_Refresh
                0x0000000008001300       0x10 build/stm32f0xx_hal_iwdg.o
                0x0000000008001300                HAL_IWDG_Refresh
 .text.TIM_OC1_SetConfig
                0x0000000008001310       0x88 build/stm32f0xx_hal_tim.o
 .text.TIM_OC3_SetConfig
                0x0000000008001398       0x88 build/stm32f0xx_hal_tim.o
 .text.TIM_OC4_SetConfig
                0x0000000008001420       0x74 build/stm32f0xx_hal_tim.o
 .text.HAL_TIM_Base_MspInit
                0x0000000008001494        0x2 build/stm32f0xx_hal_tim.o
                0x0000000008001494                HAL_TIM_Base_MspInit
 .text.HAL_TIM_OC_MspInit
                0x0000000008001496        0x2 build/stm32f0xx_hal_tim.o
                0x0000000008001496                HAL_TIM_OC_MspInit
 .text.HAL_TIM_OC_DelayElapsedCallback
                0x0000000008001498        0x2 build/stm32f0xx_hal_tim.o
                0x0000000008001498                HAL_TIM_OC_DelayElapsedCallback
 .text.HAL_TIM_IC_CaptureCallback
                0x000000000800149a        0x2 build/stm32f0xx_hal_tim.o
                0x000000000800149a                HAL_TIM_IC_CaptureCallback
 .text.HAL_TIM_PWM_PulseFinishedCallback
                0x000000000800149c        0x2 build/stm32f0xx_hal_tim.o
                0x000000000800149c                HAL_TIM_PWM_PulseFinishedCallback
 .text.HAL_TIM_TriggerCallback
                0x000000000800149e        0x2 build/stm32f0xx_hal_tim.o
                0x000000000800149e                HAL_TIM_TriggerCallback
 .text.HAL_TIM_IRQHandler
                0x00000000080014a0      0x148 build/stm32f0xx_hal_tim.o
                0x00000000080014a0                HAL_TIM_IRQHandler
 .text.TIM_Base_SetConfig
                0x00000000080015e8       0xa0 build/stm32f0xx_hal_tim.o
                0x00000000080015e8                TIM_Base_SetConfig
 .text.HAL_TIM_Base_Init
                0x0000000008001688       0x36 build/stm32f0xx_hal_tim.o
                0x0000000008001688                HAL_TIM_Base_Init
 .text.HAL_TIM_OC_Init
                0x00000000080016be       0x36 build/stm32f0xx_hal_tim.o
                0x00000000080016be                HAL_TIM_OC_Init
 .text.HAL_TIM_PWM_Init
                0x00000000080016f4       0x36 build/stm32f0xx_hal_tim.o
                0x00000000080016f4                HAL_TIM_PWM_Init
 *fill*         0x000000000800172a        0x2 
 .text.TIM_OC2_SetConfig
                0x000000000800172c       0x80 build/stm32f0xx_hal_tim.o
                0x000000000800172c                TIM_OC2_SetConfig
 .text.HAL_TIM_OC_ConfigChannel
                0x00000000080017ac       0x58 build/stm32f0xx_hal_tim.o
                0x00000000080017ac                HAL_TIM_OC_ConfigChannel
 .text.HAL_TIM_PWM_ConfigChannel
                0x0000000008001804       0xcc build/stm32f0xx_hal_tim.o
                0x0000000008001804                HAL_TIM_PWM_ConfigChannel
 .text.TIM_ETR_SetConfig
                0x00000000080018d0       0x18 build/stm32f0xx_hal_tim.o
                0x00000000080018d0                TIM_ETR_SetConfig
 .text.HAL_TIM_ConfigClockSource
                0x00000000080018e8      0x170 build/stm32f0xx_hal_tim.o
                0x00000000080018e8                HAL_TIM_ConfigClockSource
 .text.TIM_CCxChannelCmd
                0x0000000008001a58       0x16 build/stm32f0xx_hal_tim.o
                0x0000000008001a58                TIM_CCxChannelCmd
 *fill*         0x0000000008001a6e        0x2 
 .text.HAL_TIM_OC_Start
                0x0000000008001a70       0x4c build/stm32f0xx_hal_tim.o
                0x0000000008001a70                HAL_TIM_OC_Start
 .text.HAL_TIM_PWM_Start
                0x0000000008001abc        0x8 build/stm32f0xx_hal_tim.o
                0x0000000008001abc                HAL_TIM_PWM_Start
 .text.HAL_TIMEx_MasterConfigSynchronization
                0x0000000008001ac4       0x44 build/stm32f0xx_hal_tim_ex.o
                0x0000000008001ac4                HAL_TIMEx_MasterConfigSynchronization
 .text.HAL_TIMEx_ConfigBreakDeadTime
                0x0000000008001b08       0x7c build/stm32f0xx_hal_tim_ex.o
                0x0000000008001b08                HAL_TIMEx_ConfigBreakDeadTime
 .text.HAL_TIMEx_CommutationCallback
                0x0000000008001b84        0x2 build/stm32f0xx_hal_tim_ex.o
                0x0000000008001b84                HAL_TIMEx_CommutationCallback
 .text.HAL_TIMEx_BreakCallback
                0x0000000008001b86        0x2 build/stm32f0xx_hal_tim_ex.o
                0x0000000008001b86                HAL_TIMEx_BreakCallback
 .text.HAL_PCD_SetAddress
                0x0000000008001b88       0x2c build/stm32f0xx_hal_pcd.o
                0x0000000008001b88                HAL_PCD_SetAddress
 .text.HAL_PCD_EP_Open
                0x0000000008001bb4      0x26c build/stm32f0xx_hal_pcd.o
                0x0000000008001bb4                HAL_PCD_EP_Open
 .text.HAL_PCD_EP_Receive
                0x0000000008001e20      0x138 build/stm32f0xx_hal_pcd.o
                0x0000000008001e20                HAL_PCD_EP_Receive
 .text.HAL_PCD_EP_SetStall
                0x0000000008001f58       0x98 build/stm32f0xx_hal_pcd.o
                0x0000000008001f58                HAL_PCD_EP_SetStall
 .text.HAL_PCD_EP_ClrStall
                0x0000000008001ff0       0xa8 build/stm32f0xx_hal_pcd.o
                0x0000000008001ff0                HAL_PCD_EP_ClrStall
 .text.PCD_WritePMA
                0x0000000008002098       0x2a build/stm32f0xx_hal_pcd.o
                0x0000000008002098                PCD_WritePMA
 *fill*         0x00000000080020c2        0x2 
 .text.HAL_PCD_EP_Transmit
                0x00000000080020c4      0x114 build/stm32f0xx_hal_pcd.o
                0x00000000080020c4                HAL_PCD_EP_Transmit
 .text.PCD_ReadPMA
                0x00000000080021d8       0x36 build/stm32f0xx_hal_pcd.o
                0x00000000080021d8                PCD_ReadPMA
 *fill*         0x000000000800220e        0x2 
 .text.HAL_PCD_IRQHandler
                0x0000000008002210      0x490 build/stm32f0xx_hal_pcd.o
                0x0000000008002210                HAL_PCD_IRQHandler
 .text.HAL_RCC_OscConfig
                0x00000000080026a0      0x464 build/stm32f0xx_hal_rcc.o
                0x00000000080026a0                HAL_RCC_OscConfig
 .text.HAL_RCC_GetSysClockFreq
                0x0000000008002b04       0x84 build/stm32f0xx_hal_rcc.o
                0x0000000008002b04                HAL_RCC_GetSysClockFreq
 .text.HAL_RCC_ClockConfig
                0x0000000008002b88      0x160 build/stm32f0xx_hal_rcc.o
                0x0000000008002b88                HAL_RCC_ClockConfig
 .text.HAL_RCC_GetHCLKFreq
                0x0000000008002ce8        0xc build/stm32f0xx_hal_rcc.o
                0x0000000008002ce8                HAL_RCC_GetHCLKFreq
 .text.HAL_RCCEx_PeriphCLKConfig
                0x0000000008002cf4      0x144 build/stm32f0xx_hal_rcc_ex.o
                0x0000000008002cf4                HAL_RCCEx_PeriphCLKConfig
 .text.HAL_InitTick
                0x0000000008002e38       0x24 build/stm32f0xx_hal.o
                0x0000000008002e38                HAL_InitTick
 .text.HAL_Init
                0x0000000008002e5c       0x20 build/stm32f0xx_hal.o
                0x0000000008002e5c                HAL_Init
 .text.HAL_IncTick
                0x0000000008002e7c       0x10 build/stm32f0xx_hal.o
                0x0000000008002e7c                HAL_IncTick
 .text.HAL_GetTick
                0x0000000008002e8c        0xc build/stm32f0xx_hal.o
                0x0000000008002e8c                HAL_GetTick
 .text.HAL_Delay
                0x0000000008002e98       0x20 build/stm32f0xx_hal.o
                0x0000000008002e98                HAL_Delay
 .text.HAL_GPIO_Init
                0x0000000008002eb8      0x180 build/stm32f0xx_hal_gpio.o
                0x0000000008002eb8                HAL_GPIO_Init
 .text.HAL_GPIO_ReadPin
                0x0000000008003038        0xc build/stm32f0xx_hal_gpio.o
                0x0000000008003038                HAL_GPIO_ReadPin
 .text.HAL_DMA_Init
                0x0000000008003044       0x6c build/stm32f0xx_hal_dma.o
                0x0000000008003044                HAL_DMA_Init
 .text.HAL_DMA_Start_IT
                0x00000000080030b0       0x7c build/stm32f0xx_hal_dma.o
                0x00000000080030b0                HAL_DMA_Start_IT
 .text.HAL_DMA_IRQHandler
                0x000000000800312c       0x92 build/stm32f0xx_hal_dma.o
                0x000000000800312c                HAL_DMA_IRQHandler
 *fill*         0x00000000080031be        0x2 
 .text.HAL_NVIC_SetPriority
                0x00000000080031c0       0x54 build/stm32f0xx_hal_cortex.o
                0x00000000080031c0                HAL_NVIC_SetPriority
 .text.HAL_NVIC_EnableIRQ
                0x0000000008003214       0x14 build/stm32f0xx_hal_cortex.o
                0x0000000008003214                HAL_NVIC_EnableIRQ
 .text.HAL_SYSTICK_Config
                0x0000000008003228       0x34 build/stm32f0xx_hal_cortex.o
                0x0000000008003228                HAL_SYSTICK_Config
 .text.FLASH_SetErrorCode
                0x000000000800325c       0x3c build/stm32f0xx_hal_flash.o
 .text.HAL_FLASH_Unlock
                0x0000000008003298       0x28 build/stm32f0xx_hal_flash.o
                0x0000000008003298                HAL_FLASH_Unlock
 .text.HAL_FLASH_Lock
                0x00000000080032c0       0x14 build/stm32f0xx_hal_flash.o
                0x00000000080032c0                HAL_FLASH_Lock
 .text.FLASH_WaitForLastOperation
                0x00000000080032d4       0x54 build/stm32f0xx_hal_flash.o
                0x00000000080032d4                FLASH_WaitForLastOperation
 .text.HAL_FLASH_Program
                0x0000000008003328       0x84 build/stm32f0xx_hal_flash.o
                0x0000000008003328                HAL_FLASH_Program
 .text.USBD_SetClassConfig
                0x00000000080033ac       0x1a build/usbd_core.o
                0x00000000080033ac                USBD_SetClassConfig
 .text.USBD_ClrClassConfig
                0x00000000080033c6       0x10 build/usbd_core.o
                0x00000000080033c6                USBD_ClrClassConfig
 *fill*         0x00000000080033d6        0x2 
 .text.USBD_LL_SetupStage
                0x00000000080033d8       0x68 build/usbd_core.o
                0x00000000080033d8                USBD_LL_SetupStage
 .text.USBD_LL_DataOutStage
                0x0000000008003440       0x74 build/usbd_core.o
                0x0000000008003440                USBD_LL_DataOutStage
 .text.USBD_LL_DataInStage
                0x00000000080034b4       0xac build/usbd_core.o
                0x00000000080034b4                USBD_LL_DataInStage
 .text.USBD_LL_Reset
                0x0000000008003560       0x48 build/usbd_core.o
                0x0000000008003560                USBD_LL_Reset
 .text.USBD_LL_SetSpeed
                0x00000000080035a8        0x6 build/usbd_core.o
                0x00000000080035a8                USBD_LL_SetSpeed
 .text.USBD_LL_SOF
                0x00000000080035ae       0x1e build/usbd_core.o
                0x00000000080035ae                USBD_LL_SOF
 .text.USBD_CtlError.constprop.0
                0x00000000080035cc       0x14 build/usbd_ctlreq.o
 .text.USBD_StdDevReq
                0x00000000080035e0      0x224 build/usbd_ctlreq.o
                0x00000000080035e0                USBD_StdDevReq
 .text.USBD_StdItfReq
                0x0000000008003804       0x38 build/usbd_ctlreq.o
                0x0000000008003804                USBD_StdItfReq
 .text.USBD_StdEPReq
                0x000000000800383c       0xd6 build/usbd_ctlreq.o
                0x000000000800383c                USBD_StdEPReq
 .text.USBD_ParseSetupRequest
                0x0000000008003912       0x28 build/usbd_ctlreq.o
                0x0000000008003912                USBD_ParseSetupRequest
 .text.USBD_CtlSendData
                0x000000000800393a       0x1c build/usbd_ioreq.o
                0x000000000800393a                USBD_CtlSendData
 .text.USBD_CtlContinueSendData
                0x0000000008003956       0x10 build/usbd_ioreq.o
                0x0000000008003956                USBD_CtlContinueSendData
 .text.USBD_CtlContinueRx
                0x0000000008003966       0x10 build/usbd_ioreq.o
                0x0000000008003966                USBD_CtlContinueRx
 .text.USBD_CtlSendStatus
                0x0000000008003976       0x18 build/usbd_ioreq.o
                0x0000000008003976                USBD_CtlSendStatus
 .text.USBD_CtlReceiveStatus
                0x000000000800398e       0x18 build/usbd_ioreq.o
                0x000000000800398e                USBD_CtlReceiveStatus
 .text.USBD_CDC_SetTxBuffer
                0x00000000080039a6       0x16 build/usbd_cdc.o
                0x00000000080039a6                USBD_CDC_SetTxBuffer
 .text.USBD_CDC_TransmitPacket
                0x00000000080039bc       0x36 build/usbd_cdc.o
                0x00000000080039bc                USBD_CDC_TransmitPacket
 .text.HAL_PCD_SetupStageCallback
                0x00000000080039f2       0x14 build/usbd_conf.o
                0x00000000080039f2                HAL_PCD_SetupStageCallback
 .text.HAL_PCD_DataOutStageCallback
                0x0000000008003a06       0x18 build/usbd_conf.o
                0x0000000008003a06                HAL_PCD_DataOutStageCallback
 .text.HAL_PCD_DataInStageCallback
                0x0000000008003a1e       0x16 build/usbd_conf.o
                0x0000000008003a1e                HAL_PCD_DataInStageCallback
 .text.HAL_PCD_SOFCallback
                0x0000000008003a34        0xe build/usbd_conf.o
                0x0000000008003a34                HAL_PCD_SOFCallback
 .text.HAL_PCD_ResetCallback
                0x0000000008003a42       0x18 build/usbd_conf.o
                0x0000000008003a42                HAL_PCD_ResetCallback
 .text.HAL_PCD_SuspendCallback
                0x0000000008003a5a        0x2 build/usbd_conf.o
                0x0000000008003a5a                HAL_PCD_SuspendCallback
 .text.HAL_PCD_ResumeCallback
                0x0000000008003a5c        0x2 build/usbd_conf.o
                0x0000000008003a5c                HAL_PCD_ResumeCallback
 .text.USBD_LL_OpenEP
                0x0000000008003a5e       0x16 build/usbd_conf.o
                0x0000000008003a5e                USBD_LL_OpenEP
 .text.USBD_LL_StallEP
                0x0000000008003a74       0x10 build/usbd_conf.o
                0x0000000008003a74                USBD_LL_StallEP
 .text.USBD_LL_ClearStallEP
                0x0000000008003a84       0x10 build/usbd_conf.o
                0x0000000008003a84                USBD_LL_ClearStallEP
 .text.USBD_LL_IsStallEP
                0x0000000008003a94       0x26 build/usbd_conf.o
                0x0000000008003a94                USBD_LL_IsStallEP
 .text.USBD_LL_SetUSBAddress
                0x0000000008003aba       0x10 build/usbd_conf.o
                0x0000000008003aba                USBD_LL_SetUSBAddress
 .text.USBD_LL_Transmit
                0x0000000008003aca       0x10 build/usbd_conf.o
                0x0000000008003aca                USBD_LL_Transmit
 .text.USBD_LL_PrepareReceive
                0x0000000008003ada       0x10 build/usbd_conf.o
                0x0000000008003ada                USBD_LL_PrepareReceive
 *fill*         0x0000000008003aea        0x2 
 .text.check_usbpd
                0x0000000008003aec       0x2c build/main.o
                0x0000000008003aec                check_usbpd
 .text.reg      0x0000000008003b18      0x30c build/main.o
                0x0000000008003b18                reg
 .text.HAL_TIM_PeriodElapsedCallback
                0x0000000008003e24       0x30 build/main.o
                0x0000000008003e24                HAL_TIM_PeriodElapsedCallback
 .text.disp_on  0x0000000008003e54       0x24 build/main.o
                0x0000000008003e54                disp_on
 .text.disp_off
                0x0000000008003e78       0x24 build/main.o
                0x0000000008003e78                disp_off
 .text.refresh  0x0000000008003e9c       0x20 build/main.o
                0x0000000008003e9c                refresh
 .text.clear_screen
                0x0000000008003ebc       0x14 build/main.o
                0x0000000008003ebc                clear_screen
 .text.disp_init
                0x0000000008003ed0       0x44 build/main.o
                0x0000000008003ed0                disp_init
 .text.write_pixel
                0x0000000008003f14       0x80 build/main.o
                0x0000000008003f14                write_pixel
 .text.draw_v_line
                0x0000000008003f94       0x22 build/main.o
                0x0000000008003f94                draw_v_line
 *fill*         0x0000000008003fb6        0x2 
 .text.draw_char
                0x0000000008003fb8       0x60 build/main.o
                0x0000000008003fb8                draw_char
 .text.draw_string
                0x0000000008004018       0x24 build/main.o
                0x0000000008004018                draw_string
 .text.SystemClock_Config
                0x000000000800403c       0x70 build/main.o
                0x000000000800403c                SystemClock_Config
 .text.startup.main
                0x00000000080040ac      0x874 build/main.o
                0x00000000080040ac                main
 .text.stusb_read_rdo
                0x0000000008004920       0x24 build/stusb4500.o
                0x0000000008004920                stusb_read_rdo
 .text.stusb_update_pdo
                0x0000000008004944       0xd8 build/stusb4500.o
                0x0000000008004944                stusb_update_pdo
 .text.stusb_set_valid_pdo
                0x0000000008004a1c       0x30 build/stusb4500.o
                0x0000000008004a1c                stusb_set_valid_pdo
 .text.SystemInit
                0x0000000008004a4c       0x9c build/system_stm32f0xx.o
                0x0000000008004a4c                SystemInit
 .text.Reset_Handler
                0x0000000008004ae8       0x50 build/startup_stm32f072xb.o
                0x0000000008004ae8                Reset_Handler
 .text.Default_Handler
                0x0000000008004b38        0x2 build/startup_stm32f072xb.o
                0x0000000008004b38                TSC_IRQHandler
                0x0000000008004b38                I2C1_IRQHandler
                0x0000000008004b38                RCC_CRS_IRQHandler
                0x0000000008004b38                SPI1_IRQHandler
                0x0000000008004b38                TIM6_DAC_IRQHandler
                0x0000000008004b38                USART3_4_IRQHandler
                0x0000000008004b38                EXTI2_3_IRQHandler
                0x0000000008004b38                I2C2_IRQHandler
                0x0000000008004b38                TIM17_IRQHandler
                0x0000000008004b38                CEC_CAN_IRQHandler
                0x0000000008004b38                RTC_IRQHandler
                0x0000000008004b38                PVD_VDDIO2_IRQHandler
                0x0000000008004b38                DMA1_Channel4_5_6_7_IRQHandler
                0x0000000008004b38                TIM16_IRQHandler
                0x0000000008004b38                EXTI4_15_IRQHandler
                0x0000000008004b38                Default_Handler
                0x0000000008004b38                TIM14_IRQHandler
                0x0000000008004b38                TIM7_IRQHandler
                0x0000000008004b38                TIM15_IRQHandler
                0x0000000008004b38                EXTI0_1_IRQHandler
                0x0000000008004b38                SPI2_IRQHandler
                0x0000000008004b38                WWDG_IRQHandler
                0x0000000008004b38                TIM2_IRQHandler
                0x0000000008004b38                DMA1_Channel2_3_IRQHandler
                0x0000000008004b38                USART2_IRQHandler
                0x0000000008004b38                FLASH_IRQHandler
                0x0000000008004b38                USART1_IRQHandler
 *fill*         0x0000000008004b3a        0x2 
 .text.__libc_init_array
                0x0000000008004b3c       0x48 /usr/lib/gcc/arm-none-eabi/10.1.0/../../../../arm-none-eabi/lib/thumb/v6-m/nofp/libc_nano.a(lib_a-init.o)
                0x0000000008004b3c                __libc_init_array
 .text.memcpy   0x0000000008004b84       0x12 /usr/lib/gcc/arm-none-eabi/10.1.0/../../../../arm-none-eabi/lib/thumb/v6-m/nofp/libc_nano.a(lib_a-memcpy-stub.o)
                0x0000000008004b84                memcpy
 .text.memset   0x0000000008004b96       0x10 /usr/lib/gcc/arm-none-eabi/10.1.0/../../../../arm-none-eabi/lib/thumb/v6-m/nofp/libc_nano.a(lib_a-memset.o)
                0x0000000008004b96                memset
 *fill*         0x0000000008004ba6        0x2 
 .text.sprintf  0x0000000008004ba8       0x40 /usr/lib/gcc/arm-none-eabi/10.1.0/../../../../arm-none-eabi/lib/thumb/v6-m/nofp/libc_nano.a(lib_a-sprintf.o)
                0x0000000008004ba8                sprintf
                0x0000000008004ba8                siprintf
 .text.strcpy   0x0000000008004be8       0x10 /usr/lib/gcc/arm-none-eabi/10.1.0/../../../../arm-none-eabi/lib/thumb/v6-m/nofp/libc_nano.a(lib_a-strcpy.o)
                0x0000000008004be8                strcpy
 .text.__retarget_lock_acquire_recursive
                0x0000000008004bf8        0x2 /usr/lib/gcc/arm-none-eabi/10.1.0/../../../../arm-none-eabi/lib/thumb/v6-m/nofp/libc_nano.a(lib_a-lock.o)
                0x0000000008004bf8                __retarget_lock_acquire_recursive
 .text.__retarget_lock_release_recursive
                0x0000000008004bfa        0x2 /usr/lib/gcc/arm-none-eabi/10.1.0/../../../../arm-none-eabi/lib/thumb/v6-m/nofp/libc_nano.a(lib_a-lock.o)
                0x0000000008004bfa                __retarget_lock_release_recursive
 .text.__ssputs_r
                0x0000000008004bfc       0xc4 /usr/lib/gcc/arm-none-eabi/10.1.0/../../../../arm-none-eabi/lib/thumb/v6-m/nofp/libc_nano.a(lib_a-nano-svfprintf.o)
                0x0000000008004bfc                __ssputs_r
 .text._svfprintf_r
                0x0000000008004cc0      0x200 /usr/lib/gcc/arm-none-eabi/10.1.0/../../../../arm-none-eabi/lib/thumb/v6-m/nofp/libc_nano.a(lib_a-nano-svfprintf.o)
                0x0000000008004cc0                _svfprintf_r
                0x0000000008004cc0                _svfiprintf_r
 .text._printf_common
                0x0000000008004ec0       0xde /usr/lib/gcc/arm-none-eabi/10.1.0/../../../../arm-none-eabi/lib/thumb/v6-m/nofp/libc_nano.a(lib_a-nano-vfprintf_i.o)
                0x0000000008004ec0                _printf_common
 *fill*         0x0000000008004f9e        0x2 
 .text._printf_i
                0x0000000008004fa0      0x224 /usr/lib/gcc/arm-none-eabi/10.1.0/../../../../arm-none-eabi/lib/thumb/v6-m/nofp/libc_nano.a(lib_a-nano-vfprintf_i.o)
                0x0000000008004fa0                _printf_i
 .text.memchr   0x00000000080051c4       0x16 /usr/lib/gcc/arm-none-eabi/10.1.0/../../../../arm-none-eabi/lib/thumb/v6-m/nofp/libc_nano.a(lib_a-memchr-stub.o)
                0x00000000080051c4                memchr
 .text.memmove  0x00000000080051da       0x26 /usr/lib/gcc/arm-none-eabi/10.1.0/../../../../arm-none-eabi/lib/thumb/v6-m/nofp/libc_nano.a(lib_a-memmove.o)
                0x00000000080051da                memmove
 .text._free_r  0x0000000008005200       0x94 /usr/lib/gcc/arm-none-eabi/10.1.0/../../../../arm-none-eabi/lib/thumb/v6-m/nofp/libc_nano.a(lib_a-nano-freer.o)
                0x0000000008005200                _free_r
 .text._malloc_r
                0x0000000008005294       0xbc /usr/lib/gcc/arm-none-eabi/10.1.0/../../../../arm-none-eabi/lib/thumb/v6-m/nofp/libc_nano.a(lib_a-nano-mallocr.o)
                0x0000000008005294                _malloc_r
 .text._realloc_r
                0x0000000008005350       0x4c /usr/lib/gcc/arm-none-eabi/10.1.0/../../../../arm-none-eabi/lib/thumb/v6-m/nofp/libc_nano.a(lib_a-nano-reallocr.o)
                0x0000000008005350                _realloc_r
 .text._sbrk_r  0x000000000800539c       0x24 /usr/lib/gcc/arm-none-eabi/10.1.0/../../../../arm-none-eabi/lib/thumb/v6-m/nofp/libc_nano.a(lib_a-sbrkr.o)
                0x000000000800539c                _sbrk_r
 .text.__malloc_lock
                0x00000000080053c0       0x10 /usr/lib/gcc/arm-none-eabi/10.1.0/../../../../arm-none-eabi/lib/thumb/v6-m/nofp/libc_nano.a(lib_a-mlock.o)
                0x00000000080053c0                __malloc_lock
 .text.__malloc_unlock
                0x00000000080053d0       0x10 /usr/lib/gcc/arm-none-eabi/10.1.0/../../../../arm-none-eabi/lib/thumb/v6-m/nofp/libc_nano.a(lib_a-mlock.o)
                0x00000000080053d0                __malloc_unlock
 .text._malloc_usable_size_r
                0x00000000080053e0       0x10 /usr/lib/gcc/arm-none-eabi/10.1.0/../../../../arm-none-eabi/lib/thumb/v6-m/nofp/libc_nano.a(lib_a-nano-msizer.o)
                0x00000000080053e0                _malloc_usable_size_r
 .text.ceil     0x00000000080053f0      0x118 /usr/lib/gcc/arm-none-eabi/10.1.0/../../../../arm-none-eabi/lib/thumb/v6-m/nofp/libm.a(lib_a-s_ceil.o)
                0x00000000080053f0                ceil
 .text._sbrk    0x0000000008005508       0x1c /usr/lib/gcc/arm-none-eabi/10.1.0/../../../../arm-none-eabi/lib/thumb/v6-m/nofp/libnosys.a(sbrk.o)
                0x0000000008005508                _sbrk
 .text.__fixunssfsi
                0x0000000008005524       0x2e /usr/lib/gcc/arm-none-eabi/10.1.0/thumb/v6-m/nofp/libgcc.a(_fixunssfsi.o)
                0x0000000008005524                __aeabi_f2uiz
                0x0000000008005524                __fixunssfsi
 *fill*         0x0000000008005552        0x2 
 .text.__fixunsdfsi
                0x0000000008005554       0x38 /usr/lib/gcc/arm-none-eabi/10.1.0/thumb/v6-m/nofp/libgcc.a(_fixunsdfsi.o)
                0x0000000008005554                __fixunsdfsi
                0x0000000008005554                __aeabi_d2uiz
 .text.__aeabi_fadd
                0x000000000800558c      0x2cc /usr/lib/gcc/arm-none-eabi/10.1.0/thumb/v6-m/nofp/libgcc.a(addsf3.o)
                0x000000000800558c                __aeabi_fadd
 .text.__aeabi_fdiv
                0x0000000008005858      0x1cc /usr/lib/gcc/arm-none-eabi/10.1.0/thumb/v6-m/nofp/libgcc.a(divsf3.o)
                0x0000000008005858                __aeabi_fdiv
 .text.__eqsf2  0x0000000008005a24       0x4a /usr/lib/gcc/arm-none-eabi/10.1.0/thumb/v6-m/nofp/libgcc.a(eqsf2.o)
                0x0000000008005a24                __nesf2
                0x0000000008005a24                __eqsf2
 .text.__gesf2  0x0000000008005a6e       0x7c /usr/lib/gcc/arm-none-eabi/10.1.0/thumb/v6-m/nofp/libgcc.a(gesf2.o)
                0x0000000008005a6e                __gtsf2
                0x0000000008005a6e                __gesf2
 .text.__lesf2  0x0000000008005aea       0x7c /usr/lib/gcc/arm-none-eabi/10.1.0/thumb/v6-m/nofp/libgcc.a(lesf2.o)
                0x0000000008005aea                __lesf2
                0x0000000008005aea                __ltsf2
 *fill*         0x0000000008005b66        0x2 
 .text.__aeabi_fmul
                0x0000000008005b68      0x1e4 /usr/lib/gcc/arm-none-eabi/10.1.0/thumb/v6-m/nofp/libgcc.a(mulsf3.o)
                0x0000000008005b68                __aeabi_fmul
 .text.__aeabi_fsub
                0x0000000008005d4c      0x2d8 /usr/lib/gcc/arm-none-eabi/10.1.0/thumb/v6-m/nofp/libgcc.a(subsf3.o)
                0x0000000008005d4c                __aeabi_fsub
 .text.__aeabi_f2iz
                0x0000000008006024       0x3c /usr/lib/gcc/arm-none-eabi/10.1.0/thumb/v6-m/nofp/libgcc.a(fixsfsi.o)
                0x0000000008006024                __aeabi_f2iz
 .text.__aeabi_i2f
                0x0000000008006060       0x80 /usr/lib/gcc/arm-none-eabi/10.1.0/thumb/v6-m/nofp/libgcc.a(floatsisf.o)
                0x0000000008006060                __aeabi_i2f
 .text.__aeabi_ui2f
                0x00000000080060e0       0x74 /usr/lib/gcc/arm-none-eabi/10.1.0/thumb/v6-m/nofp/libgcc.a(floatunsisf.o)
                0x00000000080060e0                __aeabi_ui2f
 .text.__aeabi_dadd
                0x0000000008006154      0x5a4 /usr/lib/gcc/arm-none-eabi/10.1.0/thumb/v6-m/nofp/libgcc.a(adddf3.o)
                0x0000000008006154                __aeabi_dadd
 .text.__aeabi_ddiv
                0x00000000080066f8      0x500 /usr/lib/gcc/arm-none-eabi/10.1.0/thumb/v6-m/nofp/libgcc.a(divdf3.o)
                0x00000000080066f8                __aeabi_ddiv
 .text.__eqdf2  0x0000000008006bf8       0x74 /usr/lib/gcc/arm-none-eabi/10.1.0/thumb/v6-m/nofp/libgcc.a(eqdf2.o)
                0x0000000008006bf8                __eqdf2
                0x0000000008006bf8                __nedf2
 .text.__gedf2  0x0000000008006c6c       0xb8 /usr/lib/gcc/arm-none-eabi/10.1.0/thumb/v6-m/nofp/libgcc.a(gedf2.o)
                0x0000000008006c6c                __gtdf2
                0x0000000008006c6c                __gedf2
 .text.__ledf2  0x0000000008006d24       0xb8 /usr/lib/gcc/arm-none-eabi/10.1.0/thumb/v6-m/nofp/libgcc.a(ledf2.o)
                0x0000000008006d24                __ltdf2
                0x0000000008006d24                __ledf2
 .text.__aeabi_dmul
                0x0000000008006ddc      0x430 /usr/lib/gcc/arm-none-eabi/10.1.0/thumb/v6-m/nofp/libgcc.a(muldf3.o)
                0x0000000008006ddc                __aeabi_dmul
 .text.__aeabi_dsub
                0x000000000800720c      0x5b4 /usr/lib/gcc/arm-none-eabi/10.1.0/thumb/v6-m/nofp/libgcc.a(subdf3.o)
                0x000000000800720c                __aeabi_dsub
 .text.__aeabi_d2iz
                0x00000000080077c0       0x64 /usr/lib/gcc/arm-none-eabi/10.1.0/thumb/v6-m/nofp/libgcc.a(fixdfsi.o)
                0x00000000080077c0                __aeabi_d2iz
 .text.__aeabi_i2d
                0x0000000008007824       0x58 /usr/lib/gcc/arm-none-eabi/10.1.0/thumb/v6-m/nofp/libgcc.a(floatsidf.o)
                0x0000000008007824                __aeabi_i2d
 .text.__aeabi_f2d
                0x000000000800787c       0x84 /usr/lib/gcc/arm-none-eabi/10.1.0/thumb/v6-m/nofp/libgcc.a(extendsfdf2.o)
                0x000000000800787c                __aeabi_f2d
 .text.__aeabi_d2f
                0x0000000008007900      0x108 /usr/lib/gcc/arm-none-eabi/10.1.0/thumb/v6-m/nofp/libgcc.a(truncdfsf2.o)
                0x0000000008007900                __aeabi_d2f
 *(.glue_7)
 .glue_7        0x0000000008007a08        0x0 linker stubs
 *(.glue_7t)
 .glue_7t       0x0000000008007a08        0x0 linker stubs
 *(.eh_frame)
 .eh_frame      0x0000000008007a08        0x0 /usr/lib/gcc/arm-none-eabi/10.1.0/thumb/v6-m/nofp/crtbegin.o
 *(.init)
 .init          0x0000000008007a08        0x4 /usr/lib/gcc/arm-none-eabi/10.1.0/thumb/v6-m/nofp/crti.o
                0x0000000008007a08                _init
 .init          0x0000000008007a0c        0x8 /usr/lib/gcc/arm-none-eabi/10.1.0/thumb/v6-m/nofp/crtn.o
 *(.fini)
 .fini          0x0000000008007a14        0x4 /usr/lib/gcc/arm-none-eabi/10.1.0/thumb/v6-m/nofp/crti.o
                0x0000000008007a14                _fini
 .fini          0x0000000008007a18        0x8 /usr/lib/gcc/arm-none-eabi/10.1.0/thumb/v6-m/nofp/crtn.o
                0x0000000008007a20                . = ALIGN (0x4)
                0x0000000008007a20                _etext = .

.vfp11_veneer   0x0000000008007a20        0x0
 .vfp11_veneer  0x0000000008007a20        0x0 linker stubs

.v4_bx          0x0000000008007a20        0x0
 .v4_bx         0x0000000008007a20        0x0 linker stubs

.iplt           0x0000000008007a20        0x0
 .iplt          0x0000000008007a20        0x0 /usr/lib/gcc/arm-none-eabi/10.1.0/thumb/v6-m/nofp/crtbegin.o

.rodata         0x0000000008007a20      0x35c
                0x0000000008007a20                . = ALIGN (0x4)
 *(.rodata)
 .rodata        0x0000000008007a20        0xe build/main.o
 *(.rodata*)
 .rodata.HAL_RCC_GetSysClockFreq.str1.1
                0x0000000008007a2e       0x22 build/stm32f0xx_hal_rcc.o
 .rodata.main.str1.1
                0x0000000008007a50       0x6f build/main.o
 .rodata.str1.1
                0x0000000008007abf       0x29 build/main.o
 .rodata.REFRESH_COMMANDS
                0x0000000008007ae8       0x11 build/main.o
                0x0000000008007ae8                REFRESH_COMMANDS
 .rodata.font   0x0000000008007af9      0x240 build/main.o
                0x0000000008007af9                font
 .rodata.AHBPrescTable
                0x0000000008007d39       0x10 build/system_stm32f0xx.o
                0x0000000008007d39                AHBPrescTable
 .rodata._svfprintf_r.str1.1
                0x0000000008007d49       0x11 /usr/lib/gcc/arm-none-eabi/10.1.0/../../../../arm-none-eabi/lib/thumb/v6-m/nofp/libc_nano.a(lib_a-nano-svfprintf.o)
 .rodata._printf_i.str1.1
                0x0000000008007d5a       0x22 /usr/lib/gcc/arm-none-eabi/10.1.0/../../../../arm-none-eabi/lib/thumb/v6-m/nofp/libc_nano.a(lib_a-nano-vfprintf_i.o)
                0x0000000008007d7c                . = ALIGN (0x4)

.rel.dyn        0x0000000008007d7c        0x0
 .rel.iplt      0x0000000008007d7c        0x0 /usr/lib/gcc/arm-none-eabi/10.1.0/thumb/v6-m/nofp/crtbegin.o

.ARM.extab
 *(.ARM.extab* .gnu.linkonce.armextab.*)

.ARM            0x0000000008007d7c        0x0
                0x0000000008007d7c                __exidx_start = .
 *(.ARM.exidx*)
                0x0000000008007d7c                __exidx_end = .

.preinit_array  0x0000000008007d7c        0x0
                0x0000000008007d7c                PROVIDE (__preinit_array_start = .)
 *(.preinit_array*)
                0x0000000008007d7c                PROVIDE (__preinit_array_end = .)

.init_array     0x0000000008007d7c        0x4
                0x0000000008007d7c                PROVIDE (__init_array_start = .)
 *(SORT_BY_NAME(.init_array.*))
 *(.init_array*)
 .init_array    0x0000000008007d7c        0x4 /usr/lib/gcc/arm-none-eabi/10.1.0/thumb/v6-m/nofp/crtbegin.o
                0x0000000008007d80                PROVIDE (__init_array_end = .)

.fini_array     0x0000000008007d80        0x4
                0x0000000008007d80                PROVIDE (__fini_array_start = .)
 *(SORT_BY_NAME(.fini_array.*))
 *(.fini_array*)
 .fini_array    0x0000000008007d80        0x4 /usr/lib/gcc/arm-none-eabi/10.1.0/thumb/v6-m/nofp/crtbegin.o
                0x0000000008007d84                PROVIDE (__fini_array_end = .)
                0x0000000008007d84                _sidata = LOADADDR (.data)

.data           0x0000000020000000      0x100 load address 0x0000000008007d84
                0x0000000020000000                . = ALIGN (0x4)
                0x0000000020000000                _sdata = .
 *(.data)
 *(.data*)
 .data.OLED_Setup_Array
                0x0000000020000000       0x30 build/main.o
                0x0000000020000000                OLED_Setup_Array
 .data.by_string
                0x0000000020000030        0x4 build/main.o
                0x0000000020000030                by_string
 .data.dfu_string
                0x0000000020000034        0x4 build/main.o
                0x0000000020000034                dfu_string
 .data.otter_string
                0x0000000020000038        0x4 build/main.o
                0x0000000020000038                otter_string
 .data.r        0x000000002000003c       0x28 build/main.o
                0x000000002000003c                r
 .data.s        0x0000000020000064       0x28 build/main.o
                0x0000000020000064                s
 .data.tipcal   0x000000002000008c        0x8 build/main.o
                0x000000002000008c                tipcal
 .data.wduty    0x0000000020000094        0x2 build/main.o
                0x0000000020000094                wduty
 *fill*         0x0000000020000096        0x2 
 .data.SystemCoreClock
                0x0000000020000098        0x4 build/system_stm32f0xx.o
                0x0000000020000098                SystemCoreClock
 .data._impure_ptr
                0x000000002000009c        0x4 /usr/lib/gcc/arm-none-eabi/10.1.0/../../../../arm-none-eabi/lib/thumb/v6-m/nofp/libc_nano.a(lib_a-impure.o)
                0x000000002000009c                _impure_ptr
 .data.impure_data
                0x00000000200000a0       0x60 /usr/lib/gcc/arm-none-eabi/10.1.0/../../../../arm-none-eabi/lib/thumb/v6-m/nofp/libc_nano.a(lib_a-impure.o)
                0x0000000020000100                . = ALIGN (0x4)
                0x0000000020000100                _edata = .

.igot.plt       0x0000000020000100        0x0 load address 0x0000000008007e84
 .igot.plt      0x0000000020000100        0x0 /usr/lib/gcc/arm-none-eabi/10.1.0/thumb/v6-m/nofp/crtbegin.o
                0x0000000020000100                . = ALIGN (0x4)

.bss            0x0000000020000100      0x918 load address 0x0000000008007e84
                0x0000000020000100                _sbss = .
                0x0000000020000100                __bss_start__ = _sbss
 *(.bss)
 *(.bss*)
 .bss.completed.1
                0x0000000020000100        0x1 /usr/lib/gcc/arm-none-eabi/10.1.0/thumb/v6-m/nofp/crtbegin.o
 *fill*         0x0000000020000101        0x3 
 .bss.object.0  0x0000000020000104       0x18 /usr/lib/gcc/arm-none-eabi/10.1.0/thumb/v6-m/nofp/crtbegin.o
 .bss.uwTick    0x000000002000011c        0x4 build/stm32f0xx_hal.o
                0x000000002000011c                uwTick
 .bss.pFlash    0x0000000020000120       0x20 build/stm32f0xx_hal_flash.o
                0x0000000020000120                pFlash
 .bss.cfgidx.0  0x0000000020000140        0x1 build/usbd_ctlreq.o
 *fill*         0x0000000020000141        0x3 
 .bss.hpcd      0x0000000020000144      0x220 build/usbd_conf.o
                0x0000000020000144                hpcd
 .bss.UserTxBuffer
                0x0000000020000364      0x200 build/usbd_cdc_interface.o
                0x0000000020000364                UserTxBuffer
 .bss.ADC_raw   0x0000000020000564        0x8 build/main.o
 .bss.USBD_Device
                0x000000002000056c      0x224 build/main.o
                0x000000002000056c                USBD_Device
 .bss.count.0   0x0000000020000790        0x2 build/main.o
 *fill*         0x0000000020000792        0x2 
 .bss.hadc      0x0000000020000794       0x4c build/main.o
                0x0000000020000794                hadc
 .bss.hdma_adc  0x00000000200007e0       0x44 build/main.o
                0x00000000200007e0                hdma_adc
 .bss.hi2c1     0x0000000020000824       0x4c build/main.o
                0x0000000020000824                hi2c1
 .bss.hiwdg     0x0000000020000870       0x10 build/main.o
                0x0000000020000870                hiwdg
 .bss.htim1     0x0000000020000880       0x40 build/main.o
                0x0000000020000880                htim1
 .bss.htim3     0x00000000200008c0       0x40 build/main.o
                0x00000000200008c0                htim3
 .bss.screenBuffer
                0x0000000020000900       0xda build/main.o
                0x0000000020000900                screenBuffer
 *fill*         0x00000000200009da        0x2 
 .bss.sendDataUSB
                0x00000000200009dc        0x4 build/main.o
                0x00000000200009dc                sendDataUSB
 .bss.pdo_profile
                0x00000000200009e0       0x18 build/stusb4500.o
                0x00000000200009e0                pdo_profile
 .bss.SysMemBootJump
                0x00000000200009f8        0x4 build/system_stm32f0xx.o
                0x00000000200009f8                SysMemBootJump
 .bss.__malloc_free_list
                0x00000000200009fc        0x4 /usr/lib/gcc/arm-none-eabi/10.1.0/../../../../arm-none-eabi/lib/thumb/v6-m/nofp/libc_nano.a(lib_a-nano-mallocr.o)
                0x00000000200009fc                __malloc_free_list
 .bss.__malloc_sbrk_start
                0x0000000020000a00        0x4 /usr/lib/gcc/arm-none-eabi/10.1.0/../../../../arm-none-eabi/lib/thumb/v6-m/nofp/libc_nano.a(lib_a-nano-mallocr.o)
                0x0000000020000a00                __malloc_sbrk_start
 .bss.heap_end.4144
                0x0000000020000a04        0x4 /usr/lib/gcc/arm-none-eabi/10.1.0/../../../../arm-none-eabi/lib/thumb/v6-m/nofp/libnosys.a(sbrk.o)
 *(COMMON)
 COMMON         0x0000000020000a08        0x9 /usr/lib/gcc/arm-none-eabi/10.1.0/../../../../arm-none-eabi/lib/thumb/v6-m/nofp/libc_nano.a(lib_a-lock.o)
                0x0000000020000a08                __lock___atexit_recursive_mutex
                0x0000000020000a09                __lock___arc4random_mutex
                0x0000000020000a0a                __lock___env_recursive_mutex
                0x0000000020000a0b                __lock___sinit_recursive_mutex
                0x0000000020000a0c                __lock___malloc_recursive_mutex
                0x0000000020000a0d                __lock___at_quick_exit_mutex
                0x0000000020000a0e                __lock___dd_hash_mutex
                0x0000000020000a0f                __lock___tz_mutex
                0x0000000020000a10                __lock___sfp_recursive_mutex
 *fill*         0x0000000020000a11        0x3 
 COMMON         0x0000000020000a14        0x4 /usr/lib/gcc/arm-none-eabi/10.1.0/../../../../arm-none-eabi/lib/thumb/v6-m/nofp/libc_nano.a(lib_a-reent.o)
                0x0000000020000a14                errno
                0x0000000020000a18                . = ALIGN (0x4)
                0x0000000020000a18                _ebss = .
                0x0000000020000a18                __bss_end__ = _ebss

._user_heap_stack
                0x0000000020000a18      0x600 load address 0x0000000008007e84
                0x0000000020000a18                . = ALIGN (0x8)
                0x0000000020000a18                PROVIDE (end = .)
                [!provide]                        PROVIDE (_end = .)
                0x0000000020000c18                . = (. + _Min_Heap_Size)
 *fill*         0x0000000020000a18      0x200 
                0x0000000020001018                . = (. + _Min_Stack_Size)
 *fill*         0x0000000020000c18      0x400 
                0x0000000020001018                . = ALIGN (0x8)

/DISCARD/
 libc.a(*)
 libm.a(*)
 libgcc.a(*)

.ARM.attributes
                0x0000000000000000       0x28
 *(.ARM.attributes)
 .ARM.attributes
                0x0000000000000000       0x1e /usr/lib/gcc/arm-none-eabi/10.1.0/thumb/v6-m/nofp/crti.o
 .ARM.attributes
                0x000000000000001e       0x2c /usr/lib/gcc/arm-none-eabi/10.1.0/thumb/v6-m/nofp/crtbegin.o
 .ARM.attributes
                0x000000000000004a       0x2c build/stm32f0xx_it.o
 .ARM.attributes
                0x0000000000000076       0x2c build/stm32f0xx_hal_msp.o
 .ARM.attributes
                0x00000000000000a2       0x2c build/stm32f0xx_hal_adc.o
 .ARM.attributes
                0x00000000000000ce       0x2c build/stm32f0xx_hal_i2c.o
 .ARM.attributes
                0x00000000000000fa       0x2c build/stm32f0xx_hal_i2c_ex.o
 .ARM.attributes
                0x0000000000000126       0x2c build/stm32f0xx_hal_iwdg.o
 .ARM.attributes
                0x0000000000000152       0x2c build/stm32f0xx_hal_tim.o
 .ARM.attributes
                0x000000000000017e       0x2c build/stm32f0xx_hal_tim_ex.o
 .ARM.attributes
                0x00000000000001aa       0x2c build/stm32f0xx_hal_pcd.o
 .ARM.attributes
                0x00000000000001d6       0x2c build/stm32f0xx_hal_rcc.o
 .ARM.attributes
                0x0000000000000202       0x2c build/stm32f0xx_hal_rcc_ex.o
 .ARM.attributes
                0x000000000000022e       0x2c build/stm32f0xx_hal.o
 .ARM.attributes
                0x000000000000025a       0x2c build/stm32f0xx_hal_gpio.o
 .ARM.attributes
                0x0000000000000286       0x2c build/stm32f0xx_hal_dma.o
 .ARM.attributes
                0x00000000000002b2       0x2c build/stm32f0xx_hal_cortex.o
 .ARM.attributes
                0x00000000000002de       0x2c build/stm32f0xx_hal_flash.o
 .ARM.attributes
                0x000000000000030a       0x2c build/usbd_core.o
 .ARM.attributes
                0x0000000000000336       0x2c build/usbd_ctlreq.o
 .ARM.attributes
                0x0000000000000362       0x2c build/usbd_ioreq.o
 .ARM.attributes
                0x000000000000038e       0x2c build/usbd_cdc.o
 .ARM.attributes
                0x00000000000003ba       0x2c build/usbd_conf.o
 .ARM.attributes
                0x00000000000003e6       0x2c build/usbd_cdc_interface.o
 .ARM.attributes
                0x0000000000000412       0x2c build/main.o
 .ARM.attributes
                0x000000000000043e       0x2c build/stusb4500.o
 .ARM.attributes
                0x000000000000046a       0x2c build/system_stm32f0xx.o
 .ARM.attributes
                0x0000000000000496       0x21 build/startup_stm32f072xb.o
 .ARM.attributes
                0x00000000000004b7       0x2c /usr/lib/gcc/arm-none-eabi/10.1.0/../../../../arm-none-eabi/lib/thumb/v6-m/nofp/libc_nano.a(lib_a-impure.o)
 .ARM.attributes
                0x00000000000004e3       0x2c /usr/lib/gcc/arm-none-eabi/10.1.0/../../../../arm-none-eabi/lib/thumb/v6-m/nofp/libc_nano.a(lib_a-init.o)
 .ARM.attributes
                0x000000000000050f       0x2c /usr/lib/gcc/arm-none-eabi/10.1.0/../../../../arm-none-eabi/lib/thumb/v6-m/nofp/libc_nano.a(lib_a-memcpy-stub.o)
 .ARM.attributes
                0x000000000000053b       0x2c /usr/lib/gcc/arm-none-eabi/10.1.0/../../../../arm-none-eabi/lib/thumb/v6-m/nofp/libc_nano.a(lib_a-memset.o)
 .ARM.attributes
                0x0000000000000567       0x2c /usr/lib/gcc/arm-none-eabi/10.1.0/../../../../arm-none-eabi/lib/thumb/v6-m/nofp/libc_nano.a(lib_a-sprintf.o)
 .ARM.attributes
                0x0000000000000593       0x2c /usr/lib/gcc/arm-none-eabi/10.1.0/../../../../arm-none-eabi/lib/thumb/v6-m/nofp/libc_nano.a(lib_a-strcpy.o)
 .ARM.attributes
                0x00000000000005bf       0x2c /usr/lib/gcc/arm-none-eabi/10.1.0/../../../../arm-none-eabi/lib/thumb/v6-m/nofp/libc_nano.a(lib_a-lock.o)
 .ARM.attributes
                0x00000000000005eb       0x2c /usr/lib/gcc/arm-none-eabi/10.1.0/../../../../arm-none-eabi/lib/thumb/v6-m/nofp/libc_nano.a(lib_a-nano-svfprintf.o)
 .ARM.attributes
                0x0000000000000617       0x2c /usr/lib/gcc/arm-none-eabi/10.1.0/../../../../arm-none-eabi/lib/thumb/v6-m/nofp/libc_nano.a(lib_a-nano-vfprintf_i.o)
 .ARM.attributes
                0x0000000000000643       0x2c /usr/lib/gcc/arm-none-eabi/10.1.0/../../../../arm-none-eabi/lib/thumb/v6-m/nofp/libc_nano.a(lib_a-memchr-stub.o)
 .ARM.attributes
                0x000000000000066f       0x2c /usr/lib/gcc/arm-none-eabi/10.1.0/../../../../arm-none-eabi/lib/thumb/v6-m/nofp/libc_nano.a(lib_a-memmove.o)
 .ARM.attributes
                0x000000000000069b       0x2c /usr/lib/gcc/arm-none-eabi/10.1.0/../../../../arm-none-eabi/lib/thumb/v6-m/nofp/libc_nano.a(lib_a-nano-freer.o)
 .ARM.attributes
                0x00000000000006c7       0x2c /usr/lib/gcc/arm-none-eabi/10.1.0/../../../../arm-none-eabi/lib/thumb/v6-m/nofp/libc_nano.a(lib_a-nano-mallocr.o)
 .ARM.attributes
                0x00000000000006f3       0x2c /usr/lib/gcc/arm-none-eabi/10.1.0/../../../../arm-none-eabi/lib/thumb/v6-m/nofp/libc_nano.a(lib_a-nano-reallocr.o)
 .ARM.attributes
                0x000000000000071f       0x2c /usr/lib/gcc/arm-none-eabi/10.1.0/../../../../arm-none-eabi/lib/thumb/v6-m/nofp/libc_nano.a(lib_a-sbrkr.o)
 .ARM.attributes
                0x000000000000074b       0x2c /usr/lib/gcc/arm-none-eabi/10.1.0/../../../../arm-none-eabi/lib/thumb/v6-m/nofp/libc_nano.a(lib_a-mlock.o)
 .ARM.attributes
                0x0000000000000777       0x2c /usr/lib/gcc/arm-none-eabi/10.1.0/../../../../arm-none-eabi/lib/thumb/v6-m/nofp/libc_nano.a(lib_a-nano-msizer.o)
 .ARM.attributes
                0x00000000000007a3       0x2c /usr/lib/gcc/arm-none-eabi/10.1.0/../../../../arm-none-eabi/lib/thumb/v6-m/nofp/libc_nano.a(lib_a-reent.o)
 .ARM.attributes
                0x00000000000007cf       0x2c /usr/lib/gcc/arm-none-eabi/10.1.0/../../../../arm-none-eabi/lib/thumb/v6-m/nofp/libm.a(lib_a-s_ceil.o)
 .ARM.attributes
                0x00000000000007fb       0x2c /usr/lib/gcc/arm-none-eabi/10.1.0/../../../../arm-none-eabi/lib/thumb/v6-m/nofp/libnosys.a(sbrk.o)
 .ARM.attributes
                0x0000000000000827       0x1e /usr/lib/gcc/arm-none-eabi/10.1.0/thumb/v6-m/nofp/libgcc.a(_thumb1_case_uqi.o)
 .ARM.attributes
                0x0000000000000845       0x1e /usr/lib/gcc/arm-none-eabi/10.1.0/thumb/v6-m/nofp/libgcc.a(_thumb1_case_shi.o)
 .ARM.attributes
                0x0000000000000863       0x1e /usr/lib/gcc/arm-none-eabi/10.1.0/thumb/v6-m/nofp/libgcc.a(_thumb1_case_uhi.o)
 .ARM.attributes
                0x0000000000000881       0x1e /usr/lib/gcc/arm-none-eabi/10.1.0/thumb/v6-m/nofp/libgcc.a(_udivsi3.o)
 .ARM.attributes
                0x000000000000089f       0x1e /usr/lib/gcc/arm-none-eabi/10.1.0/thumb/v6-m/nofp/libgcc.a(_dvmd_tls.o)
 .ARM.attributes
                0x00000000000008bd       0x1e /usr/lib/gcc/arm-none-eabi/10.1.0/thumb/v6-m/nofp/libgcc.a(_lshrdi3.o)
 .ARM.attributes
                0x00000000000008db       0x1e /usr/lib/gcc/arm-none-eabi/10.1.0/thumb/v6-m/nofp/libgcc.a(_arm_cmpdf2.o)
 .ARM.attributes
                0x00000000000008f9       0x1e /usr/lib/gcc/arm-none-eabi/10.1.0/thumb/v6-m/nofp/libgcc.a(_arm_cmpsf2.o)
 .ARM.attributes
                0x0000000000000917       0x2c /usr/lib/gcc/arm-none-eabi/10.1.0/thumb/v6-m/nofp/libgcc.a(_fixunssfsi.o)
 .ARM.attributes
                0x0000000000000943       0x2c /usr/lib/gcc/arm-none-eabi/10.1.0/thumb/v6-m/nofp/libgcc.a(_fixunsdfsi.o)
 .ARM.attributes
                0x000000000000096f       0x2c /usr/lib/gcc/arm-none-eabi/10.1.0/thumb/v6-m/nofp/libgcc.a(addsf3.o)
 .ARM.attributes
                0x000000000000099b       0x2c /usr/lib/gcc/arm-none-eabi/10.1.0/thumb/v6-m/nofp/libgcc.a(divsf3.o)
 .ARM.attributes
                0x00000000000009c7       0x2c /usr/lib/gcc/arm-none-eabi/10.1.0/thumb/v6-m/nofp/libgcc.a(eqsf2.o)
 .ARM.attributes
                0x00000000000009f3       0x2c /usr/lib/gcc/arm-none-eabi/10.1.0/thumb/v6-m/nofp/libgcc.a(gesf2.o)
 .ARM.attributes
                0x0000000000000a1f       0x2c /usr/lib/gcc/arm-none-eabi/10.1.0/thumb/v6-m/nofp/libgcc.a(lesf2.o)
 .ARM.attributes
                0x0000000000000a4b       0x2c /usr/lib/gcc/arm-none-eabi/10.1.0/thumb/v6-m/nofp/libgcc.a(mulsf3.o)
 .ARM.attributes
                0x0000000000000a77       0x2c /usr/lib/gcc/arm-none-eabi/10.1.0/thumb/v6-m/nofp/libgcc.a(subsf3.o)
 .ARM.attributes
                0x0000000000000aa3       0x2c /usr/lib/gcc/arm-none-eabi/10.1.0/thumb/v6-m/nofp/libgcc.a(fixsfsi.o)
 .ARM.attributes
                0x0000000000000acf       0x2c /usr/lib/gcc/arm-none-eabi/10.1.0/thumb/v6-m/nofp/libgcc.a(floatsisf.o)
 .ARM.attributes
                0x0000000000000afb       0x2c /usr/lib/gcc/arm-none-eabi/10.1.0/thumb/v6-m/nofp/libgcc.a(floatunsisf.o)
 .ARM.attributes
                0x0000000000000b27       0x2c /usr/lib/gcc/arm-none-eabi/10.1.0/thumb/v6-m/nofp/libgcc.a(adddf3.o)
 .ARM.attributes
                0x0000000000000b53       0x2c /usr/lib/gcc/arm-none-eabi/10.1.0/thumb/v6-m/nofp/libgcc.a(divdf3.o)
 .ARM.attributes
                0x0000000000000b7f       0x2c /usr/lib/gcc/arm-none-eabi/10.1.0/thumb/v6-m/nofp/libgcc.a(eqdf2.o)
 .ARM.attributes
                0x0000000000000bab       0x2c /usr/lib/gcc/arm-none-eabi/10.1.0/thumb/v6-m/nofp/libgcc.a(gedf2.o)
 .ARM.attributes
                0x0000000000000bd7       0x2c /usr/lib/gcc/arm-none-eabi/10.1.0/thumb/v6-m/nofp/libgcc.a(ledf2.o)
 .ARM.attributes
                0x0000000000000c03       0x2c /usr/lib/gcc/arm-none-eabi/10.1.0/thumb/v6-m/nofp/libgcc.a(muldf3.o)
 .ARM.attributes
                0x0000000000000c2f       0x2c /usr/lib/gcc/arm-none-eabi/10.1.0/thumb/v6-m/nofp/libgcc.a(subdf3.o)
 .ARM.attributes
                0x0000000000000c5b       0x2c /usr/lib/gcc/arm-none-eabi/10.1.0/thumb/v6-m/nofp/libgcc.a(fixdfsi.o)
 .ARM.attributes
                0x0000000000000c87       0x2c /usr/lib/gcc/arm-none-eabi/10.1.0/thumb/v6-m/nofp/libgcc.a(floatsidf.o)
 .ARM.attributes
                0x0000000000000cb3       0x2c /usr/lib/gcc/arm-none-eabi/10.1.0/thumb/v6-m/nofp/libgcc.a(extendsfdf2.o)
 .ARM.attributes
                0x0000000000000cdf       0x2c /usr/lib/gcc/arm-none-eabi/10.1.0/thumb/v6-m/nofp/libgcc.a(truncdfsf2.o)
 .ARM.attributes
                0x0000000000000d0b       0x1e /usr/lib/gcc/arm-none-eabi/10.1.0/thumb/v6-m/nofp/libgcc.a(_clzsi2.o)
 .ARM.attributes
                0x0000000000000d29       0x1e /usr/lib/gcc/arm-none-eabi/10.1.0/thumb/v6-m/nofp/crtn.o
OUTPUT(build/firmware.elf elf32-littlearm)
LOAD linker stubs
LOAD /usr/lib/gcc/arm-none-eabi/10.1.0/../../../../arm-none-eabi/lib/thumb/v6-m/nofp/libc.a
LOAD /usr/lib/gcc/arm-none-eabi/10.1.0/../../../../arm-none-eabi/lib/thumb/v6-m/nofp/libm.a
LOAD /usr/lib/gcc/arm-none-eabi/10.1.0/thumb/v6-m/nofp/libgcc.a

.comment        0x0000000000000000       0x1e
 .comment       0x0000000000000000       0x1e build/stm32f0xx_it.o
                                         0x1f (size before relaxing)
 .comment       0x000000000000001e       0x1f build/stm32f0xx_hal_msp.o
 .comment       0x000000000000001e       0x1f build/stm32f0xx_hal_adc.o
 .comment       0x000000000000001e       0x1f build/stm32f0xx_hal_i2c.o
 .comment       0x000000000000001e       0x1f build/stm32f0xx_hal_i2c_ex.o
 .comment       0x000000000000001e       0x1f build/stm32f0xx_hal_iwdg.o
 .comment       0x000000000000001e       0x1f build/stm32f0xx_hal_tim.o
 .comment       0x000000000000001e       0x1f build/stm32f0xx_hal_tim_ex.o
 .comment       0x000000000000001e       0x1f build/stm32f0xx_hal_pcd.o
 .comment       0x000000000000001e       0x1f build/stm32f0xx_hal_rcc.o
 .comment       0x000000000000001e       0x1f build/stm32f0xx_hal_rcc_ex.o
 .comment       0x000000000000001e       0x1f build/stm32f0xx_hal.o
 .comment       0x000000000000001e       0x1f build/stm32f0xx_hal_gpio.o
 .comment       0x000000000000001e       0x1f build/stm32f0xx_hal_dma.o
 .comment       0x000000000000001e       0x1f build/stm32f0xx_hal_cortex.o
 .comment       0x000000000000001e       0x1f build/stm32f0xx_hal_flash.o
 .comment       0x000000000000001e       0x1f build/usbd_core.o
 .comment       0x000000000000001e       0x1f build/usbd_ctlreq.o
 .comment       0x000000000000001e       0x1f build/usbd_ioreq.o
 .comment       0x000000000000001e       0x1f build/usbd_cdc.o
 .comment       0x000000000000001e       0x1f build/usbd_conf.o
 .comment       0x000000000000001e       0x1f build/usbd_cdc_interface.o
 .comment       0x000000000000001e       0x1f build/main.o
 .comment       0x000000000000001e       0x1f build/stusb4500.o
 .comment       0x000000000000001e       0x1f build/system_stm32f0xx.o

.debug_frame    0x0000000000000000      0x894
 .debug_frame   0x0000000000000000       0x2c /usr/lib/gcc/arm-none-eabi/10.1.0/../../../../arm-none-eabi/lib/thumb/v6-m/nofp/libc_nano.a(lib_a-init.o)
 .debug_frame   0x000000000000002c       0x28 /usr/lib/gcc/arm-none-eabi/10.1.0/../../../../arm-none-eabi/lib/thumb/v6-m/nofp/libc_nano.a(lib_a-memcpy-stub.o)
 .debug_frame   0x0000000000000054       0x20 /usr/lib/gcc/arm-none-eabi/10.1.0/../../../../arm-none-eabi/lib/thumb/v6-m/nofp/libc_nano.a(lib_a-memset.o)
 .debug_frame   0x0000000000000074       0x48 /usr/lib/gcc/arm-none-eabi/10.1.0/../../../../arm-none-eabi/lib/thumb/v6-m/nofp/libc_nano.a(lib_a-sprintf.o)
 .debug_frame   0x00000000000000bc       0x20 /usr/lib/gcc/arm-none-eabi/10.1.0/../../../../arm-none-eabi/lib/thumb/v6-m/nofp/libc_nano.a(lib_a-strcpy.o)
 .debug_frame   0x00000000000000dc       0xb0 /usr/lib/gcc/arm-none-eabi/10.1.0/../../../../arm-none-eabi/lib/thumb/v6-m/nofp/libc_nano.a(lib_a-lock.o)
 .debug_frame   0x000000000000018c       0x74 /usr/lib/gcc/arm-none-eabi/10.1.0/../../../../arm-none-eabi/lib/thumb/v6-m/nofp/libc_nano.a(lib_a-nano-svfprintf.o)
 .debug_frame   0x0000000000000200       0x54 /usr/lib/gcc/arm-none-eabi/10.1.0/../../../../arm-none-eabi/lib/thumb/v6-m/nofp/libc_nano.a(lib_a-nano-vfprintf_i.o)
 .debug_frame   0x0000000000000254       0x20 /usr/lib/gcc/arm-none-eabi/10.1.0/../../../../arm-none-eabi/lib/thumb/v6-m/nofp/libc_nano.a(lib_a-memchr-stub.o)
 .debug_frame   0x0000000000000274       0x28 /usr/lib/gcc/arm-none-eabi/10.1.0/../../../../arm-none-eabi/lib/thumb/v6-m/nofp/libc_nano.a(lib_a-memmove.o)
 .debug_frame   0x000000000000029c       0x2c /usr/lib/gcc/arm-none-eabi/10.1.0/../../../../arm-none-eabi/lib/thumb/v6-m/nofp/libc_nano.a(lib_a-nano-freer.o)
 .debug_frame   0x00000000000002c8       0x30 /usr/lib/gcc/arm-none-eabi/10.1.0/../../../../arm-none-eabi/lib/thumb/v6-m/nofp/libc_nano.a(lib_a-nano-mallocr.o)
 .debug_frame   0x00000000000002f8       0x30 /usr/lib/gcc/arm-none-eabi/10.1.0/../../../../arm-none-eabi/lib/thumb/v6-m/nofp/libc_nano.a(lib_a-nano-reallocr.o)
 .debug_frame   0x0000000000000328       0x2c /usr/lib/gcc/arm-none-eabi/10.1.0/../../../../arm-none-eabi/lib/thumb/v6-m/nofp/libc_nano.a(lib_a-sbrkr.o)
 .debug_frame   0x0000000000000354       0x40 /usr/lib/gcc/arm-none-eabi/10.1.0/../../../../arm-none-eabi/lib/thumb/v6-m/nofp/libc_nano.a(lib_a-mlock.o)
 .debug_frame   0x0000000000000394       0x20 /usr/lib/gcc/arm-none-eabi/10.1.0/../../../../arm-none-eabi/lib/thumb/v6-m/nofp/libc_nano.a(lib_a-nano-msizer.o)
 .debug_frame   0x00000000000003b4       0x48 /usr/lib/gcc/arm-none-eabi/10.1.0/../../../../arm-none-eabi/lib/thumb/v6-m/nofp/libc_nano.a(lib_a-reent.o)
 .debug_frame   0x00000000000003fc       0x38 /usr/lib/gcc/arm-none-eabi/10.1.0/../../../../arm-none-eabi/lib/thumb/v6-m/nofp/libm.a(lib_a-s_ceil.o)
 .debug_frame   0x0000000000000434       0x20 /usr/lib/gcc/arm-none-eabi/10.1.0/../../../../arm-none-eabi/lib/thumb/v6-m/nofp/libnosys.a(sbrk.o)
 .debug_frame   0x0000000000000454       0x20 /usr/lib/gcc/arm-none-eabi/10.1.0/thumb/v6-m/nofp/libgcc.a(_udivsi3.o)
 .debug_frame   0x0000000000000474       0x28 /usr/lib/gcc/arm-none-eabi/10.1.0/thumb/v6-m/nofp/libgcc.a(_fixunssfsi.o)
 .debug_frame   0x000000000000049c       0x2c /usr/lib/gcc/arm-none-eabi/10.1.0/thumb/v6-m/nofp/libgcc.a(_fixunsdfsi.o)
 .debug_frame   0x00000000000004c8       0x34 /usr/lib/gcc/arm-none-eabi/10.1.0/thumb/v6-m/nofp/libgcc.a(addsf3.o)
 .debug_frame   0x00000000000004fc       0x30 /usr/lib/gcc/arm-none-eabi/10.1.0/thumb/v6-m/nofp/libgcc.a(divsf3.o)
 .debug_frame   0x000000000000052c       0x2c /usr/lib/gcc/arm-none-eabi/10.1.0/thumb/v6-m/nofp/libgcc.a(eqsf2.o)
 .debug_frame   0x0000000000000558       0x2c /usr/lib/gcc/arm-none-eabi/10.1.0/thumb/v6-m/nofp/libgcc.a(gesf2.o)
 .debug_frame   0x0000000000000584       0x2c /usr/lib/gcc/arm-none-eabi/10.1.0/thumb/v6-m/nofp/libgcc.a(lesf2.o)
 .debug_frame   0x00000000000005b0       0x30 /usr/lib/gcc/arm-none-eabi/10.1.0/thumb/v6-m/nofp/libgcc.a(mulsf3.o)
 .debug_frame   0x00000000000005e0       0x34 /usr/lib/gcc/arm-none-eabi/10.1.0/thumb/v6-m/nofp/libgcc.a(subsf3.o)
 .debug_frame   0x0000000000000614       0x20 /usr/lib/gcc/arm-none-eabi/10.1.0/thumb/v6-m/nofp/libgcc.a(fixsfsi.o)
 .debug_frame   0x0000000000000634       0x2c /usr/lib/gcc/arm-none-eabi/10.1.0/thumb/v6-m/nofp/libgcc.a(floatsisf.o)
 .debug_frame   0x0000000000000660       0x2c /usr/lib/gcc/arm-none-eabi/10.1.0/thumb/v6-m/nofp/libgcc.a(floatunsisf.o)
 .debug_frame   0x000000000000068c       0x34 /usr/lib/gcc/arm-none-eabi/10.1.0/thumb/v6-m/nofp/libgcc.a(adddf3.o)
 .debug_frame   0x00000000000006c0       0x30 /usr/lib/gcc/arm-none-eabi/10.1.0/thumb/v6-m/nofp/libgcc.a(divdf3.o)
 .debug_frame   0x00000000000006f0       0x30 /usr/lib/gcc/arm-none-eabi/10.1.0/thumb/v6-m/nofp/libgcc.a(eqdf2.o)
 .debug_frame   0x0000000000000720       0x30 /usr/lib/gcc/arm-none-eabi/10.1.0/thumb/v6-m/nofp/libgcc.a(gedf2.o)
 .debug_frame   0x0000000000000750       0x30 /usr/lib/gcc/arm-none-eabi/10.1.0/thumb/v6-m/nofp/libgcc.a(ledf2.o)
 .debug_frame   0x0000000000000780       0x30 /usr/lib/gcc/arm-none-eabi/10.1.0/thumb/v6-m/nofp/libgcc.a(muldf3.o)
 .debug_frame   0x00000000000007b0       0x34 /usr/lib/gcc/arm-none-eabi/10.1.0/thumb/v6-m/nofp/libgcc.a(subdf3.o)
 .debug_frame   0x00000000000007e4       0x2c /usr/lib/gcc/arm-none-eabi/10.1.0/thumb/v6-m/nofp/libgcc.a(fixdfsi.o)
 .debug_frame   0x0000000000000810       0x2c /usr/lib/gcc/arm-none-eabi/10.1.0/thumb/v6-m/nofp/libgcc.a(floatsidf.o)
 .debug_frame   0x000000000000083c       0x2c /usr/lib/gcc/arm-none-eabi/10.1.0/thumb/v6-m/nofp/libgcc.a(extendsfdf2.o)
 .debug_frame   0x0000000000000868       0x2c /usr/lib/gcc/arm-none-eabi/10.1.0/thumb/v6-m/nofp/libgcc.a(truncdfsf2.o)

Cross Reference Table

Symbol                                            File
ADC1_COMP_IRQHandler                              build/stm32f0xx_it.o
AHBPrescTable                                     build/system_stm32f0xx.o
                                                  build/stm32f0xx_hal_rcc.o
APBPrescTable                                     build/system_stm32f0xx.o
                                                  build/stm32f0xx_hal_rcc.o
CEC_CAN_IRQHandler                                build/startup_stm32f072xb.o
DMA1_Channel1_IRQHandler                          build/stm32f0xx_it.o
DMA1_Channel2_3_IRQHandler                        build/startup_stm32f072xb.o
DMA1_Channel4_5_6_7_IRQHandler                    build/startup_stm32f072xb.o
Default_Handler                                   build/startup_stm32f072xb.o
EXTI0_1_IRQHandler                                build/startup_stm32f072xb.o
EXTI2_3_IRQHandler                                build/startup_stm32f072xb.o
EXTI4_15_IRQHandler                               build/startup_stm32f072xb.o
Error_Handler                                     build/main.o
FLASH_IRQHandler                                  build/startup_stm32f072xb.o
FLASH_PageErase                                   build/stm32f0xx_hal_flash_ex.o
                                                  build/stm32f0xx_hal_flash.o
FLASH_WaitForLastOperation                        build/stm32f0xx_hal_flash.o
                                                  build/stm32f0xx_hal_flash_ex.o
HAL_ADCEx_Calibration_Start                       build/stm32f0xx_hal_adc_ex.o
HAL_ADC_AnalogWDGConfig                           build/stm32f0xx_hal_adc.o
HAL_ADC_ConfigChannel                             build/stm32f0xx_hal_adc.o
                                                  build/main.o
HAL_ADC_ConvCpltCallback                          build/stm32f0xx_hal_adc.o
HAL_ADC_ConvHalfCpltCallback                      build/stm32f0xx_hal_adc.o
HAL_ADC_DeInit                                    build/stm32f0xx_hal_adc.o
HAL_ADC_ErrorCallback                             build/stm32f0xx_hal_adc.o
HAL_ADC_GetError                                  build/stm32f0xx_hal_adc.o
HAL_ADC_GetState                                  build/stm32f0xx_hal_adc.o
HAL_ADC_GetValue                                  build/stm32f0xx_hal_adc.o
HAL_ADC_IRQHandler                                build/stm32f0xx_hal_adc.o
                                                  build/stm32f0xx_it.o
HAL_ADC_Init                                      build/stm32f0xx_hal_adc.o
                                                  build/main.o
HAL_ADC_LevelOutOfWindowCallback                  build/stm32f0xx_hal_adc.o
HAL_ADC_MspDeInit                                 build/stm32f0xx_hal_msp.o
HAL_ADC_MspInit                                   build/stm32f0xx_hal_msp.o
                                                  build/main.o
HAL_ADC_PollForConversion                         build/stm32f0xx_hal_adc.o
HAL_ADC_PollForEvent                              build/stm32f0xx_hal_adc.o
HAL_ADC_Start                                     build/stm32f0xx_hal_adc.o
HAL_ADC_Start_DMA                                 build/stm32f0xx_hal_adc.o
                                                  build/main.o
HAL_ADC_Start_IT                                  build/stm32f0xx_hal_adc.o
HAL_ADC_Stop                                      build/stm32f0xx_hal_adc.o
HAL_ADC_Stop_DMA                                  build/stm32f0xx_hal_adc.o
HAL_ADC_Stop_IT                                   build/stm32f0xx_hal_adc.o
HAL_DBGMCU_DisableDBGStandbyMode                  build/stm32f0xx_hal.o
HAL_DBGMCU_DisableDBGStopMode                     build/stm32f0xx_hal.o
HAL_DBGMCU_EnableDBGStandbyMode                   build/stm32f0xx_hal.o
HAL_DBGMCU_EnableDBGStopMode                      build/stm32f0xx_hal.o
HAL_DMA_Abort                                     build/stm32f0xx_hal_dma.o
                                                  build/stm32f0xx_hal_tim.o
                                                  build/stm32f0xx_hal_adc.o
HAL_DMA_Abort_IT                                  build/stm32f0xx_hal_dma.o
                                                  build/stm32f0xx_hal_i2c.o
HAL_DMA_DeInit                                    build/stm32f0xx_hal_dma.o
                                                  build/stm32f0xx_hal_msp.o
HAL_DMA_GetError                                  build/stm32f0xx_hal_dma.o
HAL_DMA_GetState                                  build/stm32f0xx_hal_dma.o
HAL_DMA_IRQHandler                                build/stm32f0xx_hal_dma.o
                                                  build/stm32f0xx_it.o
HAL_DMA_Init                                      build/stm32f0xx_hal_dma.o
                                                  build/stm32f0xx_hal_msp.o
HAL_DMA_PollForTransfer                           build/stm32f0xx_hal_dma.o
HAL_DMA_RegisterCallback                          build/stm32f0xx_hal_dma.o
HAL_DMA_Start                                     build/stm32f0xx_hal_dma.o
HAL_DMA_Start_IT                                  build/stm32f0xx_hal_dma.o
                                                  build/stm32f0xx_hal_tim_ex.o
                                                  build/stm32f0xx_hal_tim.o
                                                  build/stm32f0xx_hal_i2c.o
                                                  build/stm32f0xx_hal_adc.o
HAL_DMA_UnRegisterCallback                        build/stm32f0xx_hal_dma.o
HAL_DeInit                                        build/stm32f0xx_hal.o
HAL_Delay                                         build/stm32f0xx_hal.o
                                                  build/main.o
                                                  build/usbd_conf.o
HAL_FLASHEx_Erase                                 build/stm32f0xx_hal_flash_ex.o
HAL_FLASHEx_Erase_IT                              build/stm32f0xx_hal_flash_ex.o
HAL_FLASHEx_OBErase                               build/stm32f0xx_hal_flash_ex.o
HAL_FLASHEx_OBGetConfig                           build/stm32f0xx_hal_flash_ex.o
HAL_FLASHEx_OBGetUserData                         build/stm32f0xx_hal_flash_ex.o
HAL_FLASHEx_OBProgram                             build/stm32f0xx_hal_flash_ex.o
HAL_FLASH_EndOfOperationCallback                  build/stm32f0xx_hal_flash.o
HAL_FLASH_GetError                                build/stm32f0xx_hal_flash.o
HAL_FLASH_IRQHandler                              build/stm32f0xx_hal_flash.o
HAL_FLASH_Lock                                    build/stm32f0xx_hal_flash.o
                                                  build/main.o
HAL_FLASH_OB_Launch                               build/stm32f0xx_hal_flash.o
HAL_FLASH_OB_Lock                                 build/stm32f0xx_hal_flash.o
HAL_FLASH_OB_Unlock                               build/stm32f0xx_hal_flash.o
HAL_FLASH_OperationErrorCallback                  build/stm32f0xx_hal_flash.o
HAL_FLASH_Program                                 build/stm32f0xx_hal_flash.o
                                                  build/main.o
HAL_FLASH_Program_IT                              build/stm32f0xx_hal_flash.o
HAL_FLASH_Unlock                                  build/stm32f0xx_hal_flash.o
                                                  build/main.o
HAL_GPIO_DeInit                                   build/stm32f0xx_hal_gpio.o
                                                  build/stm32f0xx_hal_msp.o
HAL_GPIO_EXTI_Callback                            build/stm32f0xx_hal_gpio.o
HAL_GPIO_EXTI_IRQHandler                          build/stm32f0xx_hal_gpio.o
HAL_GPIO_Init                                     build/stm32f0xx_hal_gpio.o
                                                  build/main.o
                                                  build/usbd_conf.o
                                                  build/stm32f0xx_hal_rcc.o
                                                  build/stm32f0xx_hal_msp.o
HAL_GPIO_LockPin                                  build/stm32f0xx_hal_gpio.o
HAL_GPIO_ReadPin                                  build/stm32f0xx_hal_gpio.o
                                                  build/main.o
HAL_GPIO_TogglePin                                build/stm32f0xx_hal_gpio.o
HAL_GPIO_WritePin                                 build/stm32f0xx_hal_gpio.o
HAL_GetDEVID                                      build/stm32f0xx_hal.o
HAL_GetHalVersion                                 build/stm32f0xx_hal.o
HAL_GetREVID                                      build/stm32f0xx_hal.o
HAL_GetTick                                       build/stm32f0xx_hal.o
                                                  build/stm32f0xx_hal_flash.o
                                                  build/stm32f0xx_hal_dma.o
                                                  build/stm32f0xx_hal_rcc_ex.o
                                                  build/stm32f0xx_hal_rcc.o
                                                  build/stm32f0xx_hal_iwdg.o
                                                  build/stm32f0xx_hal_i2c.o
                                                  build/stm32f0xx_hal_adc_ex.o
                                                  build/stm32f0xx_hal_adc.o
HAL_GetUIDw0                                      build/stm32f0xx_hal.o
HAL_GetUIDw1                                      build/stm32f0xx_hal.o
HAL_GetUIDw2                                      build/stm32f0xx_hal.o
HAL_I2CEx_ConfigAnalogFilter                      build/stm32f0xx_hal_i2c_ex.o
                                                  build/main.o
HAL_I2CEx_ConfigDigitalFilter                     build/stm32f0xx_hal_i2c_ex.o
                                                  build/main.o
HAL_I2CEx_DisableFastModePlus                     build/stm32f0xx_hal_i2c_ex.o
HAL_I2CEx_DisableWakeUp                           build/stm32f0xx_hal_i2c_ex.o
HAL_I2CEx_EnableFastModePlus                      build/stm32f0xx_hal_i2c_ex.o
HAL_I2CEx_EnableWakeUp                            build/stm32f0xx_hal_i2c_ex.o
HAL_I2C_AbortCpltCallback                         build/stm32f0xx_hal_i2c.o
HAL_I2C_AddrCallback                              build/stm32f0xx_hal_i2c.o
HAL_I2C_DeInit                                    build/stm32f0xx_hal_i2c.o
HAL_I2C_DisableListen_IT                          build/stm32f0xx_hal_i2c.o
HAL_I2C_ER_IRQHandler                             build/stm32f0xx_hal_i2c.o
HAL_I2C_EV_IRQHandler                             build/stm32f0xx_hal_i2c.o
HAL_I2C_EnableListen_IT                           build/stm32f0xx_hal_i2c.o
HAL_I2C_ErrorCallback                             build/stm32f0xx_hal_i2c.o
HAL_I2C_GetError                                  build/stm32f0xx_hal_i2c.o
HAL_I2C_GetMode                                   build/stm32f0xx_hal_i2c.o
HAL_I2C_GetState                                  build/stm32f0xx_hal_i2c.o
HAL_I2C_Init                                      build/stm32f0xx_hal_i2c.o
                                                  build/main.o
HAL_I2C_IsDeviceReady                             build/stm32f0xx_hal_i2c.o
HAL_I2C_ListenCpltCallback                        build/stm32f0xx_hal_i2c.o
HAL_I2C_MasterRxCpltCallback                      build/stm32f0xx_hal_i2c.o
HAL_I2C_MasterTxCpltCallback                      build/stm32f0xx_hal_i2c.o
HAL_I2C_Master_Abort_IT                           build/stm32f0xx_hal_i2c.o
HAL_I2C_Master_Receive                            build/stm32f0xx_hal_i2c.o
HAL_I2C_Master_Receive_DMA                        build/stm32f0xx_hal_i2c.o
HAL_I2C_Master_Receive_IT                         build/stm32f0xx_hal_i2c.o
HAL_I2C_Master_Sequential_Receive_IT              build/stm32f0xx_hal_i2c.o
HAL_I2C_Master_Sequential_Transmit_IT             build/stm32f0xx_hal_i2c.o
HAL_I2C_Master_Transmit                           build/stm32f0xx_hal_i2c.o
                                                  build/main.o
HAL_I2C_Master_Transmit_DMA                       build/stm32f0xx_hal_i2c.o
HAL_I2C_Master_Transmit_IT                        build/stm32f0xx_hal_i2c.o
HAL_I2C_MemRxCpltCallback                         build/stm32f0xx_hal_i2c.o
HAL_I2C_MemTxCpltCallback                         build/stm32f0xx_hal_i2c.o
HAL_I2C_Mem_Read                                  build/stm32f0xx_hal_i2c.o
                                                  build/stusb4500.o
HAL_I2C_Mem_Read_DMA                              build/stm32f0xx_hal_i2c.o
HAL_I2C_Mem_Read_IT                               build/stm32f0xx_hal_i2c.o
HAL_I2C_Mem_Write                                 build/stm32f0xx_hal_i2c.o
                                                  build/stusb4500.o
HAL_I2C_Mem_Write_DMA                             build/stm32f0xx_hal_i2c.o
HAL_I2C_Mem_Write_IT                              build/stm32f0xx_hal_i2c.o
HAL_I2C_MspDeInit                                 build/stm32f0xx_hal_msp.o
HAL_I2C_MspInit                                   build/stm32f0xx_hal_msp.o
HAL_I2C_SlaveRxCpltCallback                       build/stm32f0xx_hal_i2c.o
HAL_I2C_SlaveTxCpltCallback                       build/stm32f0xx_hal_i2c.o
HAL_I2C_Slave_Receive                             build/stm32f0xx_hal_i2c.o
HAL_I2C_Slave_Receive_DMA                         build/stm32f0xx_hal_i2c.o
HAL_I2C_Slave_Receive_IT                          build/stm32f0xx_hal_i2c.o
HAL_I2C_Slave_Sequential_Receive_IT               build/stm32f0xx_hal_i2c.o
HAL_I2C_Slave_Sequential_Transmit_IT              build/stm32f0xx_hal_i2c.o
HAL_I2C_Slave_Transmit                            build/stm32f0xx_hal_i2c.o
HAL_I2C_Slave_Transmit_DMA                        build/stm32f0xx_hal_i2c.o
HAL_I2C_Slave_Transmit_IT                         build/stm32f0xx_hal_i2c.o
HAL_IWDG_Init                                     build/stm32f0xx_hal_iwdg.o
                                                  build/main.o
HAL_IWDG_Refresh                                  build/stm32f0xx_hal_iwdg.o
                                                  build/main.o
HAL_IncTick                                       build/stm32f0xx_hal.o
                                                  build/stm32f0xx_it.o
HAL_Init                                          build/stm32f0xx_hal.o
                                                  build/main.o
HAL_InitTick                                      build/stm32f0xx_hal.o
                                                  build/stm32f0xx_hal_rcc.o
HAL_MspDeInit                                     build/stm32f0xx_hal.o
HAL_MspInit                                       build/stm32f0xx_hal_msp.o
HAL_NVIC_ClearPendingIRQ                          build/stm32f0xx_hal_cortex.o
HAL_NVIC_DisableIRQ                               build/stm32f0xx_hal_cortex.o
                                                  build/stm32f0xx_hal_msp.o
HAL_NVIC_EnableIRQ                                build/stm32f0xx_hal_cortex.o
                                                  build/main.o
                                                  build/usbd_conf.o
                                                  build/stm32f0xx_hal_msp.o
HAL_NVIC_GetPendingIRQ                            build/stm32f0xx_hal_cortex.o
HAL_NVIC_GetPriority                              build/stm32f0xx_hal_cortex.o
HAL_NVIC_SetPendingIRQ                            build/stm32f0xx_hal_cortex.o
HAL_NVIC_SetPriority                              build/stm32f0xx_hal_cortex.o
                                                  build/main.o
                                                  build/usbd_conf.o
                                                  build/stm32f0xx_hal.o
                                                  build/stm32f0xx_hal_msp.o
HAL_NVIC_SystemReset                              build/stm32f0xx_hal_cortex.o
HAL_PCDEx_PMAConfig                               build/stm32f0xx_hal_pcd_ex.o
                                                  build/usbd_conf.o
HAL_PCD_ActivateRemoteWakeup                      build/stm32f0xx_hal_pcd.o
HAL_PCD_ConnectCallback                           build/usbd_conf.o
                                                  build/stm32f0xx_hal_pcd.o
HAL_PCD_DataInStageCallback                       build/usbd_conf.o
                                                  build/stm32f0xx_hal_pcd.o
HAL_PCD_DataOutStageCallback                      build/usbd_conf.o
                                                  build/stm32f0xx_hal_pcd.o
HAL_PCD_DeActivateRemoteWakeup                    build/stm32f0xx_hal_pcd.o
HAL_PCD_DeInit                                    build/stm32f0xx_hal_pcd.o
                                                  build/usbd_conf.o
HAL_PCD_DevConnect                                build/stm32f0xx_hal_pcd.o
HAL_PCD_DevDisconnect                             build/stm32f0xx_hal_pcd.o
HAL_PCD_DisconnectCallback                        build/usbd_conf.o
                                                  build/stm32f0xx_hal_pcd.o
HAL_PCD_EP_Close                                  build/stm32f0xx_hal_pcd.o
                                                  build/usbd_conf.o
HAL_PCD_EP_ClrStall                               build/stm32f0xx_hal_pcd.o
                                                  build/usbd_conf.o
HAL_PCD_EP_Flush                                  build/stm32f0xx_hal_pcd.o
                                                  build/usbd_conf.o
HAL_PCD_EP_GetRxCount                             build/stm32f0xx_hal_pcd.o
                                                  build/usbd_conf.o
HAL_PCD_EP_Open                                   build/stm32f0xx_hal_pcd.o
                                                  build/usbd_conf.o
HAL_PCD_EP_Receive                                build/stm32f0xx_hal_pcd.o
                                                  build/usbd_conf.o
HAL_PCD_EP_SetStall                               build/stm32f0xx_hal_pcd.o
                                                  build/usbd_conf.o
HAL_PCD_EP_Transmit                               build/stm32f0xx_hal_pcd.o
                                                  build/usbd_conf.o
HAL_PCD_GetState                                  build/stm32f0xx_hal_pcd.o
HAL_PCD_IRQHandler                                build/stm32f0xx_hal_pcd.o
                                                  build/stm32f0xx_it.o
HAL_PCD_ISOINIncompleteCallback                   build/usbd_conf.o
                                                  build/stm32f0xx_hal_pcd.o
HAL_PCD_ISOOUTIncompleteCallback                  build/usbd_conf.o
                                                  build/stm32f0xx_hal_pcd.o
HAL_PCD_Init                                      build/stm32f0xx_hal_pcd.o
                                                  build/usbd_conf.o
HAL_PCD_MspDeInit                                 build/usbd_conf.o
                                                  build/stm32f0xx_hal_pcd.o
HAL_PCD_MspInit                                   build/usbd_conf.o
                                                  build/stm32f0xx_hal_pcd.o
HAL_PCD_ResetCallback                             build/usbd_conf.o
                                                  build/stm32f0xx_hal_pcd.o
HAL_PCD_ResumeCallback                            build/usbd_conf.o
                                                  build/stm32f0xx_hal_pcd.o
HAL_PCD_SOFCallback                               build/usbd_conf.o
                                                  build/stm32f0xx_hal_pcd.o
HAL_PCD_SetAddress                                build/stm32f0xx_hal_pcd.o
                                                  build/usbd_conf.o
HAL_PCD_SetupStageCallback                        build/usbd_conf.o
                                                  build/stm32f0xx_hal_pcd.o
HAL_PCD_Start                                     build/stm32f0xx_hal_pcd.o
                                                  build/usbd_conf.o
HAL_PCD_Stop                                      build/stm32f0xx_hal_pcd.o
                                                  build/usbd_conf.o
HAL_PCD_SuspendCallback                           build/usbd_conf.o
                                                  build/stm32f0xx_hal_pcd.o
HAL_PWREx_DisableVddio2Monitor                    build/stm32f0xx_hal_pwr_ex.o
HAL_PWREx_EnableVddio2Monitor                     build/stm32f0xx_hal_pwr_ex.o
HAL_PWREx_Vddio2MonitorCallback                   build/stm32f0xx_hal_pwr_ex.o
HAL_PWREx_Vddio2Monitor_IRQHandler                build/stm32f0xx_hal_pwr_ex.o
HAL_PWR_ConfigPVD                                 build/stm32f0xx_hal_pwr_ex.o
HAL_PWR_DeInit                                    build/stm32f0xx_hal_pwr.o
HAL_PWR_DisableBkUpAccess                         build/stm32f0xx_hal_pwr.o
HAL_PWR_DisablePVD                                build/stm32f0xx_hal_pwr_ex.o
HAL_PWR_DisableSEVOnPend                          build/stm32f0xx_hal_pwr.o
HAL_PWR_DisableSleepOnExit                        build/stm32f0xx_hal_pwr.o
HAL_PWR_DisableWakeUpPin                          build/stm32f0xx_hal_pwr.o
HAL_PWR_EnableBkUpAccess                          build/stm32f0xx_hal_pwr.o
HAL_PWR_EnablePVD                                 build/stm32f0xx_hal_pwr_ex.o
HAL_PWR_EnableSEVOnPend                           build/stm32f0xx_hal_pwr.o
HAL_PWR_EnableSleepOnExit                         build/stm32f0xx_hal_pwr.o
HAL_PWR_EnableWakeUpPin                           build/stm32f0xx_hal_pwr.o
HAL_PWR_EnterSLEEPMode                            build/stm32f0xx_hal_pwr.o
HAL_PWR_EnterSTANDBYMode                          build/stm32f0xx_hal_pwr.o
HAL_PWR_EnterSTOPMode                             build/stm32f0xx_hal_pwr.o