Archive member included to satisfy reference by file (symbol)

/usr/lib/gcc/arm-none-eabi/7.3.1/../../../arm-none-eabi/lib/thumb/v6-m/libc_nano.a(lib_a-atexit.o)
                              /usr/lib/gcc/arm-none-eabi/7.3.1/../../../arm-none-eabi/lib/thumb/v6-m/crt0.o (atexit)
/usr/lib/gcc/arm-none-eabi/7.3.1/../../../arm-none-eabi/lib/thumb/v6-m/libc_nano.a(lib_a-exit.o)
                              /usr/lib/gcc/arm-none-eabi/7.3.1/../../../arm-none-eabi/lib/thumb/v6-m/crt0.o (exit)
/usr/lib/gcc/arm-none-eabi/7.3.1/../../../arm-none-eabi/lib/thumb/v6-m/libc_nano.a(lib_a-fini.o)
                              /usr/lib/gcc/arm-none-eabi/7.3.1/../../../arm-none-eabi/lib/thumb/v6-m/crt0.o (__libc_fini_array)
/usr/lib/gcc/arm-none-eabi/7.3.1/../../../arm-none-eabi/lib/thumb/v6-m/libc_nano.a(lib_a-impure.o)
                              /usr/lib/gcc/arm-none-eabi/7.3.1/../../../arm-none-eabi/lib/thumb/v6-m/libc_nano.a(lib_a-exit.o) (_global_impure_ptr)
/usr/lib/gcc/arm-none-eabi/7.3.1/../../../arm-none-eabi/lib/thumb/v6-m/libc_nano.a(lib_a-init.o)
                              /usr/lib/gcc/arm-none-eabi/7.3.1/../../../arm-none-eabi/lib/thumb/v6-m/crt0.o (__libc_init_array)
/usr/lib/gcc/arm-none-eabi/7.3.1/../../../arm-none-eabi/lib/thumb/v6-m/libc_nano.a(lib_a-memcpy-stub.o)
                              build/main.o (memcpy)
/usr/lib/gcc/arm-none-eabi/7.3.1/../../../arm-none-eabi/lib/thumb/v6-m/libc_nano.a(lib_a-memset.o)
                              /usr/lib/gcc/arm-none-eabi/7.3.1/../../../arm-none-eabi/lib/thumb/v6-m/crt0.o (memset)
/usr/lib/gcc/arm-none-eabi/7.3.1/../../../arm-none-eabi/lib/thumb/v6-m/libc_nano.a(lib_a-sprintf.o)
                              build/main.o (sprintf)
/usr/lib/gcc/arm-none-eabi/7.3.1/../../../arm-none-eabi/lib/thumb/v6-m/libc_nano.a(lib_a-__atexit.o)
                              /usr/lib/gcc/arm-none-eabi/7.3.1/../../../arm-none-eabi/lib/thumb/v6-m/libc_nano.a(lib_a-atexit.o) (__register_exitproc)
/usr/lib/gcc/arm-none-eabi/7.3.1/../../../arm-none-eabi/lib/thumb/v6-m/libc_nano.a(lib_a-__call_atexit.o)
                              /usr/lib/gcc/arm-none-eabi/7.3.1/../../../arm-none-eabi/lib/thumb/v6-m/libc_nano.a(lib_a-__atexit.o) (__call_exitprocs)
/usr/lib/gcc/arm-none-eabi/7.3.1/../../../arm-none-eabi/lib/thumb/v6-m/libc_nano.a(lib_a-nano-svfprintf.o)
                              /usr/lib/gcc/arm-none-eabi/7.3.1/../../../arm-none-eabi/lib/thumb/v6-m/libc_nano.a(lib_a-sprintf.o) (_svfprintf_r)
/usr/lib/gcc/arm-none-eabi/7.3.1/../../../arm-none-eabi/lib/thumb/v6-m/libc_nano.a(lib_a-nano-vfprintf_i.o)
                              /usr/lib/gcc/arm-none-eabi/7.3.1/../../../arm-none-eabi/lib/thumb/v6-m/libc_nano.a(lib_a-nano-svfprintf.o) (_printf_i)
/usr/lib/gcc/arm-none-eabi/7.3.1/../../../arm-none-eabi/lib/thumb/v6-m/libc_nano.a(lib_a-memchr-stub.o)
                              /usr/lib/gcc/arm-none-eabi/7.3.1/../../../arm-none-eabi/lib/thumb/v6-m/libc_nano.a(lib_a-nano-svfprintf.o) (memchr)
/usr/lib/gcc/arm-none-eabi/7.3.1/../../../arm-none-eabi/lib/thumb/v6-m/libc_nano.a(lib_a-memmove.o)
                              /usr/lib/gcc/arm-none-eabi/7.3.1/../../../arm-none-eabi/lib/thumb/v6-m/libc_nano.a(lib_a-nano-svfprintf.o) (memmove)
/usr/lib/gcc/arm-none-eabi/7.3.1/../../../arm-none-eabi/lib/thumb/v6-m/libc_nano.a(lib_a-nano-freer.o)
                              /usr/lib/gcc/arm-none-eabi/7.3.1/../../../arm-none-eabi/lib/thumb/v6-m/libc_nano.a(lib_a-nano-svfprintf.o) (_free_r)
/usr/lib/gcc/arm-none-eabi/7.3.1/../../../arm-none-eabi/lib/thumb/v6-m/libc_nano.a(lib_a-nano-mallocr.o)
                              /usr/lib/gcc/arm-none-eabi/7.3.1/../../../arm-none-eabi/lib/thumb/v6-m/libc_nano.a(lib_a-nano-svfprintf.o) (_malloc_r)
/usr/lib/gcc/arm-none-eabi/7.3.1/../../../arm-none-eabi/lib/thumb/v6-m/libc_nano.a(lib_a-nano-reallocr.o)
                              /usr/lib/gcc/arm-none-eabi/7.3.1/../../../arm-none-eabi/lib/thumb/v6-m/libc_nano.a(lib_a-nano-svfprintf.o) (_realloc_r)
/usr/lib/gcc/arm-none-eabi/7.3.1/../../../arm-none-eabi/lib/thumb/v6-m/libc_nano.a(lib_a-sbrkr.o)
                              /usr/lib/gcc/arm-none-eabi/7.3.1/../../../arm-none-eabi/lib/thumb/v6-m/libc_nano.a(lib_a-nano-mallocr.o) (_sbrk_r)
/usr/lib/gcc/arm-none-eabi/7.3.1/../../../arm-none-eabi/lib/thumb/v6-m/libc_nano.a(lib_a-mlock.o)
                              /usr/lib/gcc/arm-none-eabi/7.3.1/../../../arm-none-eabi/lib/thumb/v6-m/libc_nano.a(lib_a-nano-freer.o) (__malloc_lock)
/usr/lib/gcc/arm-none-eabi/7.3.1/../../../arm-none-eabi/lib/thumb/v6-m/libc_nano.a(lib_a-nano-msizer.o)
                              /usr/lib/gcc/arm-none-eabi/7.3.1/../../../arm-none-eabi/lib/thumb/v6-m/libc_nano.a(lib_a-nano-reallocr.o) (_malloc_usable_size_r)
/usr/lib/gcc/arm-none-eabi/7.3.1/../../../arm-none-eabi/lib/thumb/v6-m/libc_nano.a(lib_a-reent.o)
                              /usr/lib/gcc/arm-none-eabi/7.3.1/../../../arm-none-eabi/lib/thumb/v6-m/libc_nano.a(lib_a-sbrkr.o) (errno)
[...]
Memory Configuration

Name             Origin             Length             Attributes
RAM              0x0000000020000000 0x0000000000004000 xrw
FLASH            0x0000000008000000 0x0000000000020000 xr
*default*        0x0000000000000000 0xffffffffffffffff

Linker script and memory map

LOAD /usr/lib/gcc/arm-none-eabi/7.3.1/thumb/v6-m/crti.o
LOAD /usr/lib/gcc/arm-none-eabi/7.3.1/thumb/v6-m/crtbegin.o
LOAD /usr/lib/gcc/arm-none-eabi/7.3.1/../../../arm-none-eabi/lib/thumb/v6-m/crt0.o
LOAD build/stm32f0xx_it.o
LOAD build/stm32f0xx_hal_msp.o
LOAD build/stm32f0xx_hal_adc.o
LOAD build/stm32f0xx_hal_adc_ex.o
LOAD build/stm32f0xx_hal_i2c.o
LOAD build/stm32f0xx_hal_i2c_ex.o
LOAD build/stm32f0xx_hal_iwdg.o
LOAD build/stm32f0xx_hal_tim.o
LOAD build/stm32f0xx_hal_tim_ex.o
LOAD build/stm32f0xx_hal_pcd.o
LOAD build/stm32f0xx_hal_pcd_ex.o
LOAD build/stm32f0xx_hal_rcc.o
LOAD build/stm32f0xx_hal_rcc_ex.o
LOAD build/stm32f0xx_hal.o
LOAD build/stm32f0xx_hal_gpio.o
LOAD build/stm32f0xx_hal_dma.o
LOAD build/stm32f0xx_hal_cortex.o
LOAD build/stm32f0xx_hal_pwr.o
LOAD build/stm32f0xx_hal_pwr_ex.o
LOAD build/stm32f0xx_hal_flash.o
LOAD build/stm32f0xx_hal_flash_ex.o
LOAD build/usbd_core.o
LOAD build/usbd_ctlreq.o
LOAD build/usbd_ioreq.o
LOAD build/usbd_cdc.o
LOAD build/usbd_desc.o
LOAD build/usbd_conf.o
LOAD build/usbd_cdc_interface.o
LOAD build/main.o
LOAD build/system_stm32f0xx.o
LOAD build/startup_stm32f072xb.o
LOAD /usr/lib/gcc/arm-none-eabi/7.3.1/../../../arm-none-eabi/lib/thumb/v6-m/libc_nano.a
LOAD /usr/lib/gcc/arm-none-eabi/7.3.1/../../../arm-none-eabi/lib/thumb/v6-m/libm.a
LOAD /usr/lib/gcc/arm-none-eabi/7.3.1/../../../arm-none-eabi/lib/thumb/v6-m/libnosys.a
START GROUP
LOAD /usr/lib/gcc/arm-none-eabi/7.3.1/thumb/v6-m/libgcc.a
LOAD /usr/lib/gcc/arm-none-eabi/7.3.1/../../../arm-none-eabi/lib/thumb/v6-m/libc_nano.a
END GROUP
START GROUP
LOAD /usr/lib/gcc/arm-none-eabi/7.3.1/thumb/v6-m/libgcc.a
LOAD /usr/lib/gcc/arm-none-eabi/7.3.1/../../../arm-none-eabi/lib/thumb/v6-m/libc_nano.a
END GROUP
LOAD /usr/lib/gcc/arm-none-eabi/7.3.1/thumb/v6-m/crtend.o
LOAD /usr/lib/gcc/arm-none-eabi/7.3.1/thumb/v6-m/crtn.o
                0x0000000020004000                _estack = 0x20004000
                0x0000000000000200                _Min_Heap_Size = 0x200
                0x0000000000000400                _Min_Stack_Size = 0x400

.isr_vector     0x0000000008000000       0xc0
                0x0000000008000000                . = ALIGN (0x4)
 *(.isr_vector)
 .isr_vector    0x0000000008000000       0xc0 build/startup_stm32f072xb.o
                0x0000000008000000                g_pfnVectors
                0x00000000080000c0                . = ALIGN (0x4)

.text           0x00000000080000c0     0x8418
                0x00000000080000c0                . = ALIGN (0x4)
 *(.text)
 .text          0x00000000080000c0       0x98 /usr/lib/gcc/arm-none-eabi/7.3.1/thumb/v6-m/crtbegin.o
 .text          0x0000000008000158       0x48 /usr/lib/gcc/arm-none-eabi/7.3.1/../../../arm-none-eabi/lib/thumb/v6-m/libc_nano.a(lib_a-init.o)
                0x0000000008000158                __libc_init_array
 .text          0x00000000080001a0       0x88 /usr/lib/gcc/arm-none-eabi/7.3.1/../../../arm-none-eabi/lib/thumb/v6-m/libc_nano.a(lib_a-memcpy-stub.o)
                0x00000000080001a0                memcpy
 .text          0x0000000008000228       0x9c /usr/lib/gcc/arm-none-eabi/7.3.1/../../../arm-none-eabi/lib/thumb/v6-m/libc_nano.a(lib_a-memset.o)
                0x0000000008000228                memset
 .text          0x00000000080002c4       0x78 /usr/lib/gcc/arm-none-eabi/7.3.1/../../../arm-none-eabi/lib/thumb/v6-m/libc_nano.a(lib_a-sprintf.o)
                0x00000000080002c4                _siprintf_r
                0x00000000080002c4                _sprintf_r
                0x00000000080002fc                sprintf
                0x00000000080002fc                siprintf
 .text          0x000000000800033c      0x458 /usr/lib/gcc/arm-none-eabi/7.3.1/../../../arm-none-eabi/lib/thumb/v6-m/libc_nano.a(lib_a-nano-svfprintf.o)
                0x000000000800033c                __ssputs_r
                0x000000000800040c                __ssprint_r
                0x0000000008000524                _svfprintf_r
                0x0000000008000524                _svfiprintf_r
 .text          0x0000000008000794      0x3cc /usr/lib/gcc/arm-none-eabi/7.3.1/../../../arm-none-eabi/lib/thumb/v6-m/libc_nano.a(lib_a-nano-vfprintf_i.o)
                0x0000000008000794                _printf_common
                0x00000000080008bc                _printf_i
 .text          0x0000000008000b60       0x80 /usr/lib/gcc/arm-none-eabi/7.3.1/../../../arm-none-eabi/lib/thumb/v6-m/libc_nano.a(lib_a-memchr-stub.o)
                0x0000000008000b60                memchr
 .text          0x0000000008000be0       0x9c /usr/lib/gcc/arm-none-eabi/7.3.1/../../../arm-none-eabi/lib/thumb/v6-m/libc_nano.a(lib_a-memmove.o)
                0x0000000008000be0                memmove
 .text          0x0000000008000c7c       0xac /usr/lib/gcc/arm-none-eabi/7.3.1/../../../arm-none-eabi/lib/thumb/v6-m/libc_nano.a(lib_a-nano-freer.o)
                0x0000000008000c7c                _free_r
 .text          0x0000000008000d28       0xcc /usr/lib/gcc/arm-none-eabi/7.3.1/../../../arm-none-eabi/lib/thumb/v6-m/libc_nano.a(lib_a-nano-mallocr.o)
                0x0000000008000d28                _malloc_r
 .text          0x0000000008000df4       0x50 /usr/lib/gcc/arm-none-eabi/7.3.1/../../../arm-none-eabi/lib/thumb/v6-m/libc_nano.a(lib_a-nano-reallocr.o)
                0x0000000008000df4                _realloc_r
 .text          0x0000000008000e44       0x24 /usr/lib/gcc/arm-none-eabi/7.3.1/../../../arm-none-eabi/lib/thumb/v6-m/libc_nano.a(lib_a-sbrkr.o)
                0x0000000008000e44                _sbrk_r
 .text          0x0000000008000e68        0x8 /usr/lib/gcc/arm-none-eabi/7.3.1/../../../arm-none-eabi/lib/thumb/v6-m/libc_nano.a(lib_a-mlock.o)
                0x0000000008000e68                __malloc_lock
                0x0000000008000e6c                __malloc_unlock
 .text          0x0000000008000e70       0x14 /usr/lib/gcc/arm-none-eabi/7.3.1/../../../arm-none-eabi/lib/thumb/v6-m/libc_nano.a(lib_a-nano-msizer.o)
                0x0000000008000e70                _malloc_usable_size_r
 .text          0x0000000008000e84       0x1c /usr/lib/gcc/arm-none-eabi/7.3.1/../../../arm-none-eabi/lib/thumb/v6-m/libnosys.a(sbrk.o)
                0x0000000008000e84                _sbrk
 .text          0x0000000008000ea0      0x114 /usr/lib/gcc/arm-none-eabi/7.3.1/thumb/v6-m/libgcc.a(_udivsi3.o)
                0x0000000008000ea0                __udivsi3
                0x0000000008000ea0                __aeabi_uidiv
                0x0000000008000fac                __aeabi_uidivmod
 .text          0x0000000008000fb4        0x4 /usr/lib/gcc/arm-none-eabi/7.3.1/thumb/v6-m/libgcc.a(_dvmd_tls.o)
                0x0000000008000fb4                __aeabi_ldiv0
                0x0000000008000fb4                __aeabi_idiv0
 .text          0x0000000008000fb8       0x74 /usr/lib/gcc/arm-none-eabi/7.3.1/thumb/v6-m/libgcc.a(_arm_cmpsf2.o)
                0x0000000008000fb8                __aeabi_cfrcmple
                0x0000000008000fc0                __aeabi_cfcmple
                0x0000000008000fc0                __aeabi_cfcmpeq
                0x0000000008000fd0                __aeabi_fcmpeq
                0x0000000008000fdc                __aeabi_fcmplt
                0x0000000008000ff0                __aeabi_fcmple
                0x0000000008001004                __aeabi_fcmpgt
                0x0000000008001018                __aeabi_fcmpge
 .text          0x000000000800102c       0x30 /usr/lib/gcc/arm-none-eabi/7.3.1/thumb/v6-m/libgcc.a(_fixunssfsi.o)
                0x000000000800102c                __aeabi_f2uiz
                0x000000000800102c                __fixunssfsi
 .text          0x000000000800105c      0x334 /usr/lib/gcc/arm-none-eabi/7.3.1/thumb/v6-m/libgcc.a(addsf3.o)
                0x000000000800105c                __aeabi_fadd
 .text          0x0000000008001390      0x224 /usr/lib/gcc/arm-none-eabi/7.3.1/thumb/v6-m/libgcc.a(divsf3.o)
                0x0000000008001390                __aeabi_fdiv
 .text          0x00000000080015b4       0x50 /usr/lib/gcc/arm-none-eabi/7.3.1/thumb/v6-m/libgcc.a(eqsf2.o)
                0x00000000080015b4                __nesf2
                0x00000000080015b4                __eqsf2
 .text          0x0000000008001604       0x9c /usr/lib/gcc/arm-none-eabi/7.3.1/thumb/v6-m/libgcc.a(gesf2.o)
                0x0000000008001604                __gtsf2
                0x0000000008001604                __gesf2
 .text          0x00000000080016a0       0xa0 /usr/lib/gcc/arm-none-eabi/7.3.1/thumb/v6-m/libgcc.a(lesf2.o)
                0x00000000080016a0                __lesf2
                0x00000000080016a0                __ltsf2
 .text          0x0000000008001740      0x264 /usr/lib/gcc/arm-none-eabi/7.3.1/thumb/v6-m/libgcc.a(mulsf3.o)
                0x0000000008001740                __aeabi_fmul
 .text          0x00000000080019a4      0x388 /usr/lib/gcc/arm-none-eabi/7.3.1/thumb/v6-m/libgcc.a(subsf3.o)
                0x00000000080019a4                __aeabi_fsub
 .text          0x0000000008001d2c       0x40 /usr/lib/gcc/arm-none-eabi/7.3.1/thumb/v6-m/libgcc.a(fixsfsi.o)
                0x0000000008001d2c                __aeabi_f2iz
 .text          0x0000000008001d6c       0x94 /usr/lib/gcc/arm-none-eabi/7.3.1/thumb/v6-m/libgcc.a(floatsisf.o)
                0x0000000008001d6c                __aeabi_i2f
 .text          0x0000000008001e00       0x80 /usr/lib/gcc/arm-none-eabi/7.3.1/thumb/v6-m/libgcc.a(floatunsisf.o)
                0x0000000008001e00                __aeabi_ui2f
 .text          0x0000000008001e80      0x638 /usr/lib/gcc/arm-none-eabi/7.3.1/thumb/v6-m/libgcc.a(adddf3.o)
                0x0000000008001e80                __aeabi_dadd
 .text          0x00000000080024b8      0x604 /usr/lib/gcc/arm-none-eabi/7.3.1/thumb/v6-m/libgcc.a(divdf3.o)
                0x00000000080024b8                __aeabi_ddiv
 .text          0x0000000008002abc      0x4e4 /usr/lib/gcc/arm-none-eabi/7.3.1/thumb/v6-m/libgcc.a(muldf3.o)
                0x0000000008002abc                __aeabi_dmul
 .text          0x0000000008002fa0      0x690 /usr/lib/gcc/arm-none-eabi/7.3.1/thumb/v6-m/libgcc.a(subdf3.o)
                0x0000000008002fa0                __aeabi_dsub
 .text          0x0000000008003630       0x74 /usr/lib/gcc/arm-none-eabi/7.3.1/thumb/v6-m/libgcc.a(floatsidf.o)
                0x0000000008003630                __aeabi_i2d
 .text          0x00000000080036a4       0xa4 /usr/lib/gcc/arm-none-eabi/7.3.1/thumb/v6-m/libgcc.a(extendsfdf2.o)
                0x00000000080036a4                __aeabi_f2d
 .text          0x0000000008003748      0x108 /usr/lib/gcc/arm-none-eabi/7.3.1/thumb/v6-m/libgcc.a(truncdfsf2.o)
                0x0000000008003748                __aeabi_d2f
 .text          0x0000000008003850       0x3c /usr/lib/gcc/arm-none-eabi/7.3.1/thumb/v6-m/libgcc.a(_clzsi2.o)
                0x0000000008003850                __clzsi2
 *(.text*)
 .text.NMI_Handler
                0x000000000800388c        0x2 build/stm32f0xx_it.o
                0x000000000800388c                NMI_Handler
 .text.HardFault_Handler
                0x000000000800388e        0x2 build/stm32f0xx_it.o
                0x000000000800388e                HardFault_Handler
 .text.SVC_Handler
                0x0000000008003890        0x2 build/stm32f0xx_it.o
                0x0000000008003890                SVC_Handler
 .text.PendSV_Handler
                0x0000000008003892        0x2 build/stm32f0xx_it.o
                0x0000000008003892                PendSV_Handler
 .text.SysTick_Handler
                0x0000000008003894        0x8 build/stm32f0xx_it.o
                0x0000000008003894                SysTick_Handler
 .text.USB_IRQHandler
                0x000000000800389c       0x10 build/stm32f0xx_it.o
                0x000000000800389c                USB_IRQHandler
 .text.ADC1_COMP_IRQHandler
                0x00000000080038ac       0x10 build/stm32f0xx_it.o
                0x00000000080038ac                ADC1_COMP_IRQHandler
 .text.DMA1_Channel1_IRQHandler
                0x00000000080038bc       0x14 build/stm32f0xx_it.o
                0x00000000080038bc                DMA1_Channel1_IRQHandler
 .text.TIM1_BRK_UP_TRG_COM_IRQHandler
                0x00000000080038d0       0x10 build/stm32f0xx_it.o
                0x00000000080038d0                TIM1_BRK_UP_TRG_COM_IRQHandler
 .text.TIM1_CC_IRQHandler
                0x00000000080038e0       0x10 build/stm32f0xx_it.o
                0x00000000080038e0                TIM1_CC_IRQHandler
 .text.TIM3_IRQHandler
                0x00000000080038f0       0x10 build/stm32f0xx_it.o
                0x00000000080038f0                TIM3_IRQHandler
 .text.HAL_MspInit
                0x0000000008003900       0x30 build/stm32f0xx_hal_msp.o
                0x0000000008003900                HAL_MspInit
 .text.HAL_ADC_MspInit
                0x0000000008003930       0x98 build/stm32f0xx_hal_msp.o
                0x0000000008003930                HAL_ADC_MspInit
 .text.HAL_I2C_MspInit
                0x00000000080039c8       0xb8 build/stm32f0xx_hal_msp.o
                0x00000000080039c8                HAL_I2C_MspInit
 .text.HAL_TIM_PWM_MspInit
                0x0000000008003a80       0x50 build/stm32f0xx_hal_msp.o
                0x0000000008003a80                HAL_TIM_PWM_MspInit
 .text.HAL_TIM_MspPostInit
                0x0000000008003ad0       0x64 build/stm32f0xx_hal_msp.o
                0x0000000008003ad0                HAL_TIM_MspPostInit
 .text.ADC_Enable
                0x0000000008003b34       0xa8 build/stm32f0xx_hal_adc.o
 .text.HAL_ADC_Init
                0x0000000008003bdc      0x17c build/stm32f0xx_hal_adc.o
                0x0000000008003bdc                HAL_ADC_Init
 .text.HAL_ADC_Start_DMA
                0x0000000008003d58       0xa8 build/stm32f0xx_hal_adc.o
                0x0000000008003d58                HAL_ADC_Start_DMA
 .text.HAL_ADC_ConvCpltCallback
                0x0000000008003e00        0x2 build/stm32f0xx_hal_adc.o
                0x0000000008003e00                HAL_ADC_ConvCpltCallback
 *fill*         0x0000000008003e02        0x2 
 .text.ADC_DMAConvCplt
                0x0000000008003e04       0x70 build/stm32f0xx_hal_adc.o
 .text.HAL_ADC_ConvHalfCpltCallback
                0x0000000008003e74        0x2 build/stm32f0xx_hal_adc.o
                0x0000000008003e74                HAL_ADC_ConvHalfCpltCallback
 .text.ADC_DMAHalfConvCplt
                0x0000000008003e76        0xa build/stm32f0xx_hal_adc.o
 .text.HAL_ADC_LevelOutOfWindowCallback
                0x0000000008003e80        0x2 build/stm32f0xx_hal_adc.o
                0x0000000008003e80                HAL_ADC_LevelOutOfWindowCallback
 .text.HAL_ADC_ErrorCallback
                0x0000000008003e82        0x2 build/stm32f0xx_hal_adc.o
                0x0000000008003e82                HAL_ADC_ErrorCallback
 .text.ADC_DMAError
                0x0000000008003e84       0x1a build/stm32f0xx_hal_adc.o
 *fill*         0x0000000008003e9e        0x2 
 .text.HAL_ADC_IRQHandler
                0x0000000008003ea0       0xdc build/stm32f0xx_hal_adc.o
                0x0000000008003ea0                HAL_ADC_IRQHandler
 .text.HAL_ADC_ConfigChannel
                0x0000000008003f7c      0x14c build/stm32f0xx_hal_adc.o
                0x0000000008003f7c                HAL_ADC_ConfigChannel
 .text.I2C_Flush_TXDR
                0x00000000080040c8       0x1e build/stm32f0xx_hal_i2c.o
 *fill*         0x00000000080040e6        0x2 
 .text.I2C_TransferConfig
                0x00000000080040e8       0x28 build/stm32f0xx_hal_i2c.o
 .text.I2C_IsAcknowledgeFailed
                0x0000000008004110       0x78 build/stm32f0xx_hal_i2c.o
 .text.I2C_WaitOnTXISFlagUntilTimeout
                0x0000000008004188       0x52 build/stm32f0xx_hal_i2c.o
 .text.I2C_WaitOnFlagUntilTimeout
                0x00000000080041da       0x46 build/stm32f0xx_hal_i2c.o
 .text.I2C_WaitOnSTOPFlagUntilTimeout
                0x0000000008004220       0x4e build/stm32f0xx_hal_i2c.o
 *fill*         0x000000000800426e        0x2 
 .text.HAL_I2C_Init
                0x0000000008004270       0xcc build/stm32f0xx_hal_i2c.o
                0x0000000008004270                HAL_I2C_Init
 .text.HAL_I2C_Master_Transmit
                0x000000000800433c      0x180 build/stm32f0xx_hal_i2c.o
                0x000000000800433c                HAL_I2C_Master_Transmit
 .text.HAL_I2C_GetState
                0x00000000080044bc        0x8 build/stm32f0xx_hal_i2c.o
                0x00000000080044bc                HAL_I2C_GetState
 .text.HAL_I2CEx_ConfigAnalogFilter
                0x00000000080044c4       0x58 build/stm32f0xx_hal_i2c_ex.o
                0x00000000080044c4                HAL_I2CEx_ConfigAnalogFilter
 .text.HAL_I2CEx_ConfigDigitalFilter
                0x000000000800451c       0x54 build/stm32f0xx_hal_i2c_ex.o
                0x000000000800451c                HAL_I2CEx_ConfigDigitalFilter
 .text.HAL_IWDG_Init
                0x0000000008004570       0x60 build/stm32f0xx_hal_iwdg.o
                0x0000000008004570                HAL_IWDG_Init
 .text.HAL_IWDG_Refresh
                0x00000000080045d0       0x10 build/stm32f0xx_hal_iwdg.o
                0x00000000080045d0                HAL_IWDG_Refresh
 .text.TIM_OC1_SetConfig
                0x00000000080045e0       0x88 build/stm32f0xx_hal_tim.o
 .text.TIM_OC3_SetConfig
                0x0000000008004668       0x90 build/stm32f0xx_hal_tim.o
 .text.TIM_OC4_SetConfig
                0x00000000080046f8       0x74 build/stm32f0xx_hal_tim.o
 .text.TIM_TI1_ConfigInputStage
                0x000000000800476c       0x22 build/stm32f0xx_hal_tim.o
 *fill*         0x000000000800478e        0x2 
 .text.TIM_TI2_ConfigInputStage
                0x0000000008004790       0x28 build/stm32f0xx_hal_tim.o
 .text.TIM_ITRx_SetConfig
                0x00000000080047b8       0x10 build/stm32f0xx_hal_tim.o
 .text.HAL_TIM_Base_MspInit
                0x00000000080047c8        0x2 build/stm32f0xx_hal_tim.o
                0x00000000080047c8                HAL_TIM_Base_MspInit
 .text.HAL_TIM_OC_MspInit
                0x00000000080047ca        0x2 build/stm32f0xx_hal_tim.o
                0x00000000080047ca                HAL_TIM_OC_MspInit
 .text.HAL_TIM_OC_DelayElapsedCallback
                0x00000000080047cc        0x2 build/stm32f0xx_hal_tim.o
                0x00000000080047cc                HAL_TIM_OC_DelayElapsedCallback
 .text.HAL_TIM_IC_CaptureCallback
                0x00000000080047ce        0x2 build/stm32f0xx_hal_tim.o
                0x00000000080047ce                HAL_TIM_IC_CaptureCallback
 .text.HAL_TIM_PWM_PulseFinishedCallback
                0x00000000080047d0        0x2 build/stm32f0xx_hal_tim.o
                0x00000000080047d0                HAL_TIM_PWM_PulseFinishedCallback
 .text.HAL_TIM_TriggerCallback
                0x00000000080047d2        0x2 build/stm32f0xx_hal_tim.o
                0x00000000080047d2                HAL_TIM_TriggerCallback
 .text.HAL_TIM_IRQHandler
                0x00000000080047d4      0x15a build/stm32f0xx_hal_tim.o
                0x00000000080047d4                HAL_TIM_IRQHandler
 *fill*         0x000000000800492e        0x2 
 .text.TIM_Base_SetConfig
                0x0000000008004930       0xa4 build/stm32f0xx_hal_tim.o
                0x0000000008004930                TIM_Base_SetConfig
 .text.HAL_TIM_Base_Init
                0x00000000080049d4       0x34 build/stm32f0xx_hal_tim.o
                0x00000000080049d4                HAL_TIM_Base_Init
 .text.HAL_TIM_OC_Init
                0x0000000008004a08       0x34 build/stm32f0xx_hal_tim.o
                0x0000000008004a08                HAL_TIM_OC_Init
 .text.HAL_TIM_PWM_Init
                0x0000000008004a3c       0x34 build/stm32f0xx_hal_tim.o
                0x0000000008004a3c                HAL_TIM_PWM_Init
 .text.TIM_OC2_SetConfig
                0x0000000008004a70       0x88 build/stm32f0xx_hal_tim.o
                0x0000000008004a70                TIM_OC2_SetConfig
 .text.HAL_TIM_OC_ConfigChannel
                0x0000000008004af8       0x5c build/stm32f0xx_hal_tim.o
                0x0000000008004af8                HAL_TIM_OC_ConfigChannel
 .text.HAL_TIM_PWM_ConfigChannel
                0x0000000008004b54       0xec build/stm32f0xx_hal_tim.o
                0x0000000008004b54                HAL_TIM_PWM_ConfigChannel
 .text.TIM_ETR_SetConfig
                0x0000000008004c40       0x18 build/stm32f0xx_hal_tim.o
                0x0000000008004c40                TIM_ETR_SetConfig
 .text.HAL_TIM_ConfigClockSource
                0x0000000008004c58      0x118 build/stm32f0xx_hal_tim.o
                0x0000000008004c58                HAL_TIM_ConfigClockSource
 .text.TIM_CCxChannelCmd
                0x0000000008004d70       0x16 build/stm32f0xx_hal_tim.o
                0x0000000008004d70                TIM_CCxChannelCmd
 *fill*         0x0000000008004d86        0x2 
 .text.HAL_TIM_OC_Start
                0x0000000008004d88       0x50 build/stm32f0xx_hal_tim.o
                0x0000000008004d88                HAL_TIM_OC_Start
 .text.HAL_TIM_PWM_Start
                0x0000000008004dd8       0x50 build/stm32f0xx_hal_tim.o
                0x0000000008004dd8                HAL_TIM_PWM_Start
 .text.HAL_TIMEx_MasterConfigSynchronization
                0x0000000008004e28       0x4c build/stm32f0xx_hal_tim_ex.o
                0x0000000008004e28                HAL_TIMEx_MasterConfigSynchronization
 .text.HAL_TIMEx_ConfigBreakDeadTime
                0x0000000008004e74       0x7c build/stm32f0xx_hal_tim_ex.o
                0x0000000008004e74                HAL_TIMEx_ConfigBreakDeadTime
 .text.HAL_TIMEx_CommutationCallback
                0x0000000008004ef0        0x2 build/stm32f0xx_hal_tim_ex.o
                0x0000000008004ef0                HAL_TIMEx_CommutationCallback
 .text.HAL_TIMEx_BreakCallback
                0x0000000008004ef2        0x2 build/stm32f0xx_hal_tim_ex.o
                0x0000000008004ef2                HAL_TIMEx_BreakCallback
 .text.HAL_PCD_SetAddress
                0x0000000008004ef4       0x36 build/stm32f0xx_hal_pcd.o
                0x0000000008004ef4                HAL_PCD_SetAddress
 *fill*         0x0000000008004f2a        0x2 
 .text.HAL_PCD_EP_Open
                0x0000000008004f2c      0x394 build/stm32f0xx_hal_pcd.o
                0x0000000008004f2c                HAL_PCD_EP_Open
 .text.HAL_PCD_EP_Receive
                0x00000000080052c0      0x204 build/stm32f0xx_hal_pcd.o
                0x00000000080052c0                HAL_PCD_EP_Receive
 .text.HAL_PCD_EP_SetStall
                0x00000000080054c4       0xc8 build/stm32f0xx_hal_pcd.o
                0x00000000080054c4                HAL_PCD_EP_SetStall
 .text.HAL_PCD_EP_ClrStall
                0x000000000800558c       0xec build/stm32f0xx_hal_pcd.o
                0x000000000800558c                HAL_PCD_EP_ClrStall
 .text.PCD_WritePMA
                0x0000000008005678       0x28 build/stm32f0xx_hal_pcd.o
                0x0000000008005678                PCD_WritePMA
 .text.HAL_PCD_EP_Transmit
                0x00000000080056a0      0x220 build/stm32f0xx_hal_pcd.o
                0x00000000080056a0                HAL_PCD_EP_Transmit
 .text.PCD_ReadPMA
                0x00000000080058c0       0x2c build/stm32f0xx_hal_pcd.o
                0x00000000080058c0                PCD_ReadPMA
 .text.PCD_EP_ISR_Handler
                0x00000000080058ec      0x4bc build/stm32f0xx_hal_pcd.o
 .text.HAL_PCD_IRQHandler
                0x0000000008005da8      0x11c build/stm32f0xx_hal_pcd.o
                0x0000000008005da8                HAL_PCD_IRQHandler
 .text.HAL_RCC_OscConfig
                0x0000000008005ec4      0x4fc build/stm32f0xx_hal_rcc.o
                0x0000000008005ec4                HAL_RCC_OscConfig
 .text.HAL_RCC_GetSysClockFreq
                0x00000000080063c0       0x94 build/stm32f0xx_hal_rcc.o
                0x00000000080063c0                HAL_RCC_GetSysClockFreq
 .text.HAL_RCC_ClockConfig
                0x0000000008006454      0x184 build/stm32f0xx_hal_rcc.o
                0x0000000008006454                HAL_RCC_ClockConfig
 .text.HAL_RCC_GetHCLKFreq
                0x00000000080065d8        0xc build/stm32f0xx_hal_rcc.o
                0x00000000080065d8                HAL_RCC_GetHCLKFreq
 .text.HAL_RCCEx_PeriphCLKConfig
                0x00000000080065e4      0x158 build/stm32f0xx_hal_rcc_ex.o
                0x00000000080065e4                HAL_RCCEx_PeriphCLKConfig
 .text.HAL_InitTick
                0x000000000800673c       0x24 build/stm32f0xx_hal.o
                0x000000000800673c                HAL_InitTick
 .text.HAL_Init
                0x0000000008006760       0x20 build/stm32f0xx_hal.o
                0x0000000008006760                HAL_Init
 .text.HAL_IncTick
                0x0000000008006780       0x10 build/stm32f0xx_hal.o
                0x0000000008006780                HAL_IncTick
 .text.HAL_GetTick
                0x0000000008006790        0xc build/stm32f0xx_hal.o
                0x0000000008006790                HAL_GetTick
 .text.HAL_Delay
                0x000000000800679c       0x22 build/stm32f0xx_hal.o
                0x000000000800679c                HAL_Delay
 *fill*         0x00000000080067be        0x2 
 .text.HAL_GPIO_Init
                0x00000000080067c0      0x198 build/stm32f0xx_hal_gpio.o
                0x00000000080067c0                HAL_GPIO_Init
 .text.HAL_GPIO_ReadPin
                0x0000000008006958        0xe build/stm32f0xx_hal_gpio.o
                0x0000000008006958                HAL_GPIO_ReadPin
 .text.DMA_SetConfig
                0x0000000008006966       0x2a build/stm32f0xx_hal_dma.o
 .text.DMA_CalcBaseAndBitshift
                0x0000000008006990       0x28 build/stm32f0xx_hal_dma.o
 .text.HAL_DMA_Init
                0x00000000080069b8       0x58 build/stm32f0xx_hal_dma.o
                0x00000000080069b8                HAL_DMA_Init
 .text.HAL_DMA_Start_IT
                0x0000000008006a10       0x76 build/stm32f0xx_hal_dma.o
                0x0000000008006a10                HAL_DMA_Start_IT
 .text.HAL_DMA_IRQHandler
                0x0000000008006a86       0xaa build/stm32f0xx_hal_dma.o
                0x0000000008006a86                HAL_DMA_IRQHandler
 .text.HAL_NVIC_SetPriority
                0x0000000008006b30       0x60 build/stm32f0xx_hal_cortex.o
                0x0000000008006b30                HAL_NVIC_SetPriority
 .text.HAL_NVIC_EnableIRQ
                0x0000000008006b90       0x14 build/stm32f0xx_hal_cortex.o
                0x0000000008006b90                HAL_NVIC_EnableIRQ
 .text.HAL_SYSTICK_Config
                0x0000000008006ba4       0x38 build/stm32f0xx_hal_cortex.o
                0x0000000008006ba4                HAL_SYSTICK_Config
 .text.FLASH_Program_HalfWord
                0x0000000008006bdc       0x20 build/stm32f0xx_hal_flash.o
 .text.FLASH_SetErrorCode
                0x0000000008006bfc       0x3c build/stm32f0xx_hal_flash.o
 .text.HAL_FLASH_Unlock
                0x0000000008006c38       0x30 build/stm32f0xx_hal_flash.o
                0x0000000008006c38                HAL_FLASH_Unlock
 .text.HAL_FLASH_Lock
                0x0000000008006c68       0x14 build/stm32f0xx_hal_flash.o
                0x0000000008006c68                HAL_FLASH_Lock
 .text.FLASH_WaitForLastOperation
                0x0000000008006c7c       0x5c build/stm32f0xx_hal_flash.o
                0x0000000008006c7c                FLASH_WaitForLastOperation
 .text.HAL_FLASH_Program
                0x0000000008006cd8       0xa0 build/stm32f0xx_hal_flash.o
                0x0000000008006cd8                HAL_FLASH_Program
 .text.USBD_SetClassConfig
                0x0000000008006d78       0x20 build/usbd_core.o
                0x0000000008006d78                USBD_SetClassConfig
 .text.USBD_ClrClassConfig
                0x0000000008006d98       0x10 build/usbd_core.o
                0x0000000008006d98                USBD_ClrClassConfig
 .text.USBD_LL_SetupStage
                0x0000000008006da8       0x68 build/usbd_core.o
                0x0000000008006da8                USBD_LL_SetupStage
 .text.USBD_LL_DataOutStage
                0x0000000008006e10       0x78 build/usbd_core.o
                0x0000000008006e10                USBD_LL_DataOutStage
 .text.USBD_LL_DataInStage
                0x0000000008006e88       0xc2 build/usbd_core.o
                0x0000000008006e88                USBD_LL_DataInStage
 .text.USBD_LL_Reset
                0x0000000008006f4a       0x46 build/usbd_core.o
                0x0000000008006f4a                USBD_LL_Reset
 .text.USBD_LL_SetSpeed
                0x0000000008006f90        0x6 build/usbd_core.o
                0x0000000008006f90                USBD_LL_SetSpeed
 .text.USBD_LL_SOF
                0x0000000008006f96       0x20 build/usbd_core.o
                0x0000000008006f96                USBD_LL_SOF
 .text.USBD_SetFeature
                0x0000000008006fb6       0x22 build/usbd_ctlreq.o
 .text.USBD_ParseSetupRequest
                0x0000000008006fd8       0x28 build/usbd_ctlreq.o
                0x0000000008006fd8                USBD_ParseSetupRequest
 .text.USBD_CtlError
                0x0000000008007000       0x14 build/usbd_ctlreq.o
                0x0000000008007000                USBD_CtlError
 .text.USBD_GetDescriptor
                0x0000000008007014      0x15c build/usbd_ctlreq.o
 .text.USBD_SetAddress
                0x0000000008007170       0x58 build/usbd_ctlreq.o
 .text.USBD_SetConfig
                0x00000000080071c8       0xb0 build/usbd_ctlreq.o
 .text.USBD_GetConfig
                0x0000000008007278       0x3c build/usbd_ctlreq.o
 .text.USBD_GetStatus
                0x00000000080072b4       0x34 build/usbd_ctlreq.o
 .text.USBD_ClrFeature
                0x00000000080072e8       0x36 build/usbd_ctlreq.o
 *fill*         0x000000000800731e        0x2 
 .text.USBD_StdDevReq
                0x0000000008007320       0x48 build/usbd_ctlreq.o
                0x0000000008007320                USBD_StdDevReq
 .text.USBD_StdItfReq
                0x0000000008007368       0x3e build/usbd_ctlreq.o
                0x0000000008007368                USBD_StdItfReq
 .text.USBD_StdEPReq
                0x00000000080073a6      0x138 build/usbd_ctlreq.o
                0x00000000080073a6                USBD_StdEPReq
 .text.USBD_CtlSendData
                0x00000000080074de       0x1c build/usbd_ioreq.o
                0x00000000080074de                USBD_CtlSendData
 .text.USBD_CtlContinueSendData
                0x00000000080074fa       0x10 build/usbd_ioreq.o
                0x00000000080074fa                USBD_CtlContinueSendData
 .text.USBD_CtlContinueRx
                0x000000000800750a       0x10 build/usbd_ioreq.o
                0x000000000800750a                USBD_CtlContinueRx
 .text.USBD_CtlSendStatus
                0x000000000800751a       0x18 build/usbd_ioreq.o
                0x000000000800751a                USBD_CtlSendStatus
 .text.USBD_CtlReceiveStatus
                0x0000000008007532       0x18 build/usbd_ioreq.o
                0x0000000008007532                USBD_CtlReceiveStatus
 .text.USBD_CDC_SetTxBuffer
                0x000000000800754a       0x16 build/usbd_cdc.o
                0x000000000800754a                USBD_CDC_SetTxBuffer
 .text.USBD_CDC_TransmitPacket
                0x0000000008007560       0x3a build/usbd_cdc.o
                0x0000000008007560                USBD_CDC_TransmitPacket
 .text.HAL_PCD_SetupStageCallback
                0x000000000800759a       0x14 build/usbd_conf.o
                0x000000000800759a                HAL_PCD_SetupStageCallback
 .text.HAL_PCD_DataOutStageCallback
                0x00000000080075ae       0x1e build/usbd_conf.o
                0x00000000080075ae                HAL_PCD_DataOutStageCallback
 .text.HAL_PCD_DataInStageCallback
                0x00000000080075cc       0x1a build/usbd_conf.o
                0x00000000080075cc                HAL_PCD_DataInStageCallback
 .text.HAL_PCD_SOFCallback
                0x00000000080075e6        0xe build/usbd_conf.o
                0x00000000080075e6                HAL_PCD_SOFCallback
 .text.HAL_PCD_ResetCallback
                0x00000000080075f4       0x18 build/usbd_conf.o
                0x00000000080075f4                HAL_PCD_ResetCallback
 .text.HAL_PCD_SuspendCallback
                0x000000000800760c        0x2 build/usbd_conf.o
                0x000000000800760c                HAL_PCD_SuspendCallback
 .text.HAL_PCD_ResumeCallback
                0x000000000800760e        0x2 build/usbd_conf.o
                0x000000000800760e                HAL_PCD_ResumeCallback
 .text.USBD_LL_OpenEP
                0x0000000008007610       0x16 build/usbd_conf.o
                0x0000000008007610                USBD_LL_OpenEP
 .text.USBD_LL_StallEP
                0x0000000008007626       0x10 build/usbd_conf.o
                0x0000000008007626                USBD_LL_StallEP
 .text.USBD_LL_ClearStallEP
                0x0000000008007636       0x10 build/usbd_conf.o
                0x0000000008007636                USBD_LL_ClearStallEP
 .text.USBD_LL_IsStallEP
                0x0000000008007646       0x34 build/usbd_conf.o
                0x0000000008007646                USBD_LL_IsStallEP
 .text.USBD_LL_SetUSBAddress
                0x000000000800767a       0x10 build/usbd_conf.o
                0x000000000800767a                USBD_LL_SetUSBAddress
 .text.USBD_LL_Transmit
                0x000000000800768a       0x10 build/usbd_conf.o
                0x000000000800768a                USBD_LL_Transmit
 .text.USBD_LL_PrepareReceive
                0x000000000800769a       0x10 build/usbd_conf.o
                0x000000000800769a                USBD_LL_PrepareReceive
 *fill*         0x00000000080076aa        0x2 
 .text.MX_GPIO_Init
                0x00000000080076ac       0x90 build/main.o
 .text.MX_DMA_Init
                0x000000000800773c       0x40 build/main.o
 .text.MX_ADC_Init
                0x000000000800777c       0xb0 build/main.o
 .text.MX_I2C1_Init
                0x000000000800782c       0x44 build/main.o
 .text.MX_I2C2_Init
                0x0000000008007870       0x44 build/main.o
 .text.TIM3_Init
                0x00000000080078b4       0x60 build/main.o
 .text.MX_TIM1_Init
                0x0000000008007914       0xe0 build/main.o
 .text.MX_IWDG_Init
                0x00000000080079f4       0x24 build/main.o
 .text.reg      0x0000000008007a18      0x2c0 build/main.o
                0x0000000008007a18                reg
 .text.HAL_TIM_PeriodElapsedCallback
                0x0000000008007cd8       0x34 build/main.o
                0x0000000008007cd8                HAL_TIM_PeriodElapsedCallback
 .text.disp_init
                0x0000000008007d0c       0x54 build/main.o
                0x0000000008007d0c                disp_init
 .text.refresh  0x0000000008007d60       0x40 build/main.o
                0x0000000008007d60                refresh
 .text.clear_screen
                0x0000000008007da0       0x14 build/main.o
                0x0000000008007da0                clear_screen
 .text.write_pixel
                0x0000000008007db4       0x74 build/main.o
                0x0000000008007db4                write_pixel
 .text.draw_v_line
                0x0000000008007e28       0x26 build/main.o
                0x0000000008007e28                draw_v_line
 *fill*         0x0000000008007e4e        0x2 
 .text.draw_char
                0x0000000008007e50       0x68 build/main.o
                0x0000000008007e50                draw_char
 .text.draw_string
                0x0000000008007eb8       0x24 build/main.o
                0x0000000008007eb8                draw_string
 .text.SystemClock_Config
                0x0000000008007edc       0x70 build/main.o
                0x0000000008007edc                SystemClock_Config
 .text.main     0x0000000008007f4c      0x480 build/main.o
                0x0000000008007f4c                main
 .text.SystemInit
                0x00000000080083cc       0xa0 build/system_stm32f0xx.o
                0x00000000080083cc                SystemInit
 .text.Reset_Handler
                0x000000000800846c       0x50 build/startup_stm32f072xb.o
                0x000000000800846c                Reset_Handler
 .text.Default_Handler
                0x00000000080084bc        0x2 build/startup_stm32f072xb.o
                0x00000000080084bc                TSC_IRQHandler
                0x00000000080084bc                I2C1_IRQHandler
                0x00000000080084bc                RCC_CRS_IRQHandler
                0x00000000080084bc                SPI1_IRQHandler
                0x00000000080084bc                TIM6_DAC_IRQHandler
                0x00000000080084bc                USART3_4_IRQHandler
                0x00000000080084bc                EXTI2_3_IRQHandler
                0x00000000080084bc                I2C2_IRQHandler
                0x00000000080084bc                TIM17_IRQHandler
                0x00000000080084bc                CEC_CAN_IRQHandler
                0x00000000080084bc                RTC_IRQHandler
                0x00000000080084bc                PVD_VDDIO2_IRQHandler
                0x00000000080084bc                DMA1_Channel4_5_6_7_IRQHandler
                0x00000000080084bc                TIM16_IRQHandler
                0x00000000080084bc                EXTI4_15_IRQHandler
                0x00000000080084bc                Default_Handler
                0x00000000080084bc                TIM14_IRQHandler
                0x00000000080084bc                TIM7_IRQHandler
                0x00000000080084bc                TIM15_IRQHandler
                0x00000000080084bc                EXTI0_1_IRQHandler
                0x00000000080084bc                SPI2_IRQHandler
                0x00000000080084bc                WWDG_IRQHandler
                0x00000000080084bc                TIM2_IRQHandler
                0x00000000080084bc                DMA1_Channel2_3_IRQHandler
                0x00000000080084bc                USART2_IRQHandler
                0x00000000080084bc                FLASH_IRQHandler
                0x00000000080084bc                USART1_IRQHandler
 *(.glue_7)
 .glue_7        0x00000000080084be        0x0 linker stubs
 *(.glue_7t)
 .glue_7t       0x00000000080084be        0x0 linker stubs
 *(.eh_frame)
 *fill*         0x00000000080084be        0x2 
 .eh_frame      0x00000000080084c0        0x0 /usr/lib/gcc/arm-none-eabi/7.3.1/thumb/v6-m/crtbegin.o
 *(.init)
 .init          0x00000000080084c0        0x4 /usr/lib/gcc/arm-none-eabi/7.3.1/thumb/v6-m/crti.o
                0x00000000080084c0                _init
 .init          0x00000000080084c4        0x8 /usr/lib/gcc/arm-none-eabi/7.3.1/thumb/v6-m/crtn.o
 *(.fini)
 .fini          0x00000000080084cc        0x4 /usr/lib/gcc/arm-none-eabi/7.3.1/thumb/v6-m/crti.o
                0x00000000080084cc                _fini
 .fini          0x00000000080084d0        0x8 /usr/lib/gcc/arm-none-eabi/7.3.1/thumb/v6-m/crtn.o
                0x00000000080084d8                . = ALIGN (0x4)
                0x00000000080084d8                _etext = .

.vfp11_veneer   0x00000000080084d8        0x0
 .vfp11_veneer  0x00000000080084d8        0x0 linker stubs

.v4_bx          0x00000000080084d8        0x0
 .v4_bx         0x00000000080084d8        0x0 linker stubs

.iplt           0x00000000080084d8        0x0
 .iplt          0x00000000080084d8        0x0 /usr/lib/gcc/arm-none-eabi/7.3.1/thumb/v6-m/crtbegin.o

.rodata         0x00000000080084d8      0x4b8
                0x00000000080084d8                . = ALIGN (0x4)
 *(.rodata)
 .rodata        0x00000000080084d8       0x20 build/stm32f0xx_hal_rcc.o
 .rodata        0x00000000080084f8        0xb build/main.o
 *fill*         0x0000000008008503        0x1 
 .rodata        0x0000000008008504       0x80 /usr/lib/gcc/arm-none-eabi/7.3.1/thumb/v6-m/libgcc.a(divsf3.o)
 .rodata        0x0000000008008584       0x40 /usr/lib/gcc/arm-none-eabi/7.3.1/thumb/v6-m/libgcc.a(mulsf3.o)
 .rodata        0x00000000080085c4       0x40 /usr/lib/gcc/arm-none-eabi/7.3.1/thumb/v6-m/libgcc.a(divdf3.o)
 .rodata        0x0000000008008604       0x40 /usr/lib/gcc/arm-none-eabi/7.3.1/thumb/v6-m/libgcc.a(muldf3.o)
 *(.rodata*)
 .rodata.USBD_GetDescriptor
                0x0000000008008644       0x38 build/usbd_ctlreq.o
 .rodata.USBD_StdDevReq
                0x000000000800867c       0x28 build/usbd_ctlreq.o
 .rodata.REFRESH_COMMANDS
                0x00000000080086a4       0x11 build/main.o
                0x00000000080086a4                REFRESH_COMMANDS
 *fill*         0x00000000080086b5        0x3 
 .rodata.font   0x00000000080086b8      0x240 build/main.o
                0x00000000080086b8                font
 .rodata.main.str1.4
                0x00000000080088f8       0x4c build/main.o
 .rodata.AHBPrescTable
                0x0000000008008944       0x10 build/system_stm32f0xx.o
                0x0000000008008944                AHBPrescTable
 .rodata.str1.4
                0x0000000008008954       0x13 /usr/lib/gcc/arm-none-eabi/7.3.1/../../../arm-none-eabi/lib/thumb/v6-m/libc_nano.a(lib_a-nano-svfprintf.o)
 *fill*         0x0000000008008967        0x1 
 .rodata.str1.4
                0x0000000008008968       0x28 /usr/lib/gcc/arm-none-eabi/7.3.1/../../../arm-none-eabi/lib/thumb/v6-m/libc_nano.a(lib_a-nano-vfprintf_i.o)
                                         0x25 (size before relaxing)
                0x0000000008008990                . = ALIGN (0x4)

.rel.dyn        0x0000000008008990        0x0
 .rel.iplt      0x0000000008008990        0x0 /usr/lib/gcc/arm-none-eabi/7.3.1/thumb/v6-m/crtbegin.o

.ARM.extab
 *(.ARM.extab* .gnu.linkonce.armextab.*)

.ARM            0x0000000008008990        0x0
                0x0000000008008990                __exidx_start = .
 *(.ARM.exidx*)
                0x0000000008008990                __exidx_end = .

.preinit_array  0x0000000008008990        0x0
                0x0000000008008990                PROVIDE (__preinit_array_start = .)
 *(.preinit_array*)
                0x0000000008008990                PROVIDE (__preinit_array_end = .)

.init_array     0x0000000008008990        0x4
                0x0000000008008990                PROVIDE (__init_array_start = .)
 *(SORT_BY_NAME(.init_array.*))
 *(.init_array*)
 .init_array    0x0000000008008990        0x4 /usr/lib/gcc/arm-none-eabi/7.3.1/thumb/v6-m/crtbegin.o
                0x0000000008008994                PROVIDE (__init_array_end = .)

.fini_array     0x0000000008008994        0x4
                0x0000000008008994                PROVIDE (__fini_array_start = .)
 *(SORT_BY_NAME(.fini_array.*))
 *(.fini_array*)
 .fini_array    0x0000000008008994        0x4 /usr/lib/gcc/arm-none-eabi/7.3.1/thumb/v6-m/crtbegin.o
                0x0000000008008998                PROVIDE (__fini_array_end = .)
                0x0000000008008998                _sidata = LOADADDR (.data)

.data           0x0000000020000000      0x100 load address 0x0000000008008998
                0x0000000020000000                . = ALIGN (0x4)
                0x0000000020000000                _sdata = .
 *(.data)
 .data          0x0000000020000000       0x64 /usr/lib/gcc/arm-none-eabi/7.3.1/../../../arm-none-eabi/lib/thumb/v6-m/libc_nano.a(lib_a-impure.o)
                0x0000000020000000                _impure_ptr
 *(.data*)
 .data.MAX_DUTY
                0x0000000020000064        0x2 build/main.o
                0x0000000020000064                MAX_DUTY
 *fill*         0x0000000020000066        0x2 
 .data.OLED_Setup_Array
                0x0000000020000068       0x32 build/main.o
                0x0000000020000068                OLED_Setup_Array
 *fill*         0x000000002000009a        0x2 
 .data.r        0x000000002000009c       0x30 build/main.o
                0x000000002000009c                r
 .data.s        0x00000000200000cc       0x28 build/main.o
                0x00000000200000cc                s
 .data.tipcal   0x00000000200000f4        0x8 build/main.o
                0x00000000200000f4                tipcal
 .data.SystemCoreClock
                0x00000000200000fc        0x4 build/system_stm32f0xx.o
                0x00000000200000fc                SystemCoreClock
                0x0000000020000100                . = ALIGN (0x4)
                0x0000000020000100                _edata = .

.tm_clone_table
                0x0000000020000100        0x0 load address 0x0000000008008a98
 .tm_clone_table
                0x0000000020000100        0x0 /usr/lib/gcc/arm-none-eabi/7.3.1/thumb/v6-m/crtbegin.o
 .tm_clone_table
                0x0000000020000100        0x0 /usr/lib/gcc/arm-none-eabi/7.3.1/thumb/v6-m/crtend.o

.igot.plt       0x0000000020000100        0x0 load address 0x0000000008008a98
 .igot.plt      0x0000000020000100        0x0 /usr/lib/gcc/arm-none-eabi/7.3.1/thumb/v6-m/crtbegin.o
                0x0000000020000100                . = ALIGN (0x4)

.bss            0x0000000020000100      0xb3c load address 0x0000000008008a98
                0x0000000020000100                _sbss = .
                0x0000000020000100                __bss_start__ = _sbss
 *(.bss)
 .bss           0x0000000020000100       0x1c /usr/lib/gcc/arm-none-eabi/7.3.1/thumb/v6-m/crtbegin.o
 .bss           0x000000002000011c        0x8 /usr/lib/gcc/arm-none-eabi/7.3.1/../../../arm-none-eabi/lib/thumb/v6-m/libc_nano.a(lib_a-nano-mallocr.o)
                0x000000002000011c                __malloc_free_list
                0x0000000020000120                __malloc_sbrk_start
 .bss           0x0000000020000124        0x4 /usr/lib/gcc/arm-none-eabi/7.3.1/../../../arm-none-eabi/lib/thumb/v6-m/libnosys.a(sbrk.o)
 *(.bss*)
 .bss.cfgidx.8084
                0x0000000020000128        0x1 build/usbd_ctlreq.o
 *fill*         0x0000000020000129        0x3 
 .bss.ADC_raw   0x000000002000012c        0x8 build/main.o
 *(COMMON)
 COMMON         0x0000000020000134      0x400 build/stm32f0xx_it.o
                0x0000000020000134                UserTxBuffer
                0x0000000020000334                UserRxBuffer
 COMMON         0x0000000020000534        0x4 build/stm32f0xx_hal.o
                0x0000000020000534                uwTick
 COMMON         0x0000000020000538       0x20 build/stm32f0xx_hal_flash.o
                0x0000000020000538                pFlash
 COMMON         0x0000000020000558      0x220 build/usbd_conf.o
                0x0000000020000558                hpcd
 COMMON         0x0000000020000778      0x4bc build/main.o
                0x0000000020000778                screenBuffer
                0x0000000020000854                hi2c1
                0x00000000200008a0                hiwdg
                0x00000000200008b0                hi2c2
                0x00000000200008fc                htim3
                0x000000002000093c                USBD_Device
                0x0000000020000b60                sendDataUSB
                0x0000000020000b64                htim1
                0x0000000020000ba4                hdma_adc
                0x0000000020000be8                hadc
 COMMON         0x0000000020000c34        0x4 build/system_stm32f0xx.o
                0x0000000020000c34                SysMemBootJump
 COMMON         0x0000000020000c38        0x4 /usr/lib/gcc/arm-none-eabi/7.3.1/../../../arm-none-eabi/lib/thumb/v6-m/libc_nano.a(lib_a-reent.o)
                0x0000000020000c38                errno
                0x0000000020000c3c                . = ALIGN (0x4)
                0x0000000020000c3c                _ebss = .
                0x0000000020000c3c                __bss_end__ = _ebss

._user_heap_stack
                0x0000000020000c3c      0x604 load address 0x0000000008008a98
                0x0000000020000c40                . = ALIGN (0x8)
 *fill*         0x0000000020000c3c        0x4 
                0x0000000020000c40                PROVIDE (end = .)
                [!provide]                        PROVIDE (_end = .)
                0x0000000020000e40                . = (. + _Min_Heap_Size)
 *fill*         0x0000000020000c40      0x200 
                0x0000000020001240                . = (. + _Min_Stack_Size)
 *fill*         0x0000000020000e40      0x400 
                0x0000000020001240                . = ALIGN (0x8)

/DISCARD/
 libc.a(*)
 libm.a(*)
 libgcc.a(*)

.ARM.attributes
                0x0000000000000000       0x28
 *(.ARM.attributes)
 .ARM.attributes
                0x0000000000000000       0x1e /usr/lib/gcc/arm-none-eabi/7.3.1/thumb/v6-m/crti.o
 .ARM.attributes
                0x000000000000001e       0x2c /usr/lib/gcc/arm-none-eabi/7.3.1/thumb/v6-m/crtbegin.o
 .ARM.attributes
                0x000000000000004a       0x31 build/stm32f0xx_it.o
 .ARM.attributes
                0x000000000000007b       0x31 build/stm32f0xx_hal_msp.o
 .ARM.attributes
                0x00000000000000ac       0x31 build/stm32f0xx_hal_adc.o
 .ARM.attributes
                0x00000000000000dd       0x31 build/stm32f0xx_hal_i2c.o
 .ARM.attributes
                0x000000000000010e       0x31 build/stm32f0xx_hal_i2c_ex.o
 .ARM.attributes
                0x000000000000013f       0x31 build/stm32f0xx_hal_iwdg.o
 .ARM.attributes
                0x0000000000000170       0x31 build/stm32f0xx_hal_tim.o
 .ARM.attributes
                0x00000000000001a1       0x31 build/stm32f0xx_hal_tim_ex.o
 .ARM.attributes
                0x00000000000001d2       0x31 build/stm32f0xx_hal_pcd.o
 .ARM.attributes
                0x0000000000000203       0x31 build/stm32f0xx_hal_rcc.o
 .ARM.attributes
                0x0000000000000234       0x31 build/stm32f0xx_hal_rcc_ex.o
 .ARM.attributes
                0x0000000000000265       0x31 build/stm32f0xx_hal.o
 .ARM.attributes
                0x0000000000000296       0x31 build/stm32f0xx_hal_gpio.o
 .ARM.attributes
                0x00000000000002c7       0x31 build/stm32f0xx_hal_dma.o
 .ARM.attributes
                0x00000000000002f8       0x31 build/stm32f0xx_hal_cortex.o
 .ARM.attributes
                0x0000000000000329       0x31 build/stm32f0xx_hal_flash.o
 .ARM.attributes
                0x000000000000035a       0x31 build/usbd_core.o
 .ARM.attributes
                0x000000000000038b       0x31 build/usbd_ctlreq.o
 .ARM.attributes
                0x00000000000003bc       0x31 build/usbd_ioreq.o
 .ARM.attributes
                0x00000000000003ed       0x31 build/usbd_cdc.o
 .ARM.attributes
                0x000000000000041e       0x31 build/usbd_conf.o
 .ARM.attributes
                0x000000000000044f       0x31 build/main.o
 .ARM.attributes
                0x0000000000000480       0x31 build/system_stm32f0xx.o
 .ARM.attributes
                0x00000000000004b1       0x21 build/startup_stm32f072xb.o
 .ARM.attributes
                0x00000000000004d2       0x2c /usr/lib/gcc/arm-none-eabi/7.3.1/../../../arm-none-eabi/lib/thumb/v6-m/libc_nano.a(lib_a-impure.o)
 .ARM.attributes
                0x00000000000004fe       0x2c /usr/lib/gcc/arm-none-eabi/7.3.1/../../../arm-none-eabi/lib/thumb/v6-m/libc_nano.a(lib_a-init.o)
 .ARM.attributes
                0x000000000000052a       0x2c /usr/lib/gcc/arm-none-eabi/7.3.1/../../../arm-none-eabi/lib/thumb/v6-m/libc_nano.a(lib_a-memcpy-stub.o)
 .ARM.attributes
                0x0000000000000556       0x2c /usr/lib/gcc/arm-none-eabi/7.3.1/../../../arm-none-eabi/lib/thumb/v6-m/libc_nano.a(lib_a-memset.o)
 .ARM.attributes
                0x0000000000000582       0x2c /usr/lib/gcc/arm-none-eabi/7.3.1/../../../arm-none-eabi/lib/thumb/v6-m/libc_nano.a(lib_a-sprintf.o)
 .ARM.attributes
                0x00000000000005ae       0x2c /usr/lib/gcc/arm-none-eabi/7.3.1/../../../arm-none-eabi/lib/thumb/v6-m/libc_nano.a(lib_a-nano-svfprintf.o)
 .ARM.attributes
                0x00000000000005da       0x2c /usr/lib/gcc/arm-none-eabi/7.3.1/../../../arm-none-eabi/lib/thumb/v6-m/libc_nano.a(lib_a-nano-vfprintf_i.o)
 .ARM.attributes
                0x0000000000000606       0x2c /usr/lib/gcc/arm-none-eabi/7.3.1/../../../arm-none-eabi/lib/thumb/v6-m/libc_nano.a(lib_a-memchr-stub.o)
 .ARM.attributes
                0x0000000000000632       0x2c /usr/lib/gcc/arm-none-eabi/7.3.1/../../../arm-none-eabi/lib/thumb/v6-m/libc_nano.a(lib_a-memmove.o)
 .ARM.attributes
                0x000000000000065e       0x2c /usr/lib/gcc/arm-none-eabi/7.3.1/../../../arm-none-eabi/lib/thumb/v6-m/libc_nano.a(lib_a-nano-freer.o)
 .ARM.attributes
                0x000000000000068a       0x2c /usr/lib/gcc/arm-none-eabi/7.3.1/../../../arm-none-eabi/lib/thumb/v6-m/libc_nano.a(lib_a-nano-mallocr.o)
 .ARM.attributes
                0x00000000000006b6       0x2c /usr/lib/gcc/arm-none-eabi/7.3.1/../../../arm-none-eabi/lib/thumb/v6-m/libc_nano.a(lib_a-nano-reallocr.o)
 .ARM.attributes
                0x00000000000006e2       0x2c /usr/lib/gcc/arm-none-eabi/7.3.1/../../../arm-none-eabi/lib/thumb/v6-m/libc_nano.a(lib_a-sbrkr.o)
 .ARM.attributes
                0x000000000000070e       0x2c /usr/lib/gcc/arm-none-eabi/7.3.1/../../../arm-none-eabi/lib/thumb/v6-m/libc_nano.a(lib_a-mlock.o)
 .ARM.attributes
                0x000000000000073a       0x2c /usr/lib/gcc/arm-none-eabi/7.3.1/../../../arm-none-eabi/lib/thumb/v6-m/libc_nano.a(lib_a-nano-msizer.o)
 .ARM.attributes
                0x0000000000000766       0x2c /usr/lib/gcc/arm-none-eabi/7.3.1/../../../arm-none-eabi/lib/thumb/v6-m/libc_nano.a(lib_a-reent.o)
 .ARM.attributes
                0x0000000000000792       0x2c /usr/lib/gcc/arm-none-eabi/7.3.1/../../../arm-none-eabi/lib/thumb/v6-m/libnosys.a(sbrk.o)
 .ARM.attributes
                0x00000000000007be       0x1e /usr/lib/gcc/arm-none-eabi/7.3.1/thumb/v6-m/libgcc.a(_udivsi3.o)
 .ARM.attributes
                0x00000000000007dc       0x1e /usr/lib/gcc/arm-none-eabi/7.3.1/thumb/v6-m/libgcc.a(_dvmd_tls.o)
 .ARM.attributes
                0x00000000000007fa       0x1e /usr/lib/gcc/arm-none-eabi/7.3.1/thumb/v6-m/libgcc.a(_arm_cmpsf2.o)
 .ARM.attributes
                0x0000000000000818       0x2c /usr/lib/gcc/arm-none-eabi/7.3.1/thumb/v6-m/libgcc.a(_fixunssfsi.o)
 .ARM.attributes
                0x0000000000000844       0x2c /usr/lib/gcc/arm-none-eabi/7.3.1/thumb/v6-m/libgcc.a(addsf3.o)
 .ARM.attributes
                0x0000000000000870       0x2c /usr/lib/gcc/arm-none-eabi/7.3.1/thumb/v6-m/libgcc.a(divsf3.o)
 .ARM.attributes
                0x000000000000089c       0x2c /usr/lib/gcc/arm-none-eabi/7.3.1/thumb/v6-m/libgcc.a(eqsf2.o)
 .ARM.attributes
                0x00000000000008c8       0x2c /usr/lib/gcc/arm-none-eabi/7.3.1/thumb/v6-m/libgcc.a(gesf2.o)
 .ARM.attributes
                0x00000000000008f4       0x2c /usr/lib/gcc/arm-none-eabi/7.3.1/thumb/v6-m/libgcc.a(lesf2.o)
 .ARM.attributes
                0x0000000000000920       0x2c /usr/lib/gcc/arm-none-eabi/7.3.1/thumb/v6-m/libgcc.a(mulsf3.o)
 .ARM.attributes
                0x000000000000094c       0x2c /usr/lib/gcc/arm-none-eabi/7.3.1/thumb/v6-m/libgcc.a(subsf3.o)
 .ARM.attributes
                0x0000000000000978       0x2c /usr/lib/gcc/arm-none-eabi/7.3.1/thumb/v6-m/libgcc.a(fixsfsi.o)
 .ARM.attributes
                0x00000000000009a4       0x2c /usr/lib/gcc/arm-none-eabi/7.3.1/thumb/v6-m/libgcc.a(floatsisf.o)
 .ARM.attributes
                0x00000000000009d0       0x2c /usr/lib/gcc/arm-none-eabi/7.3.1/thumb/v6-m/libgcc.a(floatunsisf.o)
 .ARM.attributes
                0x00000000000009fc       0x2c /usr/lib/gcc/arm-none-eabi/7.3.1/thumb/v6-m/libgcc.a(adddf3.o)
 .ARM.attributes
                0x0000000000000a28       0x2c /usr/lib/gcc/arm-none-eabi/7.3.1/thumb/v6-m/libgcc.a(divdf3.o)
 .ARM.attributes
                0x0000000000000a54       0x2c /usr/lib/gcc/arm-none-eabi/7.3.1/thumb/v6-m/libgcc.a(muldf3.o)
 .ARM.attributes
                0x0000000000000a80       0x2c /usr/lib/gcc/arm-none-eabi/7.3.1/thumb/v6-m/libgcc.a(subdf3.o)
 .ARM.attributes
                0x0000000000000aac       0x2c /usr/lib/gcc/arm-none-eabi/7.3.1/thumb/v6-m/libgcc.a(floatsidf.o)
 .ARM.attributes
                0x0000000000000ad8       0x2c /usr/lib/gcc/arm-none-eabi/7.3.1/thumb/v6-m/libgcc.a(extendsfdf2.o)
 .ARM.attributes
                0x0000000000000b04       0x2c /usr/lib/gcc/arm-none-eabi/7.3.1/thumb/v6-m/libgcc.a(truncdfsf2.o)
 .ARM.attributes
                0x0000000000000b30       0x1e /usr/lib/gcc/arm-none-eabi/7.3.1/thumb/v6-m/libgcc.a(_clzsi2.o)
 .ARM.attributes
                0x0000000000000b4e       0x2c /usr/lib/gcc/arm-none-eabi/7.3.1/thumb/v6-m/crtend.o
 .ARM.attributes
                0x0000000000000b7a       0x1e /usr/lib/gcc/arm-none-eabi/7.3.1/thumb/v6-m/crtn.o
OUTPUT(build/firmware.elf elf32-littlearm)

.comment        0x0000000000000000       0xae
 .comment       0x0000000000000000       0x57 /usr/lib/gcc/arm-none-eabi/7.3.1/thumb/v6-m/crtbegin.o
                                         0x58 (size before relaxing)
 .comment       0x0000000000000057       0x58 build/stm32f0xx_it.o
 .comment       0x0000000000000057       0x58 build/stm32f0xx_hal_msp.o
 .comment       0x0000000000000057       0x58 build/stm32f0xx_hal_adc.o
 .comment       0x0000000000000057       0x58 build/stm32f0xx_hal_i2c.o
 .comment       0x0000000000000057       0x58 build/stm32f0xx_hal_i2c_ex.o
 .comment       0x0000000000000057       0x58 build/stm32f0xx_hal_iwdg.o
 .comment       0x0000000000000057       0x58 build/stm32f0xx_hal_tim.o
 .comment       0x0000000000000057       0x58 build/stm32f0xx_hal_tim_ex.o
 .comment       0x0000000000000057       0x58 build/stm32f0xx_hal_pcd.o
 .comment       0x0000000000000057       0x58 build/stm32f0xx_hal_rcc.o
 .comment       0x0000000000000057       0x58 build/stm32f0xx_hal_rcc_ex.o
 .comment       0x0000000000000057       0x58 build/stm32f0xx_hal.o
 .comment       0x0000000000000057       0x58 build/stm32f0xx_hal_gpio.o
 .comment       0x0000000000000057       0x58 build/stm32f0xx_hal_dma.o
 .comment       0x0000000000000057       0x58 build/stm32f0xx_hal_cortex.o
 .comment       0x0000000000000057       0x58 build/stm32f0xx_hal_flash.o
 .comment       0x0000000000000057       0x58 build/usbd_core.o
 .comment       0x0000000000000057       0x58 build/usbd_ctlreq.o
 .comment       0x0000000000000057       0x58 build/usbd_ioreq.o
 .comment       0x0000000000000057       0x58 build/usbd_cdc.o
 .comment       0x0000000000000057       0x58 build/usbd_conf.o
 .comment       0x0000000000000057       0x58 build/main.o
 .comment       0x0000000000000057       0x58 build/system_stm32f0xx.o
 .comment       0x0000000000000057       0x57 /usr/lib/gcc/arm-none-eabi/7.3.1/../../../arm-none-eabi/lib/thumb/v6-m/libc_nano.a(lib_a-impure.o)
                                         0x58 (size before relaxing)
 .comment       0x00000000000000ae       0x58 /usr/lib/gcc/arm-none-eabi/7.3.1/../../../arm-none-eabi/lib/thumb/v6-m/libc_nano.a(lib_a-init.o)
 .comment       0x00000000000000ae       0x58 /usr/lib/gcc/arm-none-eabi/7.3.1/../../../arm-none-eabi/lib/thumb/v6-m/libc_nano.a(lib_a-memcpy-stub.o)
 .comment       0x00000000000000ae       0x58 /usr/lib/gcc/arm-none-eabi/7.3.1/../../../arm-none-eabi/lib/thumb/v6-m/libc_nano.a(lib_a-memset.o)
 .comment       0x00000000000000ae       0x58 /usr/lib/gcc/arm-none-eabi/7.3.1/../../../arm-none-eabi/lib/thumb/v6-m/libc_nano.a(lib_a-sprintf.o)
 .comment       0x00000000000000ae       0x58 /usr/lib/gcc/arm-none-eabi/7.3.1/../../../arm-none-eabi/lib/thumb/v6-m/libc_nano.a(lib_a-nano-svfprintf.o)
 .comment       0x00000000000000ae       0x58 /usr/lib/gcc/arm-none-eabi/7.3.1/../../../arm-none-eabi/lib/thumb/v6-m/libc_nano.a(lib_a-nano-vfprintf_i.o)
 .comment       0x00000000000000ae       0x58 /usr/lib/gcc/arm-none-eabi/7.3.1/../../../arm-none-eabi/lib/thumb/v6-m/libc_nano.a(lib_a-memchr-stub.o)
 .comment       0x00000000000000ae       0x58 /usr/lib/gcc/arm-none-eabi/7.3.1/../../../arm-none-eabi/lib/thumb/v6-m/libc_nano.a(lib_a-memmove.o)
 .comment       0x00000000000000ae       0x58 /usr/lib/gcc/arm-none-eabi/7.3.1/../../../arm-none-eabi/lib/thumb/v6-m/libc_nano.a(lib_a-nano-freer.o)
 .comment       0x00000000000000ae       0x58 /usr/lib/gcc/arm-none-eabi/7.3.1/../../../arm-none-eabi/lib/thumb/v6-m/libc_nano.a(lib_a-nano-mallocr.o)
 .comment       0x00000000000000ae       0x58 /usr/lib/gcc/arm-none-eabi/7.3.1/../../../arm-none-eabi/lib/thumb/v6-m/libc_nano.a(lib_a-nano-reallocr.o)
 .comment       0x00000000000000ae       0x58 /usr/lib/gcc/arm-none-eabi/7.3.1/../../../arm-none-eabi/lib/thumb/v6-m/libc_nano.a(lib_a-sbrkr.o)
 .comment       0x00000000000000ae       0x58 /usr/lib/gcc/arm-none-eabi/7.3.1/../../../arm-none-eabi/lib/thumb/v6-m/libc_nano.a(lib_a-mlock.o)
 .comment       0x00000000000000ae       0x58 /usr/lib/gcc/arm-none-eabi/7.3.1/../../../arm-none-eabi/lib/thumb/v6-m/libc_nano.a(lib_a-nano-msizer.o)
 .comment       0x00000000000000ae       0x58 /usr/lib/gcc/arm-none-eabi/7.3.1/../../../arm-none-eabi/lib/thumb/v6-m/libc_nano.a(lib_a-reent.o)
 .comment       0x00000000000000ae       0x58 /usr/lib/gcc/arm-none-eabi/7.3.1/../../../arm-none-eabi/lib/thumb/v6-m/libnosys.a(sbrk.o)
 .comment       0x00000000000000ae       0x58 /usr/lib/gcc/arm-none-eabi/7.3.1/thumb/v6-m/libgcc.a(_fixunssfsi.o)
 .comment       0x00000000000000ae       0x58 /usr/lib/gcc/arm-none-eabi/7.3.1/thumb/v6-m/libgcc.a(addsf3.o)
 .comment       0x00000000000000ae       0x58 /usr/lib/gcc/arm-none-eabi/7.3.1/thumb/v6-m/libgcc.a(divsf3.o)
 .comment       0x00000000000000ae       0x58 /usr/lib/gcc/arm-none-eabi/7.3.1/thumb/v6-m/libgcc.a(eqsf2.o)
 .comment       0x00000000000000ae       0x58 /usr/lib/gcc/arm-none-eabi/7.3.1/thumb/v6-m/libgcc.a(gesf2.o)
 .comment       0x00000000000000ae       0x58 /usr/lib/gcc/arm-none-eabi/7.3.1/thumb/v6-m/libgcc.a(lesf2.o)
 .comment       0x00000000000000ae       0x58 /usr/lib/gcc/arm-none-eabi/7.3.1/thumb/v6-m/libgcc.a(mulsf3.o)
 .comment       0x00000000000000ae       0x58 /usr/lib/gcc/arm-none-eabi/7.3.1/thumb/v6-m/libgcc.a(subsf3.o)
 .comment       0x00000000000000ae       0x58 /usr/lib/gcc/arm-none-eabi/7.3.1/thumb/v6-m/libgcc.a(fixsfsi.o)
 .comment       0x00000000000000ae       0x58 /usr/lib/gcc/arm-none-eabi/7.3.1/thumb/v6-m/libgcc.a(floatsisf.o)
 .comment       0x00000000000000ae       0x58 /usr/lib/gcc/arm-none-eabi/7.3.1/thumb/v6-m/libgcc.a(floatunsisf.o)
 .comment       0x00000000000000ae       0x58 /usr/lib/gcc/arm-none-eabi/7.3.1/thumb/v6-m/libgcc.a(adddf3.o)
 .comment       0x00000000000000ae       0x58 /usr/lib/gcc/arm-none-eabi/7.3.1/thumb/v6-m/libgcc.a(divdf3.o)
 .comment       0x00000000000000ae       0x58 /usr/lib/gcc/arm-none-eabi/7.3.1/thumb/v6-m/libgcc.a(muldf3.o)
 .comment       0x00000000000000ae       0x58 /usr/lib/gcc/arm-none-eabi/7.3.1/thumb/v6-m/libgcc.a(subdf3.o)
 .comment       0x00000000000000ae       0x58 /usr/lib/gcc/arm-none-eabi/7.3.1/thumb/v6-m/libgcc.a(floatsidf.o)
 .comment       0x00000000000000ae       0x58 /usr/lib/gcc/arm-none-eabi/7.3.1/thumb/v6-m/libgcc.a(extendsfdf2.o)
 .comment       0x00000000000000ae       0x58 /usr/lib/gcc/arm-none-eabi/7.3.1/thumb/v6-m/libgcc.a(truncdfsf2.o)
 .comment       0x00000000000000ae       0x58 /usr/lib/gcc/arm-none-eabi/7.3.1/thumb/v6-m/crtend.o

.debug_info     0x0000000000000000    0x3573f
 .debug_info    0x0000000000000000     0x1c92 build/stm32f0xx_it.o
 .debug_info    0x0000000000001c92     0x2140 build/stm32f0xx_hal_msp.o
 .debug_info    0x0000000000003dd2     0x1869 build/stm32f0xx_hal_adc.o
 .debug_info    0x000000000000563b     0x3c56 build/stm32f0xx_hal_i2c.o
 .debug_info    0x0000000000009291     0x122f build/stm32f0xx_hal_i2c_ex.o
 .debug_info    0x000000000000a4c0      0xba1 build/stm32f0xx_hal_iwdg.o
 .debug_info    0x000000000000b061     0x3a93 build/stm32f0xx_hal_tim.o
 .debug_info    0x000000000000eaf4     0x1da3 build/stm32f0xx_hal_tim_ex.o
 .debug_info    0x0000000000010897     0x1d5f build/stm32f0xx_hal_pcd.o
 .debug_info    0x00000000000125f6     0x1315 build/stm32f0xx_hal_rcc.o
 .debug_info    0x000000000001390b     0x105e build/stm32f0xx_hal_rcc_ex.o
 .debug_info    0x0000000000014969     0x100a build/stm32f0xx_hal.o
 .debug_info    0x0000000000015973      0xfb7 build/stm32f0xx_hal_gpio.o
 .debug_info    0x000000000001692a     0x1183 build/stm32f0xx_hal_dma.o
 .debug_info    0x0000000000017aad     0x1142 build/stm32f0xx_hal_cortex.o
 .debug_info    0x0000000000018bef      0xfa3 build/stm32f0xx_hal_flash.o
 .debug_info    0x0000000000019b92     0x1646 build/usbd_core.o
 .debug_info    0x000000000001b1d8     0x1813 build/usbd_ctlreq.o
 .debug_info    0x000000000001c9eb     0x111d build/usbd_ioreq.o
 .debug_info    0x000000000001db08     0x170d build/usbd_cdc.o
 .debug_info    0x000000000001f215     0x2159 build/usbd_conf.o
 .debug_info    0x000000000002136e     0x37c6 build/main.o
 .debug_info    0x0000000000024b34      0xbb9 build/system_stm32f0xx.o
 .debug_info    0x00000000000256ed       0x22 build/startup_stm32f072xb.o
 .debug_info    0x000000000002570f      0x8a4 /usr/lib/gcc/arm-none-eabi/7.3.1/../../../arm-none-eabi/lib/thumb/v6-m/libc_nano.a(lib_a-impure.o)
 .debug_info    0x0000000000025fb3      0x109 /usr/lib/gcc/arm-none-eabi/7.3.1/../../../arm-none-eabi/lib/thumb/v6-m/libc_nano.a(lib_a-init.o)
 .debug_info    0x00000000000260bc      0xe36 /usr/lib/gcc/arm-none-eabi/7.3.1/../../../arm-none-eabi/lib/thumb/v6-m/libc_nano.a(lib_a-memcpy-stub.o)
 .debug_info    0x0000000000026ef2      0xe1d /usr/lib/gcc/arm-none-eabi/7.3.1/../../../arm-none-eabi/lib/thumb/v6-m/libc_nano.a(lib_a-memset.o)
 .debug_info    0x0000000000027d0f      0xbd2 /usr/lib/gcc/arm-none-eabi/7.3.1/../../../arm-none-eabi/lib/thumb/v6-m/libc_nano.a(lib_a-sprintf.o)
 .debug_info    0x00000000000288e1     0x1678 /usr/lib/gcc/arm-none-eabi/7.3.1/../../../arm-none-eabi/lib/thumb/v6-m/libc_nano.a(lib_a-nano-svfprintf.o)
 .debug_info    0x0000000000029f59     0x142b /usr/lib/gcc/arm-none-eabi/7.3.1/../../../arm-none-eabi/lib/thumb/v6-m/libc_nano.a(lib_a-nano-vfprintf_i.o)
 .debug_info    0x000000000002b384      0x934 /usr/lib/gcc/arm-none-eabi/7.3.1/../../../arm-none-eabi/lib/thumb/v6-m/libc_nano.a(lib_a-memchr-stub.o)
 .debug_info    0x000000000002bcb8      0xe2c /usr/lib/gcc/arm-none-eabi/7.3.1/../../../arm-none-eabi/lib/thumb/v6-m/libc_nano.a(lib_a-memmove.o)
 .debug_info    0x000000000002cae4      0xaba /usr/lib/gcc/arm-none-eabi/7.3.1/../../../arm-none-eabi/lib/thumb/v6-m/libc_nano.a(lib_a-nano-freer.o)
 .debug_info    0x000000000002d59e      0xb74 /usr/lib/gcc/arm-none-eabi/7.3.1/../../../arm-none-eabi/lib/thumb/v6-m/libc_nano.a(lib_a-nano-mallocr.o)
 .debug_info    0x000000000002e112      0xac5 /usr/lib/gcc/arm-none-eabi/7.3.1/../../../arm-none-eabi/lib/thumb/v6-m/libc_nano.a(lib_a-nano-reallocr.o)
 .debug_info    0x000000000002ebd7      0x95a /usr/lib/gcc/arm-none-eabi/7.3.1/../../../arm-none-eabi/lib/thumb/v6-m/libc_nano.a(lib_a-sbrkr.o)
 .debug_info    0x000000000002f531      0x8d7 /usr/lib/gcc/arm-none-eabi/7.3.1/../../../arm-none-eabi/lib/thumb/v6-m/libc_nano.a(lib_a-mlock.o)
 .debug_info    0x000000000002fe08      0x9fa /usr/lib/gcc/arm-none-eabi/7.3.1/../../../arm-none-eabi/lib/thumb/v6-m/libc_nano.a(lib_a-nano-msizer.o)
 .debug_info    0x0000000000030802      0xa75 /usr/lib/gcc/arm-none-eabi/7.3.1/../../../arm-none-eabi/lib/thumb/v6-m/libc_nano.a(lib_a-reent.o)
 .debug_info    0x0000000000031277       0x90 /usr/lib/gcc/arm-none-eabi/7.3.1/../../../arm-none-eabi/lib/thumb/v6-m/libnosys.a(sbrk.o)
 .debug_info    0x0000000000031307       0x26 /usr/lib/gcc/arm-none-eabi/7.3.1/thumb/v6-m/libgcc.a(_udivsi3.o)
 .debug_info    0x000000000003132d       0x26 /usr/lib/gcc/arm-none-eabi/7.3.1/thumb/v6-m/libgcc.a(_dvmd_tls.o)
 .debug_info    0x0000000000031353       0x26 /usr/lib/gcc/arm-none-eabi/7.3.1/thumb/v6-m/libgcc.a(_arm_cmpsf2.o)
 .debug_info    0x0000000000031379      0x9ad /usr/lib/gcc/arm-none-eabi/7.3.1/thumb/v6-m/libgcc.a(_fixunssfsi.o)
 .debug_info    0x0000000000031d26      0x31a /usr/lib/gcc/arm-none-eabi/7.3.1/thumb/v6-m/libgcc.a(addsf3.o)
 .debug_info    0x0000000000032040      0x316 /usr/lib/gcc/arm-none-eabi/7.3.1/thumb/v6-m/libgcc.a(divsf3.o)
 .debug_info    0x0000000000032356      0x231 /usr/lib/gcc/arm-none-eabi/7.3.1/thumb/v6-m/libgcc.a(eqsf2.o)
 .debug_info    0x0000000000032587      0x239 /usr/lib/gcc/arm-none-eabi/7.3.1/thumb/v6-m/libgcc.a(gesf2.o)
 .debug_info    0x00000000000327c0      0x235 /usr/lib/gcc/arm-none-eabi/7.3.1/thumb/v6-m/libgcc.a(lesf2.o)
 .debug_info    0x00000000000329f5      0x378 /usr/lib/gcc/arm-none-eabi/7.3.1/thumb/v6-m/libgcc.a(mulsf3.o)
 .debug_info    0x0000000000032d6d      0x31a /usr/lib/gcc/arm-none-eabi/7.3.1/thumb/v6-m/libgcc.a(subsf3.o)
 .debug_info    0x0000000000033087      0x1d0 /usr/lib/gcc/arm-none-eabi/7.3.1/thumb/v6-m/libgcc.a(fixsfsi.o)
 .debug_info    0x0000000000033257      0x238 /usr/lib/gcc/arm-none-eabi/7.3.1/thumb/v6-m/libgcc.a(floatsisf.o)
 .debug_info    0x000000000003348f      0x22c /usr/lib/gcc/arm-none-eabi/7.3.1/thumb/v6-m/libgcc.a(floatunsisf.o)
 .debug_info    0x00000000000336bb      0x56d /usr/lib/gcc/arm-none-eabi/7.3.1/thumb/v6-m/libgcc.a(adddf3.o)
 .debug_info    0x0000000000033c28      0x6c7 /usr/lib/gcc/arm-none-eabi/7.3.1/thumb/v6-m/libgcc.a(divdf3.o)
 .debug_info    0x00000000000342ef      0x6fa /usr/lib/gcc/arm-none-eabi/7.3.1/thumb/v6-m/libgcc.a(muldf3.o)
 .debug_info    0x00000000000349e9      0x565 /usr/lib/gcc/arm-none-eabi/7.3.1/thumb/v6-m/libgcc.a(subdf3.o)
 .debug_info    0x0000000000034f4e      0x2a7 /usr/lib/gcc/arm-none-eabi/7.3.1/thumb/v6-m/libgcc.a(floatsidf.o)
 .debug_info    0x00000000000351f5      0x285 /usr/lib/gcc/arm-none-eabi/7.3.1/thumb/v6-m/libgcc.a(extendsfdf2.o)
 .debug_info    0x000000000003547a      0x29f /usr/lib/gcc/arm-none-eabi/7.3.1/thumb/v6-m/libgcc.a(truncdfsf2.o)
 .debug_info    0x0000000000035719       0x26 /usr/lib/gcc/arm-none-eabi/7.3.1/thumb/v6-m/libgcc.a(_clzsi2.o)

.debug_abbrev   0x0000000000000000     0x7ac4
 .debug_abbrev  0x0000000000000000      0x257 build/stm32f0xx_it.o
 .debug_abbrev  0x0000000000000257      0x2cc build/stm32f0xx_hal_msp.o
 .debug_abbrev  0x0000000000000523      0x308 build/stm32f0xx_hal_adc.o
 .debug_abbrev  0x000000000000082b      0x329 build/stm32f0xx_hal_i2c.o
 .debug_abbrev  0x0000000000000b54      0x247 build/stm32f0xx_hal_i2c_ex.o
 .debug_abbrev  0x0000000000000d9b      0x21f build/stm32f0xx_hal_iwdg.o
 .debug_abbrev  0x0000000000000fba      0x310 build/stm32f0xx_hal_tim.o
 .debug_abbrev  0x00000000000012ca      0x2f8 build/stm32f0xx_hal_tim_ex.o
 .debug_abbrev  0x00000000000015c2      0x38d build/stm32f0xx_hal_pcd.o
 .debug_abbrev  0x000000000000194f      0x2e6 build/stm32f0xx_hal_rcc.o
 .debug_abbrev  0x0000000000001c35      0x2d5 build/stm32f0xx_hal_rcc_ex.o
 .debug_abbrev  0x0000000000001f0a      0x2d9 build/stm32f0xx_hal.o
 .debug_abbrev  0x00000000000021e3      0x2be build/stm32f0xx_hal_gpio.o
 .debug_abbrev  0x00000000000024a1      0x2dd build/stm32f0xx_hal_dma.o
 .debug_abbrev  0x000000000000277e      0x32e build/stm32f0xx_hal_cortex.o
 .debug_abbrev  0x0000000000002aac      0x33c build/stm32f0xx_hal_flash.o
 .debug_abbrev  0x0000000000002de8      0x2db build/usbd_core.o
 .debug_abbrev  0x00000000000030c3      0x31e build/usbd_ctlreq.o
 .debug_abbrev  0x00000000000033e1      0x1f0 build/usbd_ioreq.o
 .debug_abbrev  0x00000000000035d1      0x335 build/usbd_cdc.o
 .debug_abbrev  0x0000000000003906      0x35f build/usbd_conf.o
 .debug_abbrev  0x0000000000003c65      0x3be build/main.o
 .debug_abbrev  0x0000000000004023      0x22d build/system_stm32f0xx.o
 .debug_abbrev  0x0000000000004250       0x12 build/startup_stm32f072xb.o
 .debug_abbrev  0x0000000000004262      0x15c /usr/lib/gcc/arm-none-eabi/7.3.1/../../../arm-none-eabi/lib/thumb/v6-m/libc_nano.a(lib_a-impure.o)
 .debug_abbrev  0x00000000000043be       0xba /usr/lib/gcc/arm-none-eabi/7.3.1/../../../arm-none-eabi/lib/thumb/v6-m/libc_nano.a(lib_a-init.o)
 .debug_abbrev  0x0000000000004478      0x1b4 /usr/lib/gcc/arm-none-eabi/7.3.1/../../../arm-none-eabi/lib/thumb/v6-m/libc_nano.a(lib_a-memcpy-stub.o)
 .debug_abbrev  0x000000000000462c      0x1a8 /usr/lib/gcc/arm-none-eabi/7.3.1/../../../arm-none-eabi/lib/thumb/v6-m/libc_nano.a(lib_a-memset.o)
 .debug_abbrev  0x00000000000047d4      0x222 /usr/lib/gcc/arm-none-eabi/7.3.1/../../../arm-none-eabi/lib/thumb/v6-m/libc_nano.a(lib_a-sprintf.o)
 .debug_abbrev  0x00000000000049f6      0x2cc /usr/lib/gcc/arm-none-eabi/7.3.1/../../../arm-none-eabi/lib/thumb/v6-m/libc_nano.a(lib_a-nano-svfprintf.o)
 .debug_abbrev  0x0000000000004cc2      0x2b6 /usr/lib/gcc/arm-none-eabi/7.3.1/../../../arm-none-eabi/lib/thumb/v6-m/libc_nano.a(lib_a-nano-vfprintf_i.o)
 .debug_abbrev  0x0000000000004f78      0x1a5 /usr/lib/gcc/arm-none-eabi/7.3.1/../../../arm-none-eabi/lib/thumb/v6-m/libc_nano.a(lib_a-memchr-stub.o)
 .debug_abbrev  0x000000000000511d      0x1ad /usr/lib/gcc/arm-none-eabi/7.3.1/../../../arm-none-eabi/lib/thumb/v6-m/libc_nano.a(lib_a-memmove.o)
 .debug_abbrev  0x00000000000052ca      0x22f /usr/lib/gcc/arm-none-eabi/7.3.1/../../../arm-none-eabi/lib/thumb/v6-m/libc_nano.a(lib_a-nano-freer.o)
 .debug_abbrev  0x00000000000054f9      0x295 /usr/lib/gcc/arm-none-eabi/7.3.1/../../../arm-none-eabi/lib/thumb/v6-m/libc_nano.a(lib_a-nano-mallocr.o)
 .debug_abbrev  0x000000000000578e      0x1e9 /usr/lib/gcc/arm-none-eabi/7.3.1/../../../arm-none-eabi/lib/thumb/v6-m/libc_nano.a(lib_a-nano-reallocr.o)
 .debug_abbrev  0x0000000000005977      0x1df /usr/lib/gcc/arm-none-eabi/7.3.1/../../../arm-none-eabi/lib/thumb/v6-m/libc_nano.a(lib_a-sbrkr.o)
 .debug_abbrev  0x0000000000005b56      0x1a1 /usr/lib/gcc/arm-none-eabi/7.3.1/../../../arm-none-eabi/lib/thumb/v6-m/libc_nano.a(lib_a-mlock.o)
 .debug_abbrev  0x0000000000005cf7      0x1b4 /usr/lib/gcc/arm-none-eabi/7.3.1/../../../arm-none-eabi/lib/thumb/v6-m/libc_nano.a(lib_a-nano-msizer.o)
 .debug_abbrev  0x0000000000005eab      0x22e /usr/lib/gcc/arm-none-eabi/7.3.1/../../../arm-none-eabi/lib/thumb/v6-m/libc_nano.a(lib_a-reent.o)
 .debug_abbrev  0x00000000000060d9       0x92 /usr/lib/gcc/arm-none-eabi/7.3.1/../../../arm-none-eabi/lib/thumb/v6-m/libnosys.a(sbrk.o)
 .debug_abbrev  0x000000000000616b       0x14 /usr/lib/gcc/arm-none-eabi/7.3.1/thumb/v6-m/libgcc.a(_udivsi3.o)
 .debug_abbrev  0x000000000000617f       0x14 /usr/lib/gcc/arm-none-eabi/7.3.1/thumb/v6-m/libgcc.a(_dvmd_tls.o)
 .debug_abbrev  0x0000000000006193       0x14 /usr/lib/gcc/arm-none-eabi/7.3.1/thumb/v6-m/libgcc.a(_arm_cmpsf2.o)
 .debug_abbrev  0x00000000000061a7      0x126 /usr/lib/gcc/arm-none-eabi/7.3.1/thumb/v6-m/libgcc.a(_fixunssfsi.o)
 .debug_abbrev  0x00000000000062cd      0x176 /usr/lib/gcc/arm-none-eabi/7.3.1/thumb/v6-m/libgcc.a(addsf3.o)
 .debug_abbrev  0x0000000000006443      0x155 /usr/lib/gcc/arm-none-eabi/7.3.1/thumb/v6-m/libgcc.a(divsf3.o)
 .debug_abbrev  0x0000000000006598      0x160 /usr/lib/gcc/arm-none-eabi/7.3.1/thumb/v6-m/libgcc.a(eqsf2.o)
 .debug_abbrev  0x00000000000066f8      0x157 /usr/lib/gcc/arm-none-eabi/7.3.1/thumb/v6-m/libgcc.a(gesf2.o)
 .debug_abbrev  0x000000000000684f      0x157 /usr/lib/gcc/arm-none-eabi/7.3.1/thumb/v6-m/libgcc.a(lesf2.o)
 .debug_abbrev  0x00000000000069a6      0x15c /usr/lib/gcc/arm-none-eabi/7.3.1/thumb/v6-m/libgcc.a(mulsf3.o)
 .debug_abbrev  0x0000000000006b02      0x176 /usr/lib/gcc/arm-none-eabi/7.3.1/thumb/v6-m/libgcc.a(subsf3.o)
 .debug_abbrev  0x0000000000006c78      0x159 /usr/lib/gcc/arm-none-eabi/7.3.1/thumb/v6-m/libgcc.a(fixsfsi.o)
 .debug_abbrev  0x0000000000006dd1      0x16f /usr/lib/gcc/arm-none-eabi/7.3.1/thumb/v6-m/libgcc.a(floatsisf.o)
 .debug_abbrev  0x0000000000006f40      0x16f /usr/lib/gcc/arm-none-eabi/7.3.1/thumb/v6-m/libgcc.a(floatunsisf.o)
 .debug_abbrev  0x00000000000070af      0x17d /usr/lib/gcc/arm-none-eabi/7.3.1/thumb/v6-m/libgcc.a(adddf3.o)
 .debug_abbrev  0x000000000000722c      0x170 /usr/lib/gcc/arm-none-eabi/7.3.1/thumb/v6-m/libgcc.a(divdf3.o)
 .debug_abbrev  0x000000000000739c      0x177 /usr/lib/gcc/arm-none-eabi/7.3.1/thumb/v6-m/libgcc.a(muldf3.o)
 .debug_abbrev  0x0000000000007513      0x17d /usr/lib/gcc/arm-none-eabi/7.3.1/thumb/v6-m/libgcc.a(subdf3.o)
 .debug_abbrev  0x0000000000007690      0x16c /usr/lib/gcc/arm-none-eabi/7.3.1/thumb/v6-m/libgcc.a(floatsidf.o)
 .debug_abbrev  0x00000000000077fc      0x15d /usr/lib/gcc/arm-none-eabi/7.3.1/thumb/v6-m/libgcc.a(extendsfdf2.o)
 .debug_abbrev  0x0000000000007959      0x157 /usr/lib/gcc/arm-none-eabi/7.3.1/thumb/v6-m/libgcc.a(truncdfsf2.o)
 .debug_abbrev  0x0000000000007ab0       0x14 /usr/lib/gcc/arm-none-eabi/7.3.1/thumb/v6-m/libgcc.a(_clzsi2.o)

.debug_loc      0x0000000000000000    0x1d3c2
 .debug_loc     0x0000000000000000       0xe0 build/stm32f0xx_it.o
 .debug_loc     0x00000000000000e0      0x305 build/stm32f0xx_hal_msp.o
 .debug_loc     0x00000000000003e5      0xeaa build/stm32f0xx_hal_adc.o
 .debug_loc     0x000000000000128f     0x4240 build/stm32f0xx_hal_i2c.o
 .debug_loc     0x00000000000054cf      0x305 build/stm32f0xx_hal_i2c_ex.o
 .debug_loc     0x00000000000057d4       0x96 build/stm32f0xx_hal_iwdg.o
 .debug_loc     0x000000000000586a     0x416b build/stm32f0xx_hal_tim.o
 .debug_loc     0x00000000000099d5     0x167a build/stm32f0xx_hal_tim_ex.o
 .debug_loc     0x000000000000b04f     0x1408 build/stm32f0xx_hal_pcd.o
 .debug_loc     0x000000000000c457      0x5d5 build/stm32f0xx_hal_rcc.o
 .debug_loc     0x000000000000ca2c      0x857 build/stm32f0xx_hal_rcc_ex.o
 .debug_loc     0x000000000000d283      0x108 build/stm32f0xx_hal.o
 .debug_loc     0x000000000000d38b      0x3a2 build/stm32f0xx_hal_gpio.o
 .debug_loc     0x000000000000d72d      0x95a build/stm32f0xx_hal_dma.o
 .debug_loc     0x000000000000e087      0x3d3 build/stm32f0xx_hal_cortex.o
 .debug_loc     0x000000000000e45a      0x420 build/stm32f0xx_hal_flash.o
 .debug_loc     0x000000000000e87a      0x8c4 build/usbd_core.o
 .debug_loc     0x000000000000f13e      0xc9d build/usbd_ctlreq.o
 .debug_loc     0x000000000000fddb      0x31c build/usbd_ioreq.o
 .debug_loc     0x00000000000100f7      0x649 build/usbd_cdc.o
 .debug_loc     0x0000000000010740      0x9b5 build/usbd_conf.o
 .debug_loc     0x00000000000110f5      0x73e build/main.o
 .debug_loc     0x0000000000011833      0x18f build/system_stm32f0xx.o
 .debug_loc     0x00000000000119c2       0x84 /usr/lib/gcc/arm-none-eabi/7.3.1/../../../arm-none-eabi/lib/thumb/v6-m/libc_nano.a(lib_a-init.o)
 .debug_loc     0x0000000000011a46      0x33b /usr/lib/gcc/arm-none-eabi/7.3.1/../../../arm-none-eabi/lib/thumb/v6-m/libc_nano.a(lib_a-memcpy-stub.o)
 .debug_loc     0x0000000000011d81      0x1a5 /usr/lib/gcc/arm-none-eabi/7.3.1/../../../arm-none-eabi/lib/thumb/v6-m/libc_nano.a(lib_a-memset.o)
 .debug_loc     0x0000000000011f26       0x95 /usr/lib/gcc/arm-none-eabi/7.3.1/../../../arm-none-eabi/lib/thumb/v6-m/libc_nano.a(lib_a-sprintf.o)
 .debug_loc     0x0000000000011fbb      0x875 /usr/lib/gcc/arm-none-eabi/7.3.1/../../../arm-none-eabi/lib/thumb/v6-m/libc_nano.a(lib_a-nano-svfprintf.o)
 .debug_loc     0x0000000000012830      0x6b6 /usr/lib/gcc/arm-none-eabi/7.3.1/../../../arm-none-eabi/lib/thumb/v6-m/libc_nano.a(lib_a-nano-vfprintf_i.o)
 .debug_loc     0x0000000000012ee6      0x17d /usr/lib/gcc/arm-none-eabi/7.3.1/../../../arm-none-eabi/lib/thumb/v6-m/libc_nano.a(lib_a-memchr-stub.o)
 .debug_loc     0x0000000000013063      0x397 /usr/lib/gcc/arm-none-eabi/7.3.1/../../../arm-none-eabi/lib/thumb/v6-m/libc_nano.a(lib_a-memmove.o)
 .debug_loc     0x00000000000133fa      0x15a /usr/lib/gcc/arm-none-eabi/7.3.1/../../../arm-none-eabi/lib/thumb/v6-m/libc_nano.a(lib_a-nano-freer.o)
 .debug_loc     0x0000000000013554      0x1f7 /usr/lib/gcc/arm-none-eabi/7.3.1/../../../arm-none-eabi/lib/thumb/v6-m/libc_nano.a(lib_a-nano-mallocr.o)
 .debug_loc     0x000000000001374b      0x147 /usr/lib/gcc/arm-none-eabi/7.3.1/../../../arm-none-eabi/lib/thumb/v6-m/libc_nano.a(lib_a-nano-reallocr.o)
 .debug_loc     0x0000000000013892       0x58 /usr/lib/gcc/arm-none-eabi/7.3.1/../../../arm-none-eabi/lib/thumb/v6-m/libc_nano.a(lib_a-sbrkr.o)
 .debug_loc     0x00000000000138ea       0xa7 /usr/lib/gcc/arm-none-eabi/7.3.1/../../../arm-none-eabi/lib/thumb/v6-m/libc_nano.a(lib_a-nano-msizer.o)
 .debug_loc     0x0000000000013991       0xf7 /usr/lib/gcc/arm-none-eabi/7.3.1/../../../arm-none-eabi/lib/thumb/v6-m/libc_nano.a(lib_a-reent.o)
 .debug_loc     0x0000000000013a88       0x38 /usr/lib/gcc/arm-none-eabi/7.3.1/../../../arm-none-eabi/lib/thumb/v6-m/libnosys.a(sbrk.o)
 .debug_loc     0x0000000000013ac0       0x39 /usr/lib/gcc/arm-none-eabi/7.3.1/thumb/v6-m/libgcc.a(_fixunssfsi.o)
 .debug_loc     0x0000000000013af9      0xd21 /usr/lib/gcc/arm-none-eabi/7.3.1/thumb/v6-m/libgcc.a(addsf3.o)
 .debug_loc     0x000000000001481a      0x7fd /usr/lib/gcc/arm-none-eabi/7.3.1/thumb/v6-m/libgcc.a(divsf3.o)
 .debug_loc     0x0000000000015017      0x123 /usr/lib/gcc/arm-none-eabi/7.3.1/thumb/v6-m/libgcc.a(eqsf2.o)
 .debug_loc     0x000000000001513a      0x2d6 /usr/lib/gcc/arm-none-eabi/7.3.1/thumb/v6-m/libgcc.a(gesf2.o)
 .debug_loc     0x0000000000015410      0x1ba /usr/lib/gcc/arm-none-eabi/7.3.1/thumb/v6-m/libgcc.a(lesf2.o)
 .debug_loc     0x00000000000155ca      0x916 /usr/lib/gcc/arm-none-eabi/7.3.1/thumb/v6-m/libgcc.a(mulsf3.o)
 .debug_loc     0x0000000000015ee0      0xe0e /usr/lib/gcc/arm-none-eabi/7.3.1/thumb/v6-m/libgcc.a(subsf3.o)
 .debug_loc     0x0000000000016cee       0xb3 /usr/lib/gcc/arm-none-eabi/7.3.1/thumb/v6-m/libgcc.a(fixsfsi.o)
 .debug_loc     0x0000000000016da1      0x209 /usr/lib/gcc/arm-none-eabi/7.3.1/thumb/v6-m/libgcc.a(floatsisf.o)
 .debug_loc     0x0000000000016faa      0x20a /usr/lib/gcc/arm-none-eabi/7.3.1/thumb/v6-m/libgcc.a(floatunsisf.o)
 .debug_loc     0x00000000000171b4     0x174c /usr/lib/gcc/arm-none-eabi/7.3.1/thumb/v6-m/libgcc.a(adddf3.o)
 .debug_loc     0x0000000000018900     0x1d96 /usr/lib/gcc/arm-none-eabi/7.3.1/thumb/v6-m/libgcc.a(divdf3.o)
 .debug_loc     0x000000000001a696     0x107a /usr/lib/gcc/arm-none-eabi/7.3.1/thumb/v6-m/libgcc.a(muldf3.o)
 .debug_loc     0x000000000001b710     0x14b0 /usr/lib/gcc/arm-none-eabi/7.3.1/thumb/v6-m/libgcc.a(subdf3.o)
 .debug_loc     0x000000000001cbc0      0x232 /usr/lib/gcc/arm-none-eabi/7.3.1/thumb/v6-m/libgcc.a(floatsidf.o)
 .debug_loc     0x000000000001cdf2      0x29b /usr/lib/gcc/arm-none-eabi/7.3.1/thumb/v6-m/libgcc.a(extendsfdf2.o)
 .debug_loc     0x000000000001d08d      0x335 /usr/lib/gcc/arm-none-eabi/7.3.1/thumb/v6-m/libgcc.a(truncdfsf2.o)

.debug_aranges  0x0000000000000000     0x1728
 .debug_aranges
                0x0000000000000000       0x70 build/stm32f0xx_it.o
 .debug_aranges
                0x0000000000000070       0x58 build/stm32f0xx_hal_msp.o
 .debug_aranges
                0x00000000000000c8       0xf8 build/stm32f0xx_hal_adc.o
 .debug_aranges
                0x00000000000001c0      0x260 build/stm32f0xx_hal_i2c.o
 .debug_aranges
                0x0000000000000420       0x48 build/stm32f0xx_hal_i2c_ex.o
 .debug_aranges
                0x0000000000000468       0x28 build/stm32f0xx_hal_iwdg.o
 .debug_aranges
                0x0000000000000490      0x378 build/stm32f0xx_hal_tim.o
 .debug_aranges
                0x0000000000000808      0x148 build/stm32f0xx_hal_tim_ex.o
 .debug_aranges
                0x0000000000000950      0x130 build/stm32f0xx_hal_pcd.o
 .debug_aranges
                0x0000000000000a80       0x80 build/stm32f0xx_hal_rcc.o
 .debug_aranges
                0x0000000000000b00       0x78 build/stm32f0xx_hal_rcc_ex.o
 .debug_aranges
                0x0000000000000b78       0xb8 build/stm32f0xx_hal.o
 .debug_aranges
                0x0000000000000c30       0x58 build/stm32f0xx_hal_gpio.o
 .debug_aranges
                0x0000000000000c88       0x88 build/stm32f0xx_hal_dma.o
 .debug_aranges
                0x0000000000000d10       0x78 build/stm32f0xx_hal_cortex.o
 .debug_aranges
                0x0000000000000d88       0x88 build/stm32f0xx_hal_flash.o
 .debug_aranges
                0x0000000000000e10       0xb8 build/usbd_core.o
 .debug_aranges
                0x0000000000000ec8       0x88 build/usbd_ctlreq.o
 .debug_aranges
                0x0000000000000f50       0x50 build/usbd_ioreq.o
 .debug_aranges
                0x0000000000000fa0       0x90 build/usbd_cdc.o
 .debug_aranges
                0x0000000000001030      0x108 build/usbd_conf.o
 .debug_aranges
                0x0000000000001138       0xc8 build/main.o
 .debug_aranges
                0x0000000000001200       0x28 build/system_stm32f0xx.o
 .debug_aranges
                0x0000000000001228       0x28 build/startup_stm32f072xb.o
 .debug_aranges
                0x0000000000001250       0x18 /usr/lib/gcc/arm-none-eabi/7.3.1/../../../arm-none-eabi/lib/thumb/v6-m/libc_nano.a(lib_a-impure.o)
 .debug_aranges
                0x0000000000001268       0x20 /usr/lib/gcc/arm-none-eabi/7.3.1/../../../arm-none-eabi/lib/thumb/v6-m/libc_nano.a(lib_a-init.o)
 .debug_aranges
                0x0000000000001288       0x20 /usr/lib/gcc/arm-none-eabi/7.3.1/../../../arm-none-eabi/lib/thumb/v6-m/libc_nano.a(lib_a-memcpy-stub.o)
 .debug_aranges
                0x00000000000012a8       0x20 /usr/lib/gcc/arm-none-eabi/7.3.1/../../../arm-none-eabi/lib/thumb/v6-m/libc_nano.a(lib_a-memset.o)
 .debug_aranges
                0x00000000000012c8       0x20 /usr/lib/gcc/arm-none-eabi/7.3.1/../../../arm-none-eabi/lib/thumb/v6-m/libc_nano.a(lib_a-sprintf.o)
 .debug_aranges
                0x00000000000012e8       0x20 /usr/lib/gcc/arm-none-eabi/7.3.1/../../../arm-none-eabi/lib/thumb/v6-m/libc_nano.a(lib_a-nano-svfprintf.o)
 .debug_aranges
                0x0000000000001308       0x20 /usr/lib/gcc/arm-none-eabi/7.3.1/../../../arm-none-eabi/lib/thumb/v6-m/libc_nano.a(lib_a-nano-vfprintf_i.o)
 .debug_aranges
                0x0000000000001328       0x20 /usr/lib/gcc/arm-none-eabi/7.3.1/../../../arm-none-eabi/lib/thumb/v6-m/libc_nano.a(lib_a-memchr-stub.o)
 .debug_aranges
                0x0000000000001348       0x20 /usr/lib/gcc/arm-none-eabi/7.3.1/../../../arm-none-eabi/lib/thumb/v6-m/libc_nano.a(lib_a-memmove.o)
 .debug_aranges
                0x0000000000001368       0x20 /usr/lib/gcc/arm-none-eabi/7.3.1/../../../arm-none-eabi/lib/thumb/v6-m/libc_nano.a(lib_a-nano-freer.o)
 .debug_aranges
                0x0000000000001388       0x20 /usr/lib/gcc/arm-none-eabi/7.3.1/../../../arm-none-eabi/lib/thumb/v6-m/libc_nano.a(lib_a-nano-mallocr.o)
 .debug_aranges
                0x00000000000013a8       0x20 /usr/lib/gcc/arm-none-eabi/7.3.1/../../../arm-none-eabi/lib/thumb/v6-m/libc_nano.a(lib_a-nano-reallocr.o)
 .debug_aranges
                0x00000000000013c8       0x20 /usr/lib/gcc/arm-none-eabi/7.3.1/../../../arm-none-eabi/lib/thumb/v6-m/libc_nano.a(lib_a-sbrkr.o)
 .debug_aranges
                0x00000000000013e8       0x20 /usr/lib/gcc/arm-none-eabi/7.3.1/../../../arm-none-eabi/lib/thumb/v6-m/libc_nano.a(lib_a-mlock.o)
 .debug_aranges
                0x0000000000001408       0x20 /usr/lib/gcc/arm-none-eabi/7.3.1/../../../arm-none-eabi/lib/thumb/v6-m/libc_nano.a(lib_a-nano-msizer.o)
 .debug_aranges
                0x0000000000001428       0x20 /usr/lib/gcc/arm-none-eabi/7.3.1/../../../arm-none-eabi/lib/thumb/v6-m/libc_nano.a(lib_a-reent.o)
 .debug_aranges
                0x0000000000001448       0x20 /usr/lib/gcc/arm-none-eabi/7.3.1/../../../arm-none-eabi/lib/thumb/v6-m/libnosys.a(sbrk.o)
 .debug_aranges
                0x0000000000001468       0x20 /usr/lib/gcc/arm-none-eabi/7.3.1/thumb/v6-m/libgcc.a(_udivsi3.o)
 .debug_aranges
                0x0000000000001488       0x20 /usr/lib/gcc/arm-none-eabi/7.3.1/thumb/v6-m/libgcc.a(_dvmd_tls.o)
 .debug_aranges
                0x00000000000014a8       0x20 /usr/lib/gcc/arm-none-eabi/7.3.1/thumb/v6-m/libgcc.a(_arm_cmpsf2.o)
 .debug_aranges
                0x00000000000014c8       0x20 /usr/lib/gcc/arm-none-eabi/7.3.1/thumb/v6-m/libgcc.a(_fixunssfsi.o)
 .debug_aranges
                0x00000000000014e8       0x20 /usr/lib/gcc/arm-none-eabi/7.3.1/thumb/v6-m/libgcc.a(addsf3.o)
 .debug_aranges
                0x0000000000001508       0x20 /usr/lib/gcc/arm-none-eabi/7.3.1/thumb/v6-m/libgcc.a(divsf3.o)
 .debug_aranges
                0x0000000000001528       0x20 /usr/lib/gcc/arm-none-eabi/7.3.1/thumb/v6-m/libgcc.a(eqsf2.o)
 .debug_aranges
                0x0000000000001548       0x20 /usr/lib/gcc/arm-none-eabi/7.3.1/thumb/v6-m/libgcc.a(gesf2.o)
 .debug_aranges
                0x0000000000001568       0x20 /usr/lib/gcc/arm-none-eabi/7.3.1/thumb/v6-m/libgcc.a(lesf2.o)
 .debug_aranges
                0x0000000000001588       0x20 /usr/lib/gcc/arm-none-eabi/7.3.1/thumb/v6-m/libgcc.a(mulsf3.o)
 .debug_aranges
                0x00000000000015a8       0x20 /usr/lib/gcc/arm-none-eabi/7.3.1/thumb/v6-m/libgcc.a(subsf3.o)
 .debug_aranges
                0x00000000000015c8       0x20 /usr/lib/gcc/arm-none-eabi/7.3.1/thumb/v6-m/libgcc.a(fixsfsi.o)
 .debug_aranges
                0x00000000000015e8       0x20 /usr/lib/gcc/arm-none-eabi/7.3.1/thumb/v6-m/libgcc.a(floatsisf.o)
 .debug_aranges
                0x0000000000001608       0x20 /usr/lib/gcc/arm-none-eabi/7.3.1/thumb/v6-m/libgcc.a(floatunsisf.o)
 .debug_aranges
                0x0000000000001628       0x20 /usr/lib/gcc/arm-none-eabi/7.3.1/thumb/v6-m/libgcc.a(adddf3.o)
 .debug_aranges
                0x0000000000001648       0x20 /usr/lib/gcc/arm-none-eabi/7.3.1/thumb/v6-m/libgcc.a(divdf3.o)
 .debug_aranges
                0x0000000000001668       0x20 /usr/lib/gcc/arm-none-eabi/7.3.1/thumb/v6-m/libgcc.a(muldf3.o)
 .debug_aranges
                0x0000000000001688       0x20 /usr/lib/gcc/arm-none-eabi/7.3.1/thumb/v6-m/libgcc.a(subdf3.o)
 .debug_aranges
                0x00000000000016a8       0x20 /usr/lib/gcc/arm-none-eabi/7.3.1/thumb/v6-m/libgcc.a(floatsidf.o)
 .debug_aranges
                0x00000000000016c8       0x20 /usr/lib/gcc/arm-none-eabi/7.3.1/thumb/v6-m/libgcc.a(extendsfdf2.o)
 .debug_aranges
                0x00000000000016e8       0x20 /usr/lib/gcc/arm-none-eabi/7.3.1/thumb/v6-m/libgcc.a(truncdfsf2.o)
 .debug_aranges
                0x0000000000001708       0x20 /usr/lib/gcc/arm-none-eabi/7.3.1/thumb/v6-m/libgcc.a(_clzsi2.o)

.debug_ranges   0x0000000000000000     0x2058
 .debug_ranges  0x0000000000000000       0x60 build/stm32f0xx_it.o
 .debug_ranges  0x0000000000000060       0x48 build/stm32f0xx_hal_msp.o
 .debug_ranges  0x00000000000000a8       0xe8 build/stm32f0xx_hal_adc.o
 .debug_ranges  0x0000000000000190      0x250 build/stm32f0xx_hal_i2c.o
 .debug_ranges  0x00000000000003e0       0x38 build/stm32f0xx_hal_i2c_ex.o
 .debug_ranges  0x0000000000000418       0x18 build/stm32f0xx_hal_iwdg.o
 .debug_ranges  0x0000000000000430      0x368 build/stm32f0xx_hal_tim.o
 .debug_ranges  0x0000000000000798      0x138 build/stm32f0xx_hal_tim_ex.o
 .debug_ranges  0x00000000000008d0      0x210 build/stm32f0xx_hal_pcd.o
 .debug_ranges  0x0000000000000ae0       0x88 build/stm32f0xx_hal_rcc.o
 .debug_ranges  0x0000000000000b68       0x80 build/stm32f0xx_hal_rcc_ex.o
 .debug_ranges  0x0000000000000be8       0xa8 build/stm32f0xx_hal.o
 .debug_ranges  0x0000000000000c90       0x48 build/stm32f0xx_hal_gpio.o
 .debug_ranges  0x0000000000000cd8       0x78 build/stm32f0xx_hal_dma.o
 .debug_ranges  0x0000000000000d50       0xb0 build/stm32f0xx_hal_cortex.o
 .debug_ranges  0x0000000000000e00       0x78 build/stm32f0xx_hal_flash.o
 .debug_ranges  0x0000000000000e78       0xa8 build/usbd_core.o
 .debug_ranges  0x0000000000000f20       0x78 build/usbd_ctlreq.o
 .debug_ranges  0x0000000000000f98       0x40 build/usbd_ioreq.o
 .debug_ranges  0x0000000000000fd8       0x80 build/usbd_cdc.o
 .debug_ranges  0x0000000000001058       0xf8 build/usbd_conf.o
 .debug_ranges  0x0000000000001150      0x100 build/main.o
 .debug_ranges  0x0000000000001250       0x18 build/system_stm32f0xx.o
 .debug_ranges  0x0000000000001268       0x20 build/startup_stm32f072xb.o
 .debug_ranges  0x0000000000001288       0x48 /usr/lib/gcc/arm-none-eabi/7.3.1/../../../arm-none-eabi/lib/thumb/v6-m/libc_nano.a(lib_a-nano-svfprintf.o)
 .debug_ranges  0x00000000000012d0       0x80 /usr/lib/gcc/arm-none-eabi/7.3.1/../../../arm-none-eabi/lib/thumb/v6-m/libc_nano.a(lib_a-nano-vfprintf_i.o)
 .debug_ranges  0x0000000000001350       0x18 /usr/lib/gcc/arm-none-eabi/7.3.1/../../../arm-none-eabi/lib/thumb/v6-m/libc_nano.a(lib_a-nano-freer.o)
 .debug_ranges  0x0000000000001368       0x40 /usr/lib/gcc/arm-none-eabi/7.3.1/../../../arm-none-eabi/lib/thumb/v6-m/libc_nano.a(lib_a-nano-mallocr.o)
 .debug_ranges  0x00000000000013a8      0x160 /usr/lib/gcc/arm-none-eabi/7.3.1/thumb/v6-m/libgcc.a(addsf3.o)
 .debug_ranges  0x0000000000001508       0x48 /usr/lib/gcc/arm-none-eabi/7.3.1/thumb/v6-m/libgcc.a(divsf3.o)
 .debug_ranges  0x0000000000001550       0x18 /usr/lib/gcc/arm-none-eabi/7.3.1/thumb/v6-m/libgcc.a(eqsf2.o)
 .debug_ranges  0x0000000000001568       0x58 /usr/lib/gcc/arm-none-eabi/7.3.1/thumb/v6-m/libgcc.a(gesf2.o)
 .debug_ranges  0x00000000000015c0       0x60 /usr/lib/gcc/arm-none-eabi/7.3.1/thumb/v6-m/libgcc.a(lesf2.o)
 .debug_ranges  0x0000000000001620       0x68 /usr/lib/gcc/arm-none-eabi/7.3.1/thumb/v6-m/libgcc.a(mulsf3.o)
 .debug_ranges  0x0000000000001688      0x168 /usr/lib/gcc/arm-none-eabi/7.3.1/thumb/v6-m/libgcc.a(subsf3.o)
 .debug_ranges  0x00000000000017f0       0x18 /usr/lib/gcc/arm-none-eabi/7.3.1/thumb/v6-m/libgcc.a(fixsfsi.o)
 .debug_ranges  0x0000000000001808       0x18 /usr/lib/gcc/arm-none-eabi/7.3.1/thumb/v6-m/libgcc.a(floatsisf.o)
 .debug_ranges  0x0000000000001820       0x18 /usr/lib/gcc/arm-none-eabi/7.3.1/thumb/v6-m/libgcc.a(floatunsisf.o)
 .debug_ranges  0x0000000000001838      0x208 /usr/lib/gcc/arm-none-eabi/7.3.1/thumb/v6-m/libgcc.a(adddf3.o)
 .debug_ranges  0x0000000000001a40      0x198 /usr/lib/gcc/arm-none-eabi/7.3.1/thumb/v6-m/libgcc.a(divdf3.o)
 .debug_ranges  0x0000000000001bd8      0x1e8 /usr/lib/gcc/arm-none-eabi/7.3.1/thumb/v6-m/libgcc.a(muldf3.o)
 .debug_ranges  0x0000000000001dc0      0x218 /usr/lib/gcc/arm-none-eabi/7.3.1/thumb/v6-m/libgcc.a(subdf3.o)
 .debug_ranges  0x0000000000001fd8       0x30 /usr/lib/gcc/arm-none-eabi/7.3.1/thumb/v6-m/libgcc.a(floatsidf.o)
 .debug_ranges  0x0000000000002008       0x18 /usr/lib/gcc/arm-none-eabi/7.3.1/thumb/v6-m/libgcc.a(extendsfdf2.o)
 .debug_ranges  0x0000000000002020       0x38 /usr/lib/gcc/arm-none-eabi/7.3.1/thumb/v6-m/libgcc.a(truncdfsf2.o)

.debug_line     0x0000000000000000     0xbbba
 .debug_line    0x0000000000000000      0x360 build/stm32f0xx_it.o
 .debug_line    0x0000000000000360      0x3cb build/stm32f0xx_hal_msp.o
 .debug_line    0x000000000000072b      0x728 build/stm32f0xx_hal_adc.o
 .debug_line    0x0000000000000e53     0x130c build/stm32f0xx_hal_i2c.o